Archive member included to satisfy reference by file (symbol)

D:/STM32CubeIDE/STM32CubeIDE_1.16.0/STM32CubeIDE/plugins/com.st.stm32cube.ide.mcu.externaltools.gnu-tools-for-stm32.12.3.rel1.win32_1.0.200.202406191623/tools/bin/../lib/gcc/arm-none-eabi/12.3.1/../../../../arm-none-eabi/lib/thumb/v7e-m+dp/hard\libc_nano.a(libc_a-exit.o)
                              D:/STM32CubeIDE/STM32CubeIDE_1.16.0/STM32CubeIDE/plugins/com.st.stm32cube.ide.mcu.externaltools.gnu-tools-for-stm32.12.3.rel1.win32_1.0.200.202406191623/tools/bin/../lib/gcc/arm-none-eabi/12.3.1/../../../../arm-none-eabi/lib/thumb/v7e-m+dp/hard/crt0.o (exit)
D:/STM32CubeIDE/STM32CubeIDE_1.16.0/STM32CubeIDE/plugins/com.st.stm32cube.ide.mcu.externaltools.gnu-tools-for-stm32.12.3.rel1.win32_1.0.200.202406191623/tools/bin/../lib/gcc/arm-none-eabi/12.3.1/../../../../arm-none-eabi/lib/thumb/v7e-m+dp/hard\libc_nano.a(libc_a-findfp.o)
                              D:/STM32CubeIDE/STM32CubeIDE_1.16.0/STM32CubeIDE/plugins/com.st.stm32cube.ide.mcu.externaltools.gnu-tools-for-stm32.12.3.rel1.win32_1.0.200.202406191623/tools/bin/../lib/gcc/arm-none-eabi/12.3.1/../../../../arm-none-eabi/lib/thumb/v7e-m+dp/hard\libc_nano.a(libc_a-exit.o) (__stdio_exit_handler)
D:/STM32CubeIDE/STM32CubeIDE_1.16.0/STM32CubeIDE/plugins/com.st.stm32cube.ide.mcu.externaltools.gnu-tools-for-stm32.12.3.rel1.win32_1.0.200.202406191623/tools/bin/../lib/gcc/arm-none-eabi/12.3.1/../../../../arm-none-eabi/lib/thumb/v7e-m+dp/hard\libc_nano.a(libc_a-fwalk.o)
                              D:/STM32CubeIDE/STM32CubeIDE_1.16.0/STM32CubeIDE/plugins/com.st.stm32cube.ide.mcu.externaltools.gnu-tools-for-stm32.12.3.rel1.win32_1.0.200.202406191623/tools/bin/../lib/gcc/arm-none-eabi/12.3.1/../../../../arm-none-eabi/lib/thumb/v7e-m+dp/hard\libc_nano.a(libc_a-findfp.o) (_fwalk_sglue)
D:/STM32CubeIDE/STM32CubeIDE_1.16.0/STM32CubeIDE/plugins/com.st.stm32cube.ide.mcu.externaltools.gnu-tools-for-stm32.12.3.rel1.win32_1.0.200.202406191623/tools/bin/../lib/gcc/arm-none-eabi/12.3.1/../../../../arm-none-eabi/lib/thumb/v7e-m+dp/hard\libc_nano.a(libc_a-stdio.o)
                              D:/STM32CubeIDE/STM32CubeIDE_1.16.0/STM32CubeIDE/plugins/com.st.stm32cube.ide.mcu.externaltools.gnu-tools-for-stm32.12.3.rel1.win32_1.0.200.202406191623/tools/bin/../lib/gcc/arm-none-eabi/12.3.1/../../../../arm-none-eabi/lib/thumb/v7e-m+dp/hard\libc_nano.a(libc_a-findfp.o) (__sread)
D:/STM32CubeIDE/STM32CubeIDE_1.16.0/STM32CubeIDE/plugins/com.st.stm32cube.ide.mcu.externaltools.gnu-tools-for-stm32.12.3.rel1.win32_1.0.200.202406191623/tools/bin/../lib/gcc/arm-none-eabi/12.3.1/../../../../arm-none-eabi/lib/thumb/v7e-m+dp/hard\libc_nano.a(libc_a-memset.o)
                              D:/STM32CubeIDE/STM32CubeIDE_1.16.0/STM32CubeIDE/plugins/com.st.stm32cube.ide.mcu.externaltools.gnu-tools-for-stm32.12.3.rel1.win32_1.0.200.202406191623/tools/bin/../lib/gcc/arm-none-eabi/12.3.1/../../../../arm-none-eabi/lib/thumb/v7e-m+dp/hard/crt0.o (memset)
D:/STM32CubeIDE/STM32CubeIDE_1.16.0/STM32CubeIDE/plugins/com.st.stm32cube.ide.mcu.externaltools.gnu-tools-for-stm32.12.3.rel1.win32_1.0.200.202406191623/tools/bin/../lib/gcc/arm-none-eabi/12.3.1/../../../../arm-none-eabi/lib/thumb/v7e-m+dp/hard\libc_nano.a(libc_a-closer.o)
                              D:/STM32CubeIDE/STM32CubeIDE_1.16.0/STM32CubeIDE/plugins/com.st.stm32cube.ide.mcu.externaltools.gnu-tools-for-stm32.12.3.rel1.win32_1.0.200.202406191623/tools/bin/../lib/gcc/arm-none-eabi/12.3.1/../../../../arm-none-eabi/lib/thumb/v7e-m+dp/hard\libc_nano.a(libc_a-stdio.o) (_close_r)
D:/STM32CubeIDE/STM32CubeIDE_1.16.0/STM32CubeIDE/plugins/com.st.stm32cube.ide.mcu.externaltools.gnu-tools-for-stm32.12.3.rel1.win32_1.0.200.202406191623/tools/bin/../lib/gcc/arm-none-eabi/12.3.1/../../../../arm-none-eabi/lib/thumb/v7e-m+dp/hard\libc_nano.a(libc_a-reent.o)
                              D:/STM32CubeIDE/STM32CubeIDE_1.16.0/STM32CubeIDE/plugins/com.st.stm32cube.ide.mcu.externaltools.gnu-tools-for-stm32.12.3.rel1.win32_1.0.200.202406191623/tools/bin/../lib/gcc/arm-none-eabi/12.3.1/../../../../arm-none-eabi/lib/thumb/v7e-m+dp/hard\libc_nano.a(libc_a-closer.o) (errno)
D:/STM32CubeIDE/STM32CubeIDE_1.16.0/STM32CubeIDE/plugins/com.st.stm32cube.ide.mcu.externaltools.gnu-tools-for-stm32.12.3.rel1.win32_1.0.200.202406191623/tools/bin/../lib/gcc/arm-none-eabi/12.3.1/../../../../arm-none-eabi/lib/thumb/v7e-m+dp/hard\libc_nano.a(libc_a-impure.o)
                              D:/STM32CubeIDE/STM32CubeIDE_1.16.0/STM32CubeIDE/plugins/com.st.stm32cube.ide.mcu.externaltools.gnu-tools-for-stm32.12.3.rel1.win32_1.0.200.202406191623/tools/bin/../lib/gcc/arm-none-eabi/12.3.1/../../../../arm-none-eabi/lib/thumb/v7e-m+dp/hard\libc_nano.a(libc_a-reent.o) (_impure_ptr)
[...]
Memory Configuration

Name             Origin             Length             Attributes
FLASH            0x08000000         0x00100000         xr
RAM              0x20000000         0x00020000         xrw
ITCMRAM          0x00000000         0x00010000         xrw
*default*        0x00000000         0xffffffff

Linker script and memory map

LOAD D:/STM32CubeIDE/STM32CubeIDE_1.16.0/STM32CubeIDE/plugins/com.st.stm32cube.ide.mcu.externaltools.gnu-tools-for-stm32.12.3.rel1.win32_1.0.200.202406191623/tools/bin/../lib/gcc/arm-none-eabi/12.3.1/thumb/v7e-m+dp/hard/crti.o
LOAD D:/STM32CubeIDE/STM32CubeIDE_1.16.0/STM32CubeIDE/plugins/com.st.stm32cube.ide.mcu.externaltools.gnu-tools-for-stm32.12.3.rel1.win32_1.0.200.202406191623/tools/bin/../lib/gcc/arm-none-eabi/12.3.1/thumb/v7e-m+dp/hard/crtbegin.o
LOAD D:/STM32CubeIDE/STM32CubeIDE_1.16.0/STM32CubeIDE/plugins/com.st.stm32cube.ide.mcu.externaltools.gnu-tools-for-stm32.12.3.rel1.win32_1.0.200.202406191623/tools/bin/../lib/gcc/arm-none-eabi/12.3.1/../../../../arm-none-eabi/lib/thumb/v7e-m+dp/hard/crt0.o
LOAD ./Drivers/BSP/STM32H745I_Nucleo/stm32h7xx_nucleo.o
LOAD ./Drivers/CMSIS/system_stm32h7xx.o
LOAD ./Drivers/STM32H7xx_HAL_Driver/stm32h7xx_hal.o
LOAD ./Drivers/STM32H7xx_HAL_Driver/stm32h7xx_hal_adc.o
LOAD ./Drivers/STM32H7xx_HAL_Driver/stm32h7xx_hal_adc_ex.o
LOAD ./Drivers/STM32H7xx_HAL_Driver/stm32h7xx_hal_cortex.o
LOAD ./Drivers/STM32H7xx_HAL_Driver/stm32h7xx_hal_cryp.o
LOAD ./Drivers/STM32H7xx_HAL_Driver/stm32h7xx_hal_cryp_ex.o
LOAD ./Drivers/STM32H7xx_HAL_Driver/stm32h7xx_hal_dma.o
LOAD ./Drivers/STM32H7xx_HAL_Driver/stm32h7xx_hal_dma2d.o
LOAD ./Drivers/STM32H7xx_HAL_Driver/stm32h7xx_hal_dma_ex.o
LOAD ./Drivers/STM32H7xx_HAL_Driver/stm32h7xx_hal_exti.o
LOAD ./Drivers/STM32H7xx_HAL_Driver/stm32h7xx_hal_flash.o
LOAD ./Drivers/STM32H7xx_HAL_Driver/stm32h7xx_hal_flash_ex.o
LOAD ./Drivers/STM32H7xx_HAL_Driver/stm32h7xx_hal_gpio.o
LOAD ./Drivers/STM32H7xx_HAL_Driver/stm32h7xx_hal_hsem.o
LOAD ./Drivers/STM32H7xx_HAL_Driver/stm32h7xx_hal_lptim.o
LOAD ./Drivers/STM32H7xx_HAL_Driver/stm32h7xx_hal_pwr.o
LOAD ./Drivers/STM32H7xx_HAL_Driver/stm32h7xx_hal_pwr_ex.o
LOAD ./Drivers/STM32H7xx_HAL_Driver/stm32h7xx_hal_rcc.o
LOAD ./Drivers/STM32H7xx_HAL_Driver/stm32h7xx_hal_rcc_ex.o
LOAD ./Drivers/STM32H7xx_HAL_Driver/stm32h7xx_hal_spi.o
LOAD ./Drivers/STM32H7xx_HAL_Driver/stm32h7xx_hal_spi_ex.o
LOAD ./Drivers/STM32H7xx_HAL_Driver/stm32h7xx_hal_tim.o
LOAD ./Drivers/STM32H7xx_HAL_Driver/stm32h7xx_hal_tim_ex.o
LOAD ./Drivers/STM32H7xx_HAL_Driver/stm32h7xx_hal_uart.o
LOAD ./Example/User/CM7/main.o
LOAD ./Example/User/CM7/stm32h7xx_hal_msp.o
LOAD ./Example/User/CM7/stm32h7xx_it.o
LOAD ./Example/User/CM7/syscalls.o
LOAD ./Example/User/CM7/sysmem.o
LOAD ./Example/User/Startup/startup_stm32h745zitx.o
START GROUP
LOAD D:/STM32CubeIDE/STM32CubeIDE_1.16.0/STM32CubeIDE/plugins/com.st.stm32cube.ide.mcu.externaltools.gnu-tools-for-stm32.12.3.rel1.win32_1.0.200.202406191623/tools/bin/../lib/gcc/arm-none-eabi/12.3.1/../../../../arm-none-eabi/lib/thumb/v7e-m+dp/hard\libc_nano.a
LOAD D:/STM32CubeIDE/STM32CubeIDE_1.16.0/STM32CubeIDE/plugins/com.st.stm32cube.ide.mcu.externaltools.gnu-tools-for-stm32.12.3.rel1.win32_1.0.200.202406191623/tools/bin/../lib/gcc/arm-none-eabi/12.3.1/../../../../arm-none-eabi/lib/thumb/v7e-m+dp/hard\libm.a
END GROUP
START GROUP
LOAD D:/STM32CubeIDE/STM32CubeIDE_1.16.0/STM32CubeIDE/plugins/com.st.stm32cube.ide.mcu.externaltools.gnu-tools-for-stm32.12.3.rel1.win32_1.0.200.202406191623/tools/bin/../lib/gcc/arm-none-eabi/12.3.1/thumb/v7e-m+dp/hard\libgcc.a
LOAD D:/STM32CubeIDE/STM32CubeIDE_1.16.0/STM32CubeIDE/plugins/com.st.stm32cube.ide.mcu.externaltools.gnu-tools-for-stm32.12.3.rel1.win32_1.0.200.202406191623/tools/bin/../lib/gcc/arm-none-eabi/12.3.1/../../../../arm-none-eabi/lib/thumb/v7e-m+dp/hard\libc_nano.a
END GROUP
START GROUP
LOAD D:/STM32CubeIDE/STM32CubeIDE_1.16.0/STM32CubeIDE/plugins/com.st.stm32cube.ide.mcu.externaltools.gnu-tools-for-stm32.12.3.rel1.win32_1.0.200.202406191623/tools/bin/../lib/gcc/arm-none-eabi/12.3.1/thumb/v7e-m+dp/hard\libgcc.a
LOAD D:/STM32CubeIDE/STM32CubeIDE_1.16.0/STM32CubeIDE/plugins/com.st.stm32cube.ide.mcu.externaltools.gnu-tools-for-stm32.12.3.rel1.win32_1.0.200.202406191623/tools/bin/../lib/gcc/arm-none-eabi/12.3.1/../../../../arm-none-eabi/lib/thumb/v7e-m+dp/hard\libc_nano.a
LOAD D:/STM32CubeIDE/STM32CubeIDE_1.16.0/STM32CubeIDE/plugins/com.st.stm32cube.ide.mcu.externaltools.gnu-tools-for-stm32.12.3.rel1.win32_1.0.200.202406191623/tools/bin/../lib/gcc/arm-none-eabi/12.3.1/../../../../arm-none-eabi/lib/thumb/v7e-m+dp/hard\libnosys.a
END GROUP
START GROUP
LOAD D:/STM32CubeIDE/STM32CubeIDE_1.16.0/STM32CubeIDE/plugins/com.st.stm32cube.ide.mcu.externaltools.gnu-tools-for-stm32.12.3.rel1.win32_1.0.200.202406191623/tools/bin/../lib/gcc/arm-none-eabi/12.3.1/thumb/v7e-m+dp/hard\libgcc.a
LOAD D:/STM32CubeIDE/STM32CubeIDE_1.16.0/STM32CubeIDE/plugins/com.st.stm32cube.ide.mcu.externaltools.gnu-tools-for-stm32.12.3.rel1.win32_1.0.200.202406191623/tools/bin/../lib/gcc/arm-none-eabi/12.3.1/../../../../arm-none-eabi/lib/thumb/v7e-m+dp/hard\libc_nano.a
LOAD D:/STM32CubeIDE/STM32CubeIDE_1.16.0/STM32CubeIDE/plugins/com.st.stm32cube.ide.mcu.externaltools.gnu-tools-for-stm32.12.3.rel1.win32_1.0.200.202406191623/tools/bin/../lib/gcc/arm-none-eabi/12.3.1/../../../../arm-none-eabi/lib/thumb/v7e-m+dp/hard\libnosys.a
END GROUP
LOAD D:/STM32CubeIDE/STM32CubeIDE_1.16.0/STM32CubeIDE/plugins/com.st.stm32cube.ide.mcu.externaltools.gnu-tools-for-stm32.12.3.rel1.win32_1.0.200.202406191623/tools/bin/../lib/gcc/arm-none-eabi/12.3.1/thumb/v7e-m+dp/hard/crtend.o
LOAD D:/STM32CubeIDE/STM32CubeIDE_1.16.0/STM32CubeIDE/plugins/com.st.stm32cube.ide.mcu.externaltools.gnu-tools-for-stm32.12.3.rel1.win32_1.0.200.202406191623/tools/bin/../lib/gcc/arm-none-eabi/12.3.1/thumb/v7e-m+dp/hard/crtn.o
                0x20020000                        _estack = 0x20020000
                0x00000200                        _Min_Heap_Size = 0x200
                0x00000400                        _Min_Stack_Size = 0x400

.isr_vector     0x08000000      0x298
                0x08000000                        . = ALIGN (0x4)
 *(.isr_vector)
 .isr_vector    0x08000000      0x298 ./Example/User/Startup/startup_stm32h745zitx.o
                0x08000000                g_pfnVectors
                0x08000298                        . = ALIGN (0x4)

.text           0x08000298     0x35dc
                0x08000298                        . = ALIGN (0x4)
 *(.text)
 .text          0x08000298       0x40 D:/STM32CubeIDE/STM32CubeIDE_1.16.0/STM32CubeIDE/plugins/com.st.stm32cube.ide.mcu.externaltools.gnu-tools-for-stm32.12.3.rel1.win32_1.0.200.202406191623/tools/bin/../lib/gcc/arm-none-eabi/12.3.1/thumb/v7e-m+dp/hard/crtbegin.o
 *(.text*)
 .text.BSP_LED_Init
                0x080002d8       0xec ./Drivers/BSP/STM32H745I_Nucleo/stm32h7xx_nucleo.o
                0x080002d8                BSP_LED_Init
 .text.BSP_LED_On
                0x080003c4       0x54 ./Drivers/BSP/STM32H745I_Nucleo/stm32h7xx_nucleo.o
                0x080003c4                BSP_LED_On
 .text.BSP_LED_Off
                0x08000418       0x54 ./Drivers/BSP/STM32H745I_Nucleo/stm32h7xx_nucleo.o
                0x08000418                BSP_LED_Off
 .text.BSP_LED_Toggle
                0x0800046c       0x54 ./Drivers/BSP/STM32H745I_Nucleo/stm32h7xx_nucleo.o
                0x0800046c                BSP_LED_Toggle
 .text.BSP_PB_Init
                0x080004c0       0xe4 ./Drivers/BSP/STM32H745I_Nucleo/stm32h7xx_nucleo.o
                0x080004c0                BSP_PB_Init
 .text.BSP_PB_GetState
                0x080005a4       0x2c ./Drivers/BSP/STM32H745I_Nucleo/stm32h7xx_nucleo.o
                0x080005a4                BSP_PB_GetState
 .text.BSP_PB_Callback
                0x080005d0       0x16 ./Drivers/BSP/STM32H745I_Nucleo/stm32h7xx_nucleo.o
                0x080005d0                BSP_PB_Callback
 .text.BUTTON_USER_EXTI_Callback
                0x080005e6        0xe ./Drivers/BSP/STM32H745I_Nucleo/stm32h7xx_nucleo.o
 .text.SystemInit
                0x080005f4       0xec ./Drivers/CMSIS/system_stm32h7xx.o
                0x080005f4                SystemInit
 .text.HAL_Init
                0x080006e0       0x78 ./Drivers/STM32H7xx_HAL_Driver/stm32h7xx_hal.o
                0x080006e0                HAL_Init
 .text.HAL_MspInit
                0x08000758        0xe ./Drivers/STM32H7xx_HAL_Driver/stm32h7xx_hal.o
                0x08000758                HAL_MspInit
 *fill*         0x08000766        0x2 
 .text.HAL_InitTick
                0x08000768       0x6c ./Drivers/STM32H7xx_HAL_Driver/stm32h7xx_hal.o
                0x08000768                HAL_InitTick
 .text.HAL_IncTick
                0x080007d4       0x28 ./Drivers/STM32H7xx_HAL_Driver/stm32h7xx_hal.o
                0x080007d4                HAL_IncTick
 .text.HAL_GetTick
                0x080007fc       0x18 ./Drivers/STM32H7xx_HAL_Driver/stm32h7xx_hal.o
                0x080007fc                HAL_GetTick
 .text.HAL_Delay
                0x08000814       0x48 ./Drivers/STM32H7xx_HAL_Driver/stm32h7xx_hal.o
                0x08000814                HAL_Delay
 .text.HAL_GetREVID
                0x0800085c       0x18 ./Drivers/STM32H7xx_HAL_Driver/stm32h7xx_hal.o
                0x0800085c                HAL_GetREVID
 .text.__NVIC_SetPriorityGrouping
                0x08000874       0x48 ./Drivers/STM32H7xx_HAL_Driver/stm32h7xx_hal_cortex.o
 .text.__NVIC_GetPriorityGrouping
                0x080008bc       0x1c ./Drivers/STM32H7xx_HAL_Driver/stm32h7xx_hal_cortex.o
 .text.__NVIC_EnableIRQ
                0x080008d8       0x3c ./Drivers/STM32H7xx_HAL_Driver/stm32h7xx_hal_cortex.o
 .text.__NVIC_SetPriority
                0x08000914       0x54 ./Drivers/STM32H7xx_HAL_Driver/stm32h7xx_hal_cortex.o
 .text.NVIC_EncodePriority
                0x08000968       0x66 ./Drivers/STM32H7xx_HAL_Driver/stm32h7xx_hal_cortex.o
 *fill*         0x080009ce        0x2 
 .text.SysTick_Config
                0x080009d0       0x44 ./Drivers/STM32H7xx_HAL_Driver/stm32h7xx_hal_cortex.o
 .text.HAL_NVIC_SetPriorityGrouping
                0x08000a14       0x16 ./Drivers/STM32H7xx_HAL_Driver/stm32h7xx_hal_cortex.o
                0x08000a14                HAL_NVIC_SetPriorityGrouping
 .text.HAL_NVIC_SetPriority
                0x08000a2a       0x34 ./Drivers/STM32H7xx_HAL_Driver/stm32h7xx_hal_cortex.o
                0x08000a2a                HAL_NVIC_SetPriority
 .text.HAL_NVIC_EnableIRQ
                0x08000a5e       0x1c ./Drivers/STM32H7xx_HAL_Driver/stm32h7xx_hal_cortex.o
                0x08000a5e                HAL_NVIC_EnableIRQ
 .text.HAL_SYSTICK_Config
                0x08000a7a       0x18 ./Drivers/STM32H7xx_HAL_Driver/stm32h7xx_hal_cortex.o
                0x08000a7a                HAL_SYSTICK_Config
 *fill*         0x08000a92        0x2 
 .text.HAL_MPU_Disable
                0x08000a94       0x30 ./Drivers/STM32H7xx_HAL_Driver/stm32h7xx_hal_cortex.o
                0x08000a94                HAL_MPU_Disable
 .text.HAL_MPU_Enable
                0x08000ac4       0x40 ./Drivers/STM32H7xx_HAL_Driver/stm32h7xx_hal_cortex.o
                0x08000ac4                HAL_MPU_Enable
 .text.HAL_MPU_ConfigRegion
                0x08000b04       0x88 ./Drivers/STM32H7xx_HAL_Driver/stm32h7xx_hal_cortex.o
                0x08000b04                HAL_MPU_ConfigRegion
 .text.HAL_DMA_Abort_IT
                0x08000b8c      0x48c ./Drivers/STM32H7xx_HAL_Driver/stm32h7xx_hal_dma.o
                0x08000b8c                HAL_DMA_Abort_IT
 .text.HAL_EXTI_RegisterCallback
                0x08001018       0x3e ./Drivers/STM32H7xx_HAL_Driver/stm32h7xx_hal_exti.o
                0x08001018                HAL_EXTI_RegisterCallback
 .text.HAL_EXTI_GetHandle
                0x08001056       0x28 ./Drivers/STM32H7xx_HAL_Driver/stm32h7xx_hal_exti.o
                0x08001056                HAL_EXTI_GetHandle
 *fill*         0x0800107e        0x2 
 .text.HAL_GPIO_Init
                0x08001080      0x360 ./Drivers/STM32H7xx_HAL_Driver/stm32h7xx_hal_gpio.o
                0x08001080                HAL_GPIO_Init
 .text.HAL_GPIO_ReadPin
                0x080013e0       0x30 ./Drivers/STM32H7xx_HAL_Driver/stm32h7xx_hal_gpio.o
                0x080013e0                HAL_GPIO_ReadPin
 .text.HAL_GPIO_WritePin
                0x08001410       0x32 ./Drivers/STM32H7xx_HAL_Driver/stm32h7xx_hal_gpio.o
                0x08001410                HAL_GPIO_WritePin
 .text.HAL_GPIO_TogglePin
                0x08001442       0x34 ./Drivers/STM32H7xx_HAL_Driver/stm32h7xx_hal_gpio.o
                0x08001442                HAL_GPIO_TogglePin
 *fill*         0x08001476        0x2 
 .text.HAL_PWREx_ConfigSupply
                0x08001478       0xb4 ./Drivers/STM32H7xx_HAL_Driver/stm32h7xx_hal_pwr_ex.o
                0x08001478                HAL_PWREx_ConfigSupply
 .text.HAL_RCC_OscConfig
                0x0800152c      0x8b4 ./Drivers/STM32H7xx_HAL_Driver/stm32h7xx_hal_rcc.o
                0x0800152c                HAL_RCC_OscConfig
 .text.HAL_RCC_ClockConfig
                0x08001de0      0x36c ./Drivers/STM32H7xx_HAL_Driver/stm32h7xx_hal_rcc.o
                0x08001de0                HAL_RCC_ClockConfig
 .text.HAL_RCC_GetSysClockFreq
                0x0800214c      0x2f4 ./Drivers/STM32H7xx_HAL_Driver/stm32h7xx_hal_rcc.o
                0x0800214c                HAL_RCC_GetSysClockFreq
 .text.HAL_SPI_Init
                0x08002440      0x388 ./Drivers/STM32H7xx_HAL_Driver/stm32h7xx_hal_spi.o
                0x08002440                HAL_SPI_Init
 .text.HAL_SPI_TransmitReceive_IT
                0x080027c8      0x240 ./Drivers/STM32H7xx_HAL_Driver/stm32h7xx_hal_spi.o
                0x080027c8                HAL_SPI_TransmitReceive_IT
 .text.HAL_SPI_IRQHandler
                0x08002a08      0x39c ./Drivers/STM32H7xx_HAL_Driver/stm32h7xx_hal_spi.o
                0x08002a08                HAL_SPI_IRQHandler
 .text.HAL_SPI_TxCpltCallback
                0x08002da4       0x14 ./Drivers/STM32H7xx_HAL_Driver/stm32h7xx_hal_spi.o
                0x08002da4                HAL_SPI_TxCpltCallback
 .text.HAL_SPI_RxCpltCallback
                0x08002db8       0x14 ./Drivers/STM32H7xx_HAL_Driver/stm32h7xx_hal_spi.o
                0x08002db8                HAL_SPI_RxCpltCallback
 .text.HAL_SPI_SuspendCallback
                0x08002dcc       0x14 ./Drivers/STM32H7xx_HAL_Driver/stm32h7xx_hal_spi.o
                0x08002dcc                HAL_SPI_SuspendCallback
 .text.SPI_DMAAbortOnError
                0x08002de0       0x34 ./Drivers/STM32H7xx_HAL_Driver/stm32h7xx_hal_spi.o
 .text.SPI_RxISR_8BIT
                0x08002e14       0x5e ./Drivers/STM32H7xx_HAL_Driver/stm32h7xx_hal_spi.o
 .text.SPI_RxISR_16BIT
                0x08002e72       0x60 ./Drivers/STM32H7xx_HAL_Driver/stm32h7xx_hal_spi.o
 .text.SPI_RxISR_32BIT
                0x08002ed2       0x58 ./Drivers/STM32H7xx_HAL_Driver/stm32h7xx_hal_spi.o
 .text.SPI_TxISR_8BIT
                0x08002f2a       0x5a ./Drivers/STM32H7xx_HAL_Driver/stm32h7xx_hal_spi.o
 .text.SPI_TxISR_16BIT
                0x08002f84       0x5e ./Drivers/STM32H7xx_HAL_Driver/stm32h7xx_hal_spi.o
 .text.SPI_TxISR_32BIT
                0x08002fe2       0x58 ./Drivers/STM32H7xx_HAL_Driver/stm32h7xx_hal_spi.o
 *fill*         0x0800303a        0x2 
 .text.SPI_CloseTransfer
                0x0800303c      0x174 ./Drivers/STM32H7xx_HAL_Driver/stm32h7xx_hal_spi.o
 .text.SPI_GetPacketSize
                0x080031b0       0x36 ./Drivers/STM32H7xx_HAL_Driver/stm32h7xx_hal_spi.o
 *fill*         0x080031e6        0x2 
 .text.main     0x080031e8      0x1a0 ./Example/User/CM7/main.o
                0x080031e8                main
 .text.SystemClock_Config
                0x08003388       0xfc ./Example/User/CM7/main.o
 .text.HAL_SPI_TxRxCpltCallback
                0x08003484       0x28 ./Example/User/CM7/main.o
                0x08003484                HAL_SPI_TxRxCpltCallback
 .text.HAL_SPI_ErrorCallback
                0x080034ac       0x20 ./Example/User/CM7/main.o
                0x080034ac                HAL_SPI_ErrorCallback
 .text.Error_Handler
                0x080034cc       0x14 ./Example/User/CM7/main.o
 .text.Buffercmp
                0x080034e0       0x44 ./Example/User/CM7/main.o
 .text.MPU_Config
                0x08003524       0x4c ./Example/User/CM7/main.o
 .text.CPU_CACHE_Enable
                0x08003570       0xdc ./Example/User/CM7/main.o
 .text.HAL_SPI_MspInit
                0x0800364c       0xfc ./Example/User/CM7/stm32h7xx_hal_msp.o
                0x0800364c                HAL_SPI_MspInit
 .text.NMI_Handler
                0x08003748        0xe ./Example/User/CM7/stm32h7xx_it.o
                0x08003748                NMI_Handler
 .text.HardFault_Handler
                0x08003756        0x8 ./Example/User/CM7/stm32h7xx_it.o
                0x08003756                HardFault_Handler
 .text.MemManage_Handler
                0x0800375e        0x8 ./Example/User/CM7/stm32h7xx_it.o
                0x0800375e                MemManage_Handler
 .text.BusFault_Handler
                0x08003766        0x8 ./Example/User/CM7/stm32h7xx_it.o
                0x08003766                BusFault_Handler
 .text.UsageFault_Handler
                0x0800376e        0x8 ./Example/User/CM7/stm32h7xx_it.o
                0x0800376e                UsageFault_Handler
 .text.SVC_Handler
                0x08003776        0xe ./Example/User/CM7/stm32h7xx_it.o
                0x08003776                SVC_Handler
 .text.DebugMon_Handler
                0x08003784        0xe ./Example/User/CM7/stm32h7xx_it.o
                0x08003784                DebugMon_Handler
 .text.PendSV_Handler
                0x08003792        0xe ./Example/User/CM7/stm32h7xx_it.o
                0x08003792                PendSV_Handler
 .text.SysTick_Handler
                0x080037a0        0xc ./Example/User/CM7/stm32h7xx_it.o
                0x080037a0                SysTick_Handler
 .text.SPI1_IRQHandler
                0x080037ac       0x14 ./Example/User/CM7/stm32h7xx_it.o
                0x080037ac                SPI1_IRQHandler
 .text.Reset_Handler
                0x080037c0       0x50 ./Example/User/Startup/startup_stm32h745zitx.o
                0x080037c0                Reset_Handler
 .text.Default_Handler
                0x08003810        0x2 ./Example/User/Startup/startup_stm32h745zitx.o
                0x08003810                RTC_Alarm_IRQHandler
                0x08003810                EXTI2_IRQHandler
                0x08003810                TIM8_CC_IRQHandler
                0x08003810                HRTIM1_Master_IRQHandler
                0x08003810                UART8_IRQHandler
                0x08003810                SPI4_IRQHandler
                0x08003810                TIM1_CC_IRQHandler
                0x08003810                BDMA_Channel6_IRQHandler
                0x08003810                DMA2_Stream5_IRQHandler
                0x08003810                HRTIM1_FLT_IRQHandler
                0x08003810                JPEG_IRQHandler
                0x08003810                DMA1_Stream5_IRQHandler
                0x08003810                BDMA_Channel1_IRQHandler
                0x08003810                HRTIM1_TIMD_IRQHandler
                0x08003810                TAMP_STAMP_IRQHandler
                0x08003810                EXTI3_IRQHandler
                0x08003810                LPTIM4_IRQHandler
                0x08003810                TIM8_TRG_COM_TIM14_IRQHandler
                0x08003810                LPTIM2_IRQHandler
                0x08003810                DFSDM1_FLT1_IRQHandler
                0x08003810                DMAMUX2_OVR_IRQHandler
                0x08003810                TIM8_UP_TIM13_IRQHandler
                0x08003810                I2C3_ER_IRQHandler
                0x08003810                DFSDM1_FLT2_IRQHandler
                0x08003810                MDMA_IRQHandler
                0x08003810                LPTIM3_IRQHandler
                0x08003810                HSEM1_IRQHandler
                0x08003810                EXTI0_IRQHandler
                0x08003810                I2C2_EV_IRQHandler
                0x08003810                DMA1_Stream2_IRQHandler
                0x08003810                FPU_IRQHandler
                0x08003810                OTG_HS_WKUP_IRQHandler
                0x08003810                FDCAN1_IT1_IRQHandler
                0x08003810                LTDC_ER_IRQHandler
                0x08003810                DMA2_Stream2_IRQHandler
                0x08003810                HRTIM1_TIME_IRQHandler
                0x08003810                TIM6_DAC_IRQHandler
                0x08003810                DCMI_IRQHandler
                0x08003810                HRTIM1_TIMC_IRQHandler
                0x08003810                DMA2_Stream3_IRQHandler
                0x08003810                SAI2_IRQHandler
                0x08003810                DFSDM1_FLT3_IRQHandler
                0x08003810                USART6_IRQHandler
                0x08003810                TIM17_IRQHandler
                0x08003810                USART3_IRQHandler
                0x08003810                BDMA_Channel7_IRQHandler
                0x08003810                LPTIM5_IRQHandler
                0x08003810                UART5_IRQHandler
                0x08003810                ADC3_IRQHandler
                0x08003810                DMA2_Stream0_IRQHandler
                0x08003810                TIM4_IRQHandler
                0x08003810                BDMA_Channel2_IRQHandler
                0x08003810                QUADSPI_IRQHandler
                0x08003810                I2C1_EV_IRQHandler
                0x08003810                DMA1_Stream6_IRQHandler
                0x08003810                DMAMUX1_OVR_IRQHandler
                0x08003810                DMA1_Stream1_IRQHandler
                0x08003810                TIM16_IRQHandler
                0x08003810                UART4_IRQHandler
                0x08003810                BDMA_Channel5_IRQHandler
                0x08003810                TIM3_IRQHandler
                0x08003810                RCC_IRQHandler
                0x08003810                TIM8_BRK_TIM12_IRQHandler
                0x08003810                TIM1_TRG_COM_IRQHandler
                0x08003810                Default_Handler
                0x08003810                ECC_IRQHandler
                0x08003810                CEC_IRQHandler
                0x08003810                EXTI15_10_IRQHandler
                0x08003810                BDMA_Channel0_IRQHandler
                0x08003810                ADC_IRQHandler
                0x08003810                DMA1_Stream7_IRQHandler
                0x08003810                HRTIM1_TIMA_IRQHandler
                0x08003810                SPI5_IRQHandler
                0x08003810                TIM7_IRQHandler
                0x08003810                SDMMC1_IRQHandler
                0x08003810                TIM5_IRQHandler
                0x08003810                DMA2_Stream7_IRQHandler
                0x08003810                TIM15_IRQHandler
                0x08003810                PVD_AVD_IRQHandler
                0x08003810                I2C3_EV_IRQHandler
                0x08003810                EXTI9_5_IRQHandler
                0x08003810                RTC_WKUP_IRQHandler
                0x08003810                LTDC_IRQHandler
                0x08003810                SAI3_IRQHandler
                0x08003810                ETH_WKUP_IRQHandler
                0x08003810                SPDIF_RX_IRQHandler
                0x08003810                SPI2_IRQHandler
                0x08003810                OTG_HS_EP1_IN_IRQHandler
                0x08003810                DMA1_Stream0_IRQHandler
                0x08003810                CRS_IRQHandler
                0x08003810                CM7_SEV_IRQHandler
                0x08003810                EXTI4_IRQHandler
                0x08003810                RNG_IRQHandler
                0x08003810                CM4_SEV_IRQHandler
                0x08003810                HRTIM1_TIMB_IRQHandler
                0x08003810                FDCAN2_IT1_IRQHandler
                0x08003810                ETH_IRQHandler
                0x08003810                TIM1_UP_IRQHandler
                0x08003810                WWDG_RST_IRQHandler
                0x08003810                BDMA_Channel4_IRQHandler
                0x08003810                OTG_HS_EP1_OUT_IRQHandler
                0x08003810                WWDG_IRQHandler
                0x08003810                SPI6_IRQHandler
                0x08003810                MDIOS_IRQHandler
                0x08003810                I2C4_EV_IRQHandler
                0x08003810                FDCAN2_IT0_IRQHandler
                0x08003810                LPUART1_IRQHandler
                0x08003810                FDCAN1_IT0_IRQHandler
                0x08003810                TIM2_IRQHandler
                0x08003810                OTG_FS_WKUP_IRQHandler
                0x08003810                OTG_HS_IRQHandler
                0x08003810                HSEM2_IRQHandler
                0x08003810                DMA2D_IRQHandler
                0x08003810                TIM1_BRK_IRQHandler
                0x08003810                EXTI1_IRQHandler
                0x08003810                SDMMC2_IRQHandler
                0x08003810                OTG_FS_EP1_OUT_IRQHandler
                0x08003810                BDMA_Channel3_IRQHandler
                0x08003810                HOLD_CORE_IRQHandler
                0x08003810                UART7_IRQHandler
                0x08003810                MDIOS_WKUP_IRQHandler
                0x08003810                USART2_IRQHandler
                0x08003810                DFSDM1_FLT0_IRQHandler
                0x08003810                SAI4_IRQHandler
                0x08003810                I2C2_ER_IRQHandler
                0x08003810                DMA2_Stream1_IRQHandler
                0x08003810                FLASH_IRQHandler
                0x08003810                DMA2_Stream4_IRQHandler
                0x08003810                USART1_IRQHandler
                0x08003810                OTG_FS_IRQHandler
                0x08003810                SPI3_IRQHandler
                0x08003810                WAKEUP_PIN_IRQHandler
                0x08003810                DMA1_Stream4_IRQHandler
                0x08003810                OTG_FS_EP1_IN_IRQHandler
                0x08003810                I2C1_ER_IRQHandler
                0x08003810                FMC_IRQHandler
                0x08003810                FDCAN_CAL_IRQHandler
                0x08003810                SWPMI1_IRQHandler
                0x08003810                COMP1_IRQHandler
                0x08003810                LPTIM1_IRQHandler
                0x08003810                I2C4_ER_IRQHandler
                0x08003810                DMA2_Stream6_IRQHandler
                0x08003810                SAI1_IRQHandler
                0x08003810                DMA1_Stream3_IRQHandler
 *fill*         0x08003812        0x2 
 .text.__libc_init_array
                0x08003814       0x48 D:/STM32CubeIDE/STM32CubeIDE_1.16.0/STM32CubeIDE/plugins/com.st.stm32cube.ide.mcu.externaltools.gnu-tools-for-stm32.12.3.rel1.win32_1.0.200.202406191623/tools/bin/../lib/gcc/arm-none-eabi/12.3.1/../../../../arm-none-eabi/lib/thumb/v7e-m+dp/hard\libc_nano.a(libc_a-init.o)
                0x08003814                __libc_init_array
 *(.glue_7)
 .glue_7        0x0800385c        0x0 linker stubs
 *(.glue_7t)
 .glue_7t       0x0800385c        0x0 linker stubs
 *(.eh_frame)
 .eh_frame      0x0800385c        0x0 D:/STM32CubeIDE/STM32CubeIDE_1.16.0/STM32CubeIDE/plugins/com.st.stm32cube.ide.mcu.externaltools.gnu-tools-for-stm32.12.3.rel1.win32_1.0.200.202406191623/tools/bin/../lib/gcc/arm-none-eabi/12.3.1/thumb/v7e-m+dp/hard/crtbegin.o
 *(.init)
 .init          0x0800385c        0x4 D:/STM32CubeIDE/STM32CubeIDE_1.16.0/STM32CubeIDE/plugins/com.st.stm32cube.ide.mcu.externaltools.gnu-tools-for-stm32.12.3.rel1.win32_1.0.200.202406191623/tools/bin/../lib/gcc/arm-none-eabi/12.3.1/thumb/v7e-m+dp/hard/crti.o
                0x0800385c                _init
 .init          0x08003860        0x8 D:/STM32CubeIDE/STM32CubeIDE_1.16.0/STM32CubeIDE/plugins/com.st.stm32cube.ide.mcu.externaltools.gnu-tools-for-stm32.12.3.rel1.win32_1.0.200.202406191623/tools/bin/../lib/gcc/arm-none-eabi/12.3.1/thumb/v7e-m+dp/hard/crtn.o
 *(.fini)
 .fini          0x08003868        0x4 D:/STM32CubeIDE/STM32CubeIDE_1.16.0/STM32CubeIDE/plugins/com.st.stm32cube.ide.mcu.externaltools.gnu-tools-for-stm32.12.3.rel1.win32_1.0.200.202406191623/tools/bin/../lib/gcc/arm-none-eabi/12.3.1/thumb/v7e-m+dp/hard/crti.o
                0x08003868                _fini
 .fini          0x0800386c        0x8 D:/STM32CubeIDE/STM32CubeIDE_1.16.0/STM32CubeIDE/plugins/com.st.stm32cube.ide.mcu.externaltools.gnu-tools-for-stm32.12.3.rel1.win32_1.0.200.202406191623/tools/bin/../lib/gcc/arm-none-eabi/12.3.1/thumb/v7e-m+dp/hard/crtn.o
                0x08003874                        . = ALIGN (0x4)
                0x08003874                        _etext = .

.vfp11_veneer   0x08003874        0x0
 .vfp11_veneer  0x08003874        0x0 linker stubs

.v4_bx          0x08003874        0x0
 .v4_bx         0x08003874        0x0 linker stubs

.iplt           0x08003874        0x0
 .iplt          0x08003874        0x0 D:/STM32CubeIDE/STM32CubeIDE_1.16.0/STM32CubeIDE/plugins/com.st.stm32cube.ide.mcu.externaltools.gnu-tools-for-stm32.12.3.rel1.win32_1.0.200.202406191623/tools/bin/../lib/gcc/arm-none-eabi/12.3.1/thumb/v7e-m+dp/hard/crtbegin.o

.rodata         0x08003874       0x7c
                0x08003874                        . = ALIGN (0x4)
 *(.rodata)
 *(.rodata*)
 .rodata.LED_PIN
                0x08003874        0x6 ./Drivers/BSP/STM32H745I_Nucleo/stm32h7xx_nucleo.o
 *fill*         0x0800387a        0x2 
 .rodata.BUTTON_EXTI_LINE.2
                0x0800387c        0x4 ./Drivers/BSP/STM32H745I_Nucleo/stm32h7xx_nucleo.o
 .rodata.D1CorePrescTable
                0x08003880       0x10 ./Drivers/CMSIS/system_stm32h7xx.o
                0x08003880                D1CorePrescTable
 .rodata.aTxBuffer
                0x08003890       0x60 ./Example/User/CM7/main.o
                0x08003890                aTxBuffer
                0x080038f0                        . = ALIGN (0x4)

.rel.dyn        0x080038f0        0x0
 .rel.iplt      0x080038f0        0x0 D:/STM32CubeIDE/STM32CubeIDE_1.16.0/STM32CubeIDE/plugins/com.st.stm32cube.ide.mcu.externaltools.gnu-tools-for-stm32.12.3.rel1.win32_1.0.200.202406191623/tools/bin/../lib/gcc/arm-none-eabi/12.3.1/thumb/v7e-m+dp/hard/crtbegin.o

.ARM.extab
 *(.ARM.extab* .gnu.linkonce.armextab.*)

.ARM            0x080038f0        0x0
                0x080038f0                        __exidx_start = .
 *(.ARM.exidx*)
                0x080038f0                        __exidx_end = .

.preinit_array  0x080038f0        0x0
                0x080038f0                        PROVIDE (__preinit_array_start = .)
 *(.preinit_array*)
                0x080038f0                        PROVIDE (__preinit_array_end = .)

.init_array     0x080038f0        0x4
                0x080038f0                        PROVIDE (__init_array_start = .)
 *(SORT_BY_NAME(.init_array.*))
 *(.init_array*)
 .init_array    0x080038f0        0x4 D:/STM32CubeIDE/STM32CubeIDE_1.16.0/STM32CubeIDE/plugins/com.st.stm32cube.ide.mcu.externaltools.gnu-tools-for-stm32.12.3.rel1.win32_1.0.200.202406191623/tools/bin/../lib/gcc/arm-none-eabi/12.3.1/thumb/v7e-m+dp/hard/crtbegin.o
                0x080038f4                        PROVIDE (__init_array_end = .)

.fini_array     0x080038f4        0x4
                [!provide]                        PROVIDE (__fini_array_start = .)
 *(SORT_BY_NAME(.fini_array.*))
 *(.fini_array*)
 .fini_array    0x080038f4        0x4 D:/STM32CubeIDE/STM32CubeIDE_1.16.0/STM32CubeIDE/plugins/com.st.stm32cube.ide.mcu.externaltools.gnu-tools-for-stm32.12.3.rel1.win32_1.0.200.202406191623/tools/bin/../lib/gcc/arm-none-eabi/12.3.1/thumb/v7e-m+dp/hard/crtbegin.o
                [!provide]                        PROVIDE (__fini_array_end = .)
                0x080038f8                        _sidata = LOADADDR (.data)

.data           0x20000000       0x28 load address 0x080038f8
                0x20000000                        . = ALIGN (0x4)
                0x20000000                        _sdata = .
 *(.data)
 *(.data*)
 .data.LED_PORT
                0x20000000        0xc ./Drivers/BSP/STM32H745I_Nucleo/stm32h7xx_nucleo.o
 .data.BUTTON_PORT
                0x2000000c        0x4 ./Drivers/BSP/STM32H745I_Nucleo/stm32h7xx_nucleo.o
 .data.ButtonCallback.1
                0x20000010        0x4 ./Drivers/BSP/STM32H745I_Nucleo/stm32h7xx_nucleo.o
 .data.BSP_BUTTON_PRIO.0
                0x20000014        0x4 ./Drivers/BSP/STM32H745I_Nucleo/stm32h7xx_nucleo.o
 .data.SystemCoreClock
                0x20000018        0x4 ./Drivers/CMSIS/system_stm32h7xx.o
                0x20000018                SystemCoreClock
 .data.SystemD2Clock
                0x2000001c        0x4 ./Drivers/CMSIS/system_stm32h7xx.o
                0x2000001c                SystemD2Clock
 .data.uwTickPrio
                0x20000020        0x4 ./Drivers/STM32H7xx_HAL_Driver/stm32h7xx_hal.o
                0x20000020                uwTickPrio
 .data.uwTickFreq
                0x20000024        0x1 ./Drivers/STM32H7xx_HAL_Driver/stm32h7xx_hal.o
                0x20000024                uwTickFreq
                0x20000028                        . = ALIGN (0x4)
 *fill*         0x20000025        0x3 
                0x20000028                        _edata = .

.igot.plt       0x20000028        0x0 load address 0x08003920
 .igot.plt      0x20000028        0x0 D:/STM32CubeIDE/STM32CubeIDE_1.16.0/STM32CubeIDE/plugins/com.st.stm32cube.ide.mcu.externaltools.gnu-tools-for-stm32.12.3.rel1.win32_1.0.200.202406191623/tools/bin/../lib/gcc/arm-none-eabi/12.3.1/thumb/v7e-m+dp/hard/crtbegin.o
                0x20000028                        . = ALIGN (0x4)

.bss            0x20000040      0x124 load address 0x08003920
                0x20000040                        _sbss = .
                0x20000040                        __bss_start__ = _sbss
 *(.bss)
 .bss           0x20000040       0x1c D:/STM32CubeIDE/STM32CubeIDE_1.16.0/STM32CubeIDE/plugins/com.st.stm32cube.ide.mcu.externaltools.gnu-tools-for-stm32.12.3.rel1.win32_1.0.200.202406191623/tools/bin/../lib/gcc/arm-none-eabi/12.3.1/thumb/v7e-m+dp/hard/crtbegin.o
 *(.bss*)
 .bss.hpb_exti  0x2000005c        0x8 ./Drivers/BSP/STM32H745I_Nucleo/stm32h7xx_nucleo.o
                0x2000005c                hpb_exti
 .bss.uwTick    0x20000064        0x4 ./Drivers/STM32H7xx_HAL_Driver/stm32h7xx_hal.o
                0x20000064                uwTick
 .bss.SpiHandle
                0x20000068       0x88 ./Example/User/CM7/main.o
                0x20000068                SpiHandle
 *fill*         0x200000f0       0x10 
 .bss.aRxBuffer
                0x20000100       0x60 ./Example/User/CM7/main.o
                0x20000100                aRxBuffer
 .bss.wTransferState
                0x20000160        0x4 ./Example/User/CM7/main.o
                0x20000160                wTransferState
 *(COMMON)
                0x20000164                        . = ALIGN (0x4)
                0x20000164                        _ebss = .
                0x20000164                        __bss_end__ = _ebss

._user_heap_stack
                0x20000164      0x604 load address 0x08003920
                0x20000168                        . = ALIGN (0x8)
 *fill*         0x20000164        0x4 
                [!provide]                        PROVIDE (end = .)
                0x20000168                        PROVIDE (_end = .)
                0x20000368                        . = (. + _Min_Heap_Size)
 *fill*         0x20000168      0x200 
                0x20000768                        . = (. + _Min_Stack_Size)
 *fill*         0x20000368      0x400 
                0x20000768                        . = ALIGN (0x8)

/DISCARD/
 libc.a(*)
 libm.a(*)
 libgcc.a(*)

.ARM.attributes
                0x00000000       0x2e
 *(.ARM.attributes)
 .ARM.attributes
                0x00000000       0x20 D:/STM32CubeIDE/STM32CubeIDE_1.16.0/STM32CubeIDE/plugins/com.st.stm32cube.ide.mcu.externaltools.gnu-tools-for-stm32.12.3.rel1.win32_1.0.200.202406191623/tools/bin/../lib/gcc/arm-none-eabi/12.3.1/thumb/v7e-m+dp/hard/crti.o
 .ARM.attributes
                0x00000020       0x32 D:/STM32CubeIDE/STM32CubeIDE_1.16.0/STM32CubeIDE/plugins/com.st.stm32cube.ide.mcu.externaltools.gnu-tools-for-stm32.12.3.rel1.win32_1.0.200.202406191623/tools/bin/../lib/gcc/arm-none-eabi/12.3.1/thumb/v7e-m+dp/hard/crtbegin.o
 .ARM.attributes
                0x00000052       0x32 ./Drivers/BSP/STM32H745I_Nucleo/stm32h7xx_nucleo.o
 .ARM.attributes
                0x00000084       0x32 ./Drivers/CMSIS/system_stm32h7xx.o
 .ARM.attributes
                0x000000b6       0x32 ./Drivers/STM32H7xx_HAL_Driver/stm32h7xx_hal.o
 .ARM.attributes
                0x000000e8       0x32 ./Drivers/STM32H7xx_HAL_Driver/stm32h7xx_hal_cortex.o
 .ARM.attributes
                0x0000011a       0x32 ./Drivers/STM32H7xx_HAL_Driver/stm32h7xx_hal_dma.o
 .ARM.attributes
                0x0000014c       0x32 ./Drivers/STM32H7xx_HAL_Driver/stm32h7xx_hal_exti.o
 .ARM.attributes
                0x0000017e       0x32 ./Drivers/STM32H7xx_HAL_Driver/stm32h7xx_hal_gpio.o
 .ARM.attributes
                0x000001b0       0x32 ./Drivers/STM32H7xx_HAL_Driver/stm32h7xx_hal_pwr_ex.o
 .ARM.attributes
                0x000001e2       0x32 ./Drivers/STM32H7xx_HAL_Driver/stm32h7xx_hal_rcc.o
 .ARM.attributes
                0x00000214       0x32 ./Drivers/STM32H7xx_HAL_Driver/stm32h7xx_hal_spi.o
 .ARM.attributes
                0x00000246       0x32 ./Example/User/CM7/main.o
 .ARM.attributes
                0x00000278       0x32 ./Example/User/CM7/stm32h7xx_hal_msp.o
 .ARM.attributes
                0x000002aa       0x32 ./Example/User/CM7/stm32h7xx_it.o
 .ARM.attributes
                0x000002dc       0x21 ./Example/User/Startup/startup_stm32h745zitx.o
 .ARM.attributes
                0x000002fd       0x32 D:/STM32CubeIDE/STM32CubeIDE_1.16.0/STM32CubeIDE/plugins/com.st.stm32cube.ide.mcu.externaltools.gnu-tools-for-stm32.12.3.rel1.win32_1.0.200.202406191623/tools/bin/../lib/gcc/arm-none-eabi/12.3.1/../../../../arm-none-eabi/lib/thumb/v7e-m+dp/hard\libc_nano.a(libc_a-init.o)
 .ARM.attributes
                0x0000032f       0x20 D:/STM32CubeIDE/STM32CubeIDE_1.16.0/STM32CubeIDE/plugins/com.st.stm32cube.ide.mcu.externaltools.gnu-tools-for-stm32.12.3.rel1.win32_1.0.200.202406191623/tools/bin/../lib/gcc/arm-none-eabi/12.3.1/thumb/v7e-m+dp/hard/crtn.o
OUTPUT(SPI_FullDuplex_ComIT_CM7.elf elf32-littlearm)
LOAD linker stubs
LOAD D:/STM32CubeIDE/STM32CubeIDE_1.16.0/STM32CubeIDE/plugins/com.st.stm32cube.ide.mcu.externaltools.gnu-tools-for-stm32.12.3.rel1.win32_1.0.200.202406191623/tools/bin/../lib/gcc/arm-none-eabi/12.3.1/../../../../arm-none-eabi/lib/thumb/v7e-m+dp/hard\libc.a
LOAD D:/STM32CubeIDE/STM32CubeIDE_1.16.0/STM32CubeIDE/plugins/com.st.stm32cube.ide.mcu.externaltools.gnu-tools-for-stm32.12.3.rel1.win32_1.0.200.202406191623/tools/bin/../lib/gcc/arm-none-eabi/12.3.1/../../../../arm-none-eabi/lib/thumb/v7e-m+dp/hard\libm.a
LOAD D:/STM32CubeIDE/STM32CubeIDE_1.16.0/STM32CubeIDE/plugins/com.st.stm32cube.ide.mcu.externaltools.gnu-tools-for-stm32.12.3.rel1.win32_1.0.200.202406191623/tools/bin/../lib/gcc/arm-none-eabi/12.3.1/thumb/v7e-m+dp/hard\libgcc.a

.debug_info     0x00000000     0xd843
 .debug_info    0x00000000     0x19f6 ./Drivers/BSP/STM32H745I_Nucleo/stm32h7xx_nucleo.o
 .debug_info    0x000019f6      0xb12 ./Drivers/CMSIS/system_stm32h7xx.o
 .debug_info    0x00002508     0x1774 ./Drivers/STM32H7xx_HAL_Driver/stm32h7xx_hal.o
 .debug_info    0x00003c7c     0x107e ./Drivers/STM32H7xx_HAL_Driver/stm32h7xx_hal_cortex.o
 .debug_info    0x00004cfa      0xc39 ./Drivers/STM32H7xx_HAL_Driver/stm32h7xx_hal_dma.o
 .debug_info    0x00005933      0x9b8 ./Drivers/STM32H7xx_HAL_Driver/stm32h7xx_hal_exti.o
 .debug_info    0x000062eb      0xcf7 ./Drivers/STM32H7xx_HAL_Driver/stm32h7xx_hal_gpio.o
 .debug_info    0x00006fe2     0x121b ./Drivers/STM32H7xx_HAL_Driver/stm32h7xx_hal_pwr_ex.o
 .debug_info    0x000081fd      0xe58 ./Drivers/STM32H7xx_HAL_Driver/stm32h7xx_hal_rcc.o
 .debug_info    0x00009055     0x147c ./Drivers/STM32H7xx_HAL_Driver/stm32h7xx_hal_spi.o
 .debug_info    0x0000a4d1     0x1a2f ./Example/User/CM7/main.o
 .debug_info    0x0000bf00     0x10d5 ./Example/User/CM7/stm32h7xx_hal_msp.o
 .debug_info    0x0000cfd5      0x83e ./Example/User/CM7/stm32h7xx_it.o
 .debug_info    0x0000d813       0x30 ./Example/User/Startup/startup_stm32h745zitx.o

.debug_abbrev   0x00000000     0x2016
 .debug_abbrev  0x00000000      0x323 ./Drivers/BSP/STM32H745I_Nucleo/stm32h7xx_nucleo.o
 .debug_abbrev  0x00000323      0x139 ./Drivers/CMSIS/system_stm32h7xx.o
 .debug_abbrev  0x0000045c      0x295 ./Drivers/STM32H7xx_HAL_Driver/stm32h7xx_hal.o
 .debug_abbrev  0x000006f1      0x339 ./Drivers/STM32H7xx_HAL_Driver/stm32h7xx_hal_cortex.o
 .debug_abbrev  0x00000a2a      0x248 ./Drivers/STM32H7xx_HAL_Driver/stm32h7xx_hal_dma.o
 .debug_abbrev  0x00000c72      0x20b ./Drivers/STM32H7xx_HAL_Driver/stm32h7xx_hal_exti.o
 .debug_abbrev  0x00000e7d      0x1fe ./Drivers/STM32H7xx_HAL_Driver/stm32h7xx_hal_gpio.o
 .debug_abbrev  0x0000107b      0x2d7 ./Drivers/STM32H7xx_HAL_Driver/stm32h7xx_hal_pwr_ex.o
 .debug_abbrev  0x00001352      0x2c8 ./Drivers/STM32H7xx_HAL_Driver/stm32h7xx_hal_rcc.o
 .debug_abbrev  0x0000161a      0x2b1 ./Drivers/STM32H7xx_HAL_Driver/stm32h7xx_hal_spi.o
 .debug_abbrev  0x000018cb      0x3af ./Example/User/CM7/main.o
 .debug_abbrev  0x00001c7a      0x1e3 ./Example/User/CM7/stm32h7xx_hal_msp.o
 .debug_abbrev  0x00001e5d      0x195 ./Example/User/CM7/stm32h7xx_it.o
 .debug_abbrev  0x00001ff2       0x24 ./Example/User/Startup/startup_stm32h745zitx.o

.debug_aranges  0x00000000      0x9f8
 .debug_aranges
                0x00000000       0xa8 ./Drivers/BSP/STM32H745I_Nucleo/stm32h7xx_nucleo.o
 .debug_aranges
                0x000000a8       0x28 ./Drivers/CMSIS/system_stm32h7xx.o
 .debug_aranges
                0x000000d0      0x200 ./Drivers/STM32H7xx_HAL_Driver/stm32h7xx_hal.o
 .debug_aranges
                0x000002d0      0x120 ./Drivers/STM32H7xx_HAL_Driver/stm32h7xx_hal_cortex.o
 .debug_aranges
                0x000003f0       0xa0 ./Drivers/STM32H7xx_HAL_Driver/stm32h7xx_hal_dma.o
 .debug_aranges
                0x00000490       0x60 ./Drivers/STM32H7xx_HAL_Driver/stm32h7xx_hal_exti.o
 .debug_aranges
                0x000004f0       0x58 ./Drivers/STM32H7xx_HAL_Driver/stm32h7xx_hal_gpio.o
 .debug_aranges
                0x00000548      0x170 ./Drivers/STM32H7xx_HAL_Driver/stm32h7xx_hal_pwr_ex.o
 .debug_aranges
                0x000006b8       0x88 ./Drivers/STM32H7xx_HAL_Driver/stm32h7xx_hal_rcc.o
 .debug_aranges
                0x00000740      0x1a8 ./Drivers/STM32H7xx_HAL_Driver/stm32h7xx_hal_spi.o
 .debug_aranges
                0x000008e8       0x58 ./Example/User/CM7/main.o
 .debug_aranges
                0x00000940       0x28 ./Example/User/CM7/stm32h7xx_hal_msp.o
 .debug_aranges
                0x00000968       0x68 ./Example/User/CM7/stm32h7xx_it.o
 .debug_aranges
                0x000009d0       0x28 ./Example/User/Startup/startup_stm32h745zitx.o

.debug_rnglists
                0x00000000      0x775
 .debug_rnglists
                0x00000000       0x7c ./Drivers/BSP/STM32H745I_Nucleo/stm32h7xx_nucleo.o
 .debug_rnglists
                0x0000007c       0x1b ./Drivers/CMSIS/system_stm32h7xx.o
 .debug_rnglists
                0x00000097      0x180 ./Drivers/STM32H7xx_HAL_Driver/stm32h7xx_hal.o
 .debug_rnglists
                0x00000217       0xd4 ./Drivers/STM32H7xx_HAL_Driver/stm32h7xx_hal_cortex.o
 .debug_rnglists
                0x000002eb       0x82 ./Drivers/STM32H7xx_HAL_Driver/stm32h7xx_hal_dma.o
 .debug_rnglists
                0x0000036d       0x46 ./Drivers/STM32H7xx_HAL_Driver/stm32h7xx_hal_exti.o
 .debug_rnglists
                0x000003b3       0x3f ./Drivers/STM32H7xx_HAL_Driver/stm32h7xx_hal_gpio.o
 .debug_rnglists
                0x000003f2      0x117 ./Drivers/STM32H7xx_HAL_Driver/stm32h7xx_hal_pwr_ex.o
 .debug_rnglists
                0x00000509       0x68 ./Drivers/STM32H7xx_HAL_Driver/stm32h7xx_hal_rcc.o
 .debug_rnglists
                0x00000571      0x148 ./Drivers/STM32H7xx_HAL_Driver/stm32h7xx_hal_spi.o
 .debug_rnglists
                0x000006b9       0x40 ./Example/User/CM7/main.o
 .debug_rnglists
                0x000006f9       0x1a ./Example/User/CM7/stm32h7xx_hal_msp.o
 .debug_rnglists
                0x00000713       0x49 ./Example/User/CM7/stm32h7xx_it.o
 .debug_rnglists
                0x0000075c       0x19 ./Example/User/Startup/startup_stm32h745zitx.o

.debug_macro    0x00000000    0x3ad2f
 .debug_macro   0x00000000      0x302 ./Drivers/BSP/STM32H745I_Nucleo/stm32h7xx_nucleo.o
 .debug_macro   0x00000302      0xad8 ./Drivers/BSP/STM32H745I_Nucleo/stm32h7xx_nucleo.o
 .debug_macro   0x00000dda       0xe5 ./Drivers/BSP/STM32H745I_Nucleo/stm32h7xx_nucleo.o
 .debug_macro   0x00000ebf       0x2e ./Drivers/BSP/STM32H745I_Nucleo/stm32h7xx_nucleo.o
 .debug_macro   0x00000eed       0x49 ./Drivers/BSP/STM32H745I_Nucleo/stm32h7xx_nucleo.o
 .debug_macro   0x00000f36       0x22 ./Drivers/BSP/STM32H745I_Nucleo/stm32h7xx_nucleo.o
 .debug_macro   0x00000f58       0x8e ./Drivers/BSP/STM32H745I_Nucleo/stm32h7xx_nucleo.o
 .debug_macro   0x00000fe6       0x51 ./Drivers/BSP/STM32H745I_Nucleo/stm32h7xx_nucleo.o
 .debug_macro   0x00001037      0x103 ./Drivers/BSP/STM32H745I_Nucleo/stm32h7xx_nucleo.o
 .debug_macro   0x0000113a       0x6a ./Drivers/BSP/STM32H745I_Nucleo/stm32h7xx_nucleo.o
 .debug_macro   0x000011a4      0x1df ./Drivers/BSP/STM32H745I_Nucleo/stm32h7xx_nucleo.o
 .debug_macro   0x00001383       0x1c ./Drivers/BSP/STM32H745I_Nucleo/stm32h7xx_nucleo.o
 .debug_macro   0x0000139f       0x22 ./Drivers/BSP/STM32H745I_Nucleo/stm32h7xx_nucleo.o
 .debug_macro   0x000013c1       0xfb ./Drivers/BSP/STM32H745I_Nucleo/stm32h7xx_nucleo.o
 .debug_macro   0x000014bc     0x1305 ./Drivers/BSP/STM32H745I_Nucleo/stm32h7xx_nucleo.o
 .debug_macro   0x000027c1      0x11f ./Drivers/BSP/STM32H745I_Nucleo/stm32h7xx_nucleo.o
 .debug_macro   0x000028e0       0x27 ./Drivers/BSP/STM32H745I_Nucleo/stm32h7xx_nucleo.o
 .debug_macro   0x00002907    0x26d4a ./Drivers/BSP/STM32H745I_Nucleo/stm32h7xx_nucleo.o
 .debug_macro   0x00029651       0x6d ./Drivers/BSP/STM32H745I_Nucleo/stm32h7xx_nucleo.o
 .debug_macro   0x000296be     0x3d5d ./Drivers/BSP/STM32H745I_Nucleo/stm32h7xx_nucleo.o
 .debug_macro   0x0002d41b      0x189 ./Drivers/BSP/STM32H745I_Nucleo/stm32h7xx_nucleo.o
 .debug_macro   0x0002d5a4       0x61 ./Drivers/BSP/STM32H745I_Nucleo/stm32h7xx_nucleo.o
 .debug_macro   0x0002d605       0x29 ./Drivers/BSP/STM32H745I_Nucleo/stm32h7xx_nucleo.o
 .debug_macro   0x0002d62e       0x43 ./Drivers/BSP/STM32H745I_Nucleo/stm32h7xx_nucleo.o
 .debug_macro   0x0002d671       0x34 ./Drivers/BSP/STM32H745I_Nucleo/stm32h7xx_nucleo.o
 .debug_macro   0x0002d6a5       0x16 ./Drivers/BSP/STM32H745I_Nucleo/stm32h7xx_nucleo.o
 .debug_macro   0x0002d6bb       0x43 ./Drivers/BSP/STM32H745I_Nucleo/stm32h7xx_nucleo.o
 .debug_macro   0x0002d6fe       0x34 ./Drivers/BSP/STM32H745I_Nucleo/stm32h7xx_nucleo.o
 .debug_macro   0x0002d732       0x10 ./Drivers/BSP/STM32H745I_Nucleo/stm32h7xx_nucleo.o
 .debug_macro   0x0002d742       0x58 ./Drivers/BSP/STM32H745I_Nucleo/stm32h7xx_nucleo.o
 .debug_macro   0x0002d79a       0x8e ./Drivers/BSP/STM32H745I_Nucleo/stm32h7xx_nucleo.o
 .debug_macro   0x0002d828       0x1c ./Drivers/BSP/STM32H745I_Nucleo/stm32h7xx_nucleo.o
 .debug_macro   0x0002d844      0x177 ./Drivers/BSP/STM32H745I_Nucleo/stm32h7xx_nucleo.o
 .debug_macro   0x0002d9bb      0x369 ./Drivers/BSP/STM32H745I_Nucleo/stm32h7xx_nucleo.o
 .debug_macro   0x0002dd24      0x19b ./Drivers/BSP/STM32H745I_Nucleo/stm32h7xx_nucleo.o
 .debug_macro   0x0002debf       0x5d ./Drivers/BSP/STM32H745I_Nucleo/stm32h7xx_nucleo.o
 .debug_macro   0x0002df1c     0x3a9d ./Drivers/BSP/STM32H745I_Nucleo/stm32h7xx_nucleo.o
 .debug_macro   0x000319b9     0x1072 ./Drivers/BSP/STM32H745I_Nucleo/stm32h7xx_nucleo.o
 .debug_macro   0x00032a2b      0x154 ./Drivers/BSP/STM32H745I_Nucleo/stm32h7xx_nucleo.o
 .debug_macro   0x00032b7f      0x130 ./Drivers/BSP/STM32H745I_Nucleo/stm32h7xx_nucleo.o
 .debug_macro   0x00032caf      0x3be ./Drivers/BSP/STM32H745I_Nucleo/stm32h7xx_nucleo.o
 .debug_macro   0x0003306d       0xac ./Drivers/BSP/STM32H745I_Nucleo/stm32h7xx_nucleo.o
 .debug_macro   0x00033119      0x72d ./Drivers/BSP/STM32H745I_Nucleo/stm32h7xx_nucleo.o
 .debug_macro   0x00033846      0x228 ./Drivers/BSP/STM32H745I_Nucleo/stm32h7xx_nucleo.o
 .debug_macro   0x00033a6e       0x66 ./Drivers/BSP/STM32H745I_Nucleo/stm32h7xx_nucleo.o
 .debug_macro   0x00033ad4      0x407 ./Drivers/BSP/STM32H745I_Nucleo/stm32h7xx_nucleo.o
 .debug_macro   0x00033edb      0x27c ./Drivers/BSP/STM32H745I_Nucleo/stm32h7xx_nucleo.o
 .debug_macro   0x00034157     0x1044 ./Drivers/BSP/STM32H745I_Nucleo/stm32h7xx_nucleo.o
 .debug_macro   0x0003519b      0x6cc ./Drivers/BSP/STM32H745I_Nucleo/stm32h7xx_nucleo.o
 .debug_macro   0x00035867      0x36e ./Drivers/BSP/STM32H745I_Nucleo/stm32h7xx_nucleo.o
 .debug_macro   0x00035bd5      0x3ca ./Drivers/BSP/STM32H745I_Nucleo/stm32h7xx_nucleo.o
 .debug_macro   0x00035f9f      0x4a2 ./Drivers/BSP/STM32H745I_Nucleo/stm32h7xx_nucleo.o
 .debug_macro   0x00036441       0x51 ./Drivers/BSP/STM32H745I_Nucleo/stm32h7xx_nucleo.o
 .debug_macro   0x00036492       0x4a ./Drivers/BSP/STM32H745I_Nucleo/stm32h7xx_nucleo.o
 .debug_macro   0x000364dc      0x22c ./Drivers/BSP/STM32H745I_Nucleo/stm32h7xx_nucleo.o
 .debug_macro   0x00036708       0x67 ./Drivers/BSP/STM32H745I_Nucleo/stm32h7xx_nucleo.o
 .debug_macro   0x0003676f       0xa5 ./Drivers/BSP/STM32H745I_Nucleo/stm32h7xx_nucleo.o
 .debug_macro   0x00036814      0x218 ./Drivers/BSP/STM32H745I_Nucleo/stm32h7xx_nucleo.o
 .debug_macro   0x00036a2c      0x2ea ./Drivers/BSP/STM32H745I_Nucleo/stm32h7xx_nucleo.o
 .debug_macro   0x00036d16       0x35 ./Drivers/BSP/STM32H745I_Nucleo/stm32h7xx_nucleo.o
 .debug_macro   0x00036d4b      0x5e4 ./Drivers/BSP/STM32H745I_Nucleo/stm32h7xx_nucleo.o
 .debug_macro   0x0003732f       0xba ./Drivers/BSP/STM32H745I_Nucleo/stm32h7xx_nucleo.o
 .debug_macro   0x000373e9      0x693 ./Drivers/BSP/STM32H745I_Nucleo/stm32h7xx_nucleo.o
 .debug_macro   0x00037a7c       0xa6 ./Drivers/BSP/STM32H745I_Nucleo/stm32h7xx_nucleo.o
 .debug_macro   0x00037b22      0x359 ./Drivers/BSP/STM32H745I_Nucleo/stm32h7xx_nucleo.o
 .debug_macro   0x00037e7b       0xb9 ./Drivers/BSP/STM32H745I_Nucleo/stm32h7xx_nucleo.o
 .debug_macro   0x00037f34      0x798 ./Drivers/BSP/STM32H745I_Nucleo/stm32h7xx_nucleo.o
 .debug_macro   0x000386cc       0x28 ./Drivers/BSP/STM32H745I_Nucleo/stm32h7xx_nucleo.o
 .debug_macro   0x000386f4       0x52 ./Drivers/BSP/STM32H745I_Nucleo/stm32h7xx_nucleo.o
 .debug_macro   0x00038746      0x137 ./Drivers/BSP/STM32H745I_Nucleo/stm32h7xx_nucleo.o
 .debug_macro   0x0003887d      0x2e1 ./Drivers/CMSIS/system_stm32h7xx.o
 .debug_macro   0x00038b5e      0x305 ./Drivers/STM32H7xx_HAL_Driver/stm32h7xx_hal.o
 .debug_macro   0x00038e63      0x2db ./Drivers/STM32H7xx_HAL_Driver/stm32h7xx_hal_cortex.o
 .debug_macro   0x0003913e      0x32f ./Drivers/STM32H7xx_HAL_Driver/stm32h7xx_hal_dma.o
 .debug_macro   0x0003946d      0x2e9 ./Drivers/STM32H7xx_HAL_Driver/stm32h7xx_hal_exti.o
 .debug_macro   0x00039756      0x2ef ./Drivers/STM32H7xx_HAL_Driver/stm32h7xx_hal_gpio.o
 .debug_macro   0x00039a45      0x314 ./Drivers/STM32H7xx_HAL_Driver/stm32h7xx_hal_pwr_ex.o
 .debug_macro   0x00039d59      0x2ff ./Drivers/STM32H7xx_HAL_Driver/stm32h7xx_hal_rcc.o
 .debug_macro   0x0003a058      0x2ea ./Drivers/STM32H7xx_HAL_Driver/stm32h7xx_hal_spi.o
 .debug_macro   0x0003a342      0x31d ./Example/User/CM7/main.o
 .debug_macro   0x0003a65f       0x2e ./Example/User/CM7/main.o
 .debug_macro   0x0003a68d       0x82 ./Example/User/CM7/main.o
 .debug_macro   0x0003a70f      0x30b ./Example/User/CM7/stm32h7xx_hal_msp.o
 .debug_macro   0x0003aa1a      0x315 ./Example/User/CM7/stm32h7xx_it.o

.debug_line     0x00000000     0xfa52
 .debug_line    0x00000000      0xea0 ./Drivers/BSP/STM32H745I_Nucleo/stm32h7xx_nucleo.o
 .debug_line    0x00000ea0      0xcbd ./Drivers/CMSIS/system_stm32h7xx.o
 .debug_line    0x00001b5d     0x11e7 ./Drivers/STM32H7xx_HAL_Driver/stm32h7xx_hal.o
 .debug_line    0x00002d44     0x1099 ./Drivers/STM32H7xx_HAL_Driver/stm32h7xx_hal_cortex.o
 .debug_line    0x00003ddd     0x29eb ./Drivers/STM32H7xx_HAL_Driver/stm32h7xx_hal_dma.o
 .debug_line    0x000067c8      0xffc ./Drivers/STM32H7xx_HAL_Driver/stm32h7xx_hal_exti.o
 .debug_line    0x000077c4      0xf60 ./Drivers/STM32H7xx_HAL_Driver/stm32h7xx_hal_gpio.o
 .debug_line    0x00008724     0x12b2 ./Drivers/STM32H7xx_HAL_Driver/stm32h7xx_hal_pwr_ex.o
 .debug_line    0x000099d6     0x1658 ./Drivers/STM32H7xx_HAL_Driver/stm32h7xx_hal_rcc.o
 .debug_line    0x0000b02e     0x22b0 ./Drivers/STM32H7xx_HAL_Driver/stm32h7xx_hal_spi.o
 .debug_line    0x0000d2de      0xe94 ./Example/User/CM7/main.o
 .debug_line    0x0000e172      0xbec ./Example/User/CM7/stm32h7xx_hal_msp.o
 .debug_line    0x0000ed5e      0xc7a ./Example/User/CM7/stm32h7xx_it.o
 .debug_line    0x0000f9d8       0x7a ./Example/User/Startup/startup_stm32h745zitx.o

.debug_str      0x00000000   0x18ed10
 .debug_str     0x00000000   0x18b4cd ./Drivers/BSP/STM32H745I_Nucleo/stm32h7xx_nucleo.o
                             0x18bc3a (size before relaxing)
 .debug_str     0x0018b4cd      0x30b ./Drivers/CMSIS/system_stm32h7xx.o
                             0x18a292 (size before relaxing)
 .debug_str     0x0018b7d8      0xa39 ./Drivers/STM32H7xx_HAL_Driver/stm32h7xx_hal.o
                             0x18b434 (size before relaxing)
 .debug_str     0x0018c211      0x370 ./Drivers/STM32H7xx_HAL_Driver/stm32h7xx_hal_cortex.o
                             0x18ac63 (size before relaxing)
 .debug_str     0x0018c581      0x8e8 ./Drivers/STM32H7xx_HAL_Driver/stm32h7xx_hal_dma.o
                             0x18aa44 (size before relaxing)
 .debug_str     0x0018ce69      0x1bb ./Drivers/STM32H7xx_HAL_Driver/stm32h7xx_hal_exti.o
                             0x18a187 (size before relaxing)
 .debug_str     0x0018d024      0x144 ./Drivers/STM32H7xx_HAL_Driver/stm32h7xx_hal_gpio.o
                             0x18a335 (size before relaxing)
 .debug_str     0x0018d168      0x71d ./Drivers/STM32H7xx_HAL_Driver/stm32h7xx_hal_pwr_ex.o
                             0x18a840 (size before relaxing)
 .debug_str     0x0018d885      0x55d ./Drivers/STM32H7xx_HAL_Driver/stm32h7xx_hal_rcc.o
                             0x18a6b6 (size before relaxing)
 .debug_str     0x0018dde2      0x7ef ./Drivers/STM32H7xx_HAL_Driver/stm32h7xx_hal_spi.o
                             0x18a9ae (size before relaxing)
 .debug_str     0x0018e5d1      0x514 ./Example/User/CM7/main.o
                             0x18b90b (size before relaxing)
 .debug_str     0x0018eae5       0xa1 ./Example/User/CM7/stm32h7xx_hal_msp.o
                             0x18bac5 (size before relaxing)
 .debug_str     0x0018eb86      0x13e ./Example/User/CM7/stm32h7xx_it.o
                             0x18b047 (size before relaxing)
 .debug_str     0x0018ecc4       0x4c ./Example/User/Startup/startup_stm32h745zitx.o
                                 0xe8 (size before relaxing)

.comment        0x00000000       0x43
 .comment       0x00000000       0x43 ./Drivers/BSP/STM32H745I_Nucleo/stm32h7xx_nucleo.o
                                 0x44 (size before relaxing)
 .comment       0x00000043       0x44 ./Drivers/CMSIS/system_stm32h7xx.o
 .comment       0x00000043       0x44 ./Drivers/STM32H7xx_HAL_Driver/stm32h7xx_hal.o
 .comment       0x00000043       0x44 ./Drivers/STM32H7xx_HAL_Driver/stm32h7xx_hal_cortex.o
 .comment       0x00000043       0x44 ./Drivers/STM32H7xx_HAL_Driver/stm32h7xx_hal_dma.o
 .comment       0x00000043       0x44 ./Drivers/STM32H7xx_HAL_Driver/stm32h7xx_hal_exti.o
 .comment       0x00000043       0x44 ./Drivers/STM32H7xx_HAL_Driver/stm32h7xx_hal_gpio.o
 .comment       0x00000043       0x44 ./Drivers/STM32H7xx_HAL_Driver/stm32h7xx_hal_pwr_ex.o
 .comment       0x00000043       0x44 ./Drivers/STM32H7xx_HAL_Driver/stm32h7xx_hal_rcc.o
 .comment       0x00000043       0x44 ./Drivers/STM32H7xx_HAL_Driver/stm32h7xx_hal_spi.o
 .comment       0x00000043       0x44 ./Example/User/CM7/main.o
 .comment       0x00000043       0x44 ./Example/User/CM7/stm32h7xx_hal_msp.o
 .comment       0x00000043       0x44 ./Example/User/CM7/stm32h7xx_it.o

.debug_frame    0x00000000     0x27c0
 .debug_frame   0x00000000      0x290 ./Drivers/BSP/STM32H745I_Nucleo/stm32h7xx_nucleo.o
 .debug_frame   0x00000290       0x58 ./Drivers/CMSIS/system_stm32h7xx.o
 .debug_frame   0x000002e8      0x848 ./Drivers/STM32H7xx_HAL_Driver/stm32h7xx_hal.o
 .debug_frame   0x00000b30      0x4b8 ./Drivers/STM32H7xx_HAL_Driver/stm32h7xx_hal_cortex.o
 .debug_frame   0x00000fe8      0x2b4 ./Drivers/STM32H7xx_HAL_Driver/stm32h7xx_hal_dma.o
 .debug_frame   0x0000129c      0x16c ./Drivers/STM32H7xx_HAL_Driver/stm32h7xx_hal_exti.o
 .debug_frame   0x00001408      0x14c ./Drivers/STM32H7xx_HAL_Driver/stm32h7xx_hal_gpio.o
 .debug_frame   0x00001554      0x5ec ./Drivers/STM32H7xx_HAL_Driver/stm32h7xx_hal_pwr_ex.o
 .debug_frame   0x00001b40      0x1f8 ./Drivers/STM32H7xx_HAL_Driver/stm32h7xx_hal_rcc.o
 .debug_frame   0x00001d38      0x7a8 ./Drivers/STM32H7xx_HAL_Driver/stm32h7xx_hal_spi.o
 .debug_frame   0x000024e0      0x134 ./Example/User/CM7/main.o
 .debug_frame   0x00002614       0x58 ./Example/User/CM7/stm32h7xx_hal_msp.o
 .debug_frame   0x0000266c      0x128 ./Example/User/CM7/stm32h7xx_it.o
 .debug_frame   0x00002794       0x2c D:/STM32CubeIDE/STM32CubeIDE_1.16.0/STM32CubeIDE/plugins/com.st.stm32cube.ide.mcu.externaltools.gnu-tools-for-stm32.12.3.rel1.win32_1.0.200.202406191623/tools/bin/../lib/gcc/arm-none-eabi/12.3.1/../../../../arm-none-eabi/lib/thumb/v7e-m+dp/hard\libc_nano.a(libc_a-init.o)

.debug_line_str
                0x00000000       0xcc
 .debug_line_str
                0x00000000       0xcc ./Example/User/Startup/startup_stm32h745zitx.o
