Archive member included to satisfy reference by file (symbol)

D:/STM32CubeIDE/STM32CubeIDE_1.16.0/STM32CubeIDE/plugins/com.st.stm32cube.ide.mcu.externaltools.gnu-tools-for-stm32.12.3.rel1.win32_1.0.200.202406191623/tools/bin/../lib/gcc/arm-none-eabi/12.3.1/../../../../arm-none-eabi/lib/thumb/v7e-m+fp/hard\libc_nano.a(libc_a-exit.o)
                              D:/STM32CubeIDE/STM32CubeIDE_1.16.0/STM32CubeIDE/plugins/com.st.stm32cube.ide.mcu.externaltools.gnu-tools-for-stm32.12.3.rel1.win32_1.0.200.202406191623/tools/bin/../lib/gcc/arm-none-eabi/12.3.1/../../../../arm-none-eabi/lib/thumb/v7e-m+fp/hard/crt0.o (exit)
D:/STM32CubeIDE/STM32CubeIDE_1.16.0/STM32CubeIDE/plugins/com.st.stm32cube.ide.mcu.externaltools.gnu-tools-for-stm32.12.3.rel1.win32_1.0.200.202406191623/tools/bin/../lib/gcc/arm-none-eabi/12.3.1/../../../../arm-none-eabi/lib/thumb/v7e-m+fp/hard\libc_nano.a(libc_a-findfp.o)
                              D:/STM32CubeIDE/STM32CubeIDE_1.16.0/STM32CubeIDE/plugins/com.st.stm32cube.ide.mcu.externaltools.gnu-tools-for-stm32.12.3.rel1.win32_1.0.200.202406191623/tools/bin/../lib/gcc/arm-none-eabi/12.3.1/../../../../arm-none-eabi/lib/thumb/v7e-m+fp/hard\libc_nano.a(libc_a-exit.o) (__stdio_exit_handler)
D:/STM32CubeIDE/STM32CubeIDE_1.16.0/STM32CubeIDE/plugins/com.st.stm32cube.ide.mcu.externaltools.gnu-tools-for-stm32.12.3.rel1.win32_1.0.200.202406191623/tools/bin/../lib/gcc/arm-none-eabi/12.3.1/../../../../arm-none-eabi/lib/thumb/v7e-m+fp/hard\libc_nano.a(libc_a-fwalk.o)
                              D:/STM32CubeIDE/STM32CubeIDE_1.16.0/STM32CubeIDE/plugins/com.st.stm32cube.ide.mcu.externaltools.gnu-tools-for-stm32.12.3.rel1.win32_1.0.200.202406191623/tools/bin/../lib/gcc/arm-none-eabi/12.3.1/../../../../arm-none-eabi/lib/thumb/v7e-m+fp/hard\libc_nano.a(libc_a-findfp.o) (_fwalk_sglue)
D:/STM32CubeIDE/STM32CubeIDE_1.16.0/STM32CubeIDE/plugins/com.st.stm32cube.ide.mcu.externaltools.gnu-tools-for-stm32.12.3.rel1.win32_1.0.200.202406191623/tools/bin/../lib/gcc/arm-none-eabi/12.3.1/../../../../arm-none-eabi/lib/thumb/v7e-m+fp/hard\libc_nano.a(libc_a-stdio.o)
                              D:/STM32CubeIDE/STM32CubeIDE_1.16.0/STM32CubeIDE/plugins/com.st.stm32cube.ide.mcu.externaltools.gnu-tools-for-stm32.12.3.rel1.win32_1.0.200.202406191623/tools/bin/../lib/gcc/arm-none-eabi/12.3.1/../../../../arm-none-eabi/lib/thumb/v7e-m+fp/hard\libc_nano.a(libc_a-findfp.o) (__sread)
D:/STM32CubeIDE/STM32CubeIDE_1.16.0/STM32CubeIDE/plugins/com.st.stm32cube.ide.mcu.externaltools.gnu-tools-for-stm32.12.3.rel1.win32_1.0.200.202406191623/tools/bin/../lib/gcc/arm-none-eabi/12.3.1/../../../../arm-none-eabi/lib/thumb/v7e-m+fp/hard\libc_nano.a(libc_a-memset.o)
                              D:/STM32CubeIDE/STM32CubeIDE_1.16.0/STM32CubeIDE/plugins/com.st.stm32cube.ide.mcu.externaltools.gnu-tools-for-stm32.12.3.rel1.win32_1.0.200.202406191623/tools/bin/../lib/gcc/arm-none-eabi/12.3.1/../../../../arm-none-eabi/lib/thumb/v7e-m+fp/hard/crt0.o (memset)
D:/STM32CubeIDE/STM32CubeIDE_1.16.0/STM32CubeIDE/plugins/com.st.stm32cube.ide.mcu.externaltools.gnu-tools-for-stm32.12.3.rel1.win32_1.0.200.202406191623/tools/bin/../lib/gcc/arm-none-eabi/12.3.1/../../../../arm-none-eabi/lib/thumb/v7e-m+fp/hard\libc_nano.a(libc_a-closer.o)
                              D:/STM32CubeIDE/STM32CubeIDE_1.16.0/STM32CubeIDE/plugins/com.st.stm32cube.ide.mcu.externaltools.gnu-tools-for-stm32.12.3.rel1.win32_1.0.200.202406191623/tools/bin/../lib/gcc/arm-none-eabi/12.3.1/../../../../arm-none-eabi/lib/thumb/v7e-m+fp/hard\libc_nano.a(libc_a-stdio.o) (_close_r)
D:/STM32CubeIDE/STM32CubeIDE_1.16.0/STM32CubeIDE/plugins/com.st.stm32cube.ide.mcu.externaltools.gnu-tools-for-stm32.12.3.rel1.win32_1.0.200.202406191623/tools/bin/../lib/gcc/arm-none-eabi/12.3.1/../../../../arm-none-eabi/lib/thumb/v7e-m+fp/hard\libc_nano.a(libc_a-reent.o)
                              D:/STM32CubeIDE/STM32CubeIDE_1.16.0/STM32CubeIDE/plugins/com.st.stm32cube.ide.mcu.externaltools.gnu-tools-for-stm32.12.3.rel1.win32_1.0.200.202406191623/tools/bin/../lib/gcc/arm-none-eabi/12.3.1/../../../../arm-none-eabi/lib/thumb/v7e-m+fp/hard\libc_nano.a(libc_a-closer.o) (errno)
D:/STM32CubeIDE/STM32CubeIDE_1.16.0/STM32CubeIDE/plugins/com.st.stm32cube.ide.mcu.externaltools.gnu-tools-for-stm32.12.3.rel1.win32_1.0.200.202406191623/tools/bin/../lib/gcc/arm-none-eabi/12.3.1/../../../../arm-none-eabi/lib/thumb/v7e-m+fp/hard\libc_nano.a(libc_a-impure.o)
                              D:/STM32CubeIDE/STM32CubeIDE_1.16.0/STM32CubeIDE/plugins/com.st.stm32cube.ide.mcu.externaltools.gnu-tools-for-stm32.12.3.rel1.win32_1.0.200.202406191623/tools/bin/../lib/gcc/arm-none-eabi/12.3.1/../../../../arm-none-eabi/lib/thumb/v7e-m+fp/hard\libc_nano.a(libc_a-reent.o) (_impure_ptr)
[...]
Memory Configuration

Name             Origin             Length             Attributes
FLASH            0x08100000         0x00100000         xr
RAM              0x10000000         0x00048000         xrw
*default*        0x00000000         0xffffffff

Linker script and memory map

LOAD D:/STM32CubeIDE/STM32CubeIDE_1.16.0/STM32CubeIDE/plugins/com.st.stm32cube.ide.mcu.externaltools.gnu-tools-for-stm32.12.3.rel1.win32_1.0.200.202406191623/tools/bin/../lib/gcc/arm-none-eabi/12.3.1/thumb/v7e-m+fp/hard/crti.o
LOAD D:/STM32CubeIDE/STM32CubeIDE_1.16.0/STM32CubeIDE/plugins/com.st.stm32cube.ide.mcu.externaltools.gnu-tools-for-stm32.12.3.rel1.win32_1.0.200.202406191623/tools/bin/../lib/gcc/arm-none-eabi/12.3.1/thumb/v7e-m+fp/hard/crtbegin.o
LOAD D:/STM32CubeIDE/STM32CubeIDE_1.16.0/STM32CubeIDE/plugins/com.st.stm32cube.ide.mcu.externaltools.gnu-tools-for-stm32.12.3.rel1.win32_1.0.200.202406191623/tools/bin/../lib/gcc/arm-none-eabi/12.3.1/../../../../arm-none-eabi/lib/thumb/v7e-m+fp/hard/crt0.o
LOAD ./Drivers/BSP/STM32H745I_Nucleo/stm32h7xx_nucleo.o
LOAD ./Drivers/CMSIS/system_stm32h7xx.o
LOAD ./Drivers/STM32H7xx_HAL_Driver/stm32h7xx_hal.o
LOAD ./Drivers/STM32H7xx_HAL_Driver/stm32h7xx_hal_adc.o
LOAD ./Drivers/STM32H7xx_HAL_Driver/stm32h7xx_hal_adc_ex.o
LOAD ./Drivers/STM32H7xx_HAL_Driver/stm32h7xx_hal_cortex.o
LOAD ./Drivers/STM32H7xx_HAL_Driver/stm32h7xx_hal_cryp.o
LOAD ./Drivers/STM32H7xx_HAL_Driver/stm32h7xx_hal_cryp_ex.o
LOAD ./Drivers/STM32H7xx_HAL_Driver/stm32h7xx_hal_dma.o
LOAD ./Drivers/STM32H7xx_HAL_Driver/stm32h7xx_hal_dma2d.o
LOAD ./Drivers/STM32H7xx_HAL_Driver/stm32h7xx_hal_dma_ex.o
LOAD ./Drivers/STM32H7xx_HAL_Driver/stm32h7xx_hal_exti.o
LOAD ./Drivers/STM32H7xx_HAL_Driver/stm32h7xx_hal_flash.o
LOAD ./Drivers/STM32H7xx_HAL_Driver/stm32h7xx_hal_flash_ex.o
LOAD ./Drivers/STM32H7xx_HAL_Driver/stm32h7xx_hal_gpio.o
LOAD ./Drivers/STM32H7xx_HAL_Driver/stm32h7xx_hal_hsem.o
LOAD ./Drivers/STM32H7xx_HAL_Driver/stm32h7xx_hal_lptim.o
LOAD ./Drivers/STM32H7xx_HAL_Driver/stm32h7xx_hal_pwr.o
LOAD ./Drivers/STM32H7xx_HAL_Driver/stm32h7xx_hal_pwr_ex.o
LOAD ./Drivers/STM32H7xx_HAL_Driver/stm32h7xx_hal_rcc.o
LOAD ./Drivers/STM32H7xx_HAL_Driver/stm32h7xx_hal_rcc_ex.o
LOAD ./Drivers/STM32H7xx_HAL_Driver/stm32h7xx_hal_spi.o
LOAD ./Drivers/STM32H7xx_HAL_Driver/stm32h7xx_hal_spi_ex.o
LOAD ./Drivers/STM32H7xx_HAL_Driver/stm32h7xx_hal_tim.o
LOAD ./Drivers/STM32H7xx_HAL_Driver/stm32h7xx_hal_tim_ex.o
LOAD ./Drivers/STM32H7xx_HAL_Driver/stm32h7xx_hal_uart.o
LOAD ./Example/User/CM4/main.o
LOAD ./Example/User/CM4/stm32h7xx_hal_msp.o
LOAD ./Example/User/CM4/stm32h7xx_it.o
LOAD ./Example/User/CM4/syscalls.o
LOAD ./Example/User/CM4/sysmem.o
LOAD ./Example/User/Startup/startup_stm32h745zitx.o
START GROUP
LOAD D:/STM32CubeIDE/STM32CubeIDE_1.16.0/STM32CubeIDE/plugins/com.st.stm32cube.ide.mcu.externaltools.gnu-tools-for-stm32.12.3.rel1.win32_1.0.200.202406191623/tools/bin/../lib/gcc/arm-none-eabi/12.3.1/../../../../arm-none-eabi/lib/thumb/v7e-m+fp/hard\libc_nano.a
LOAD D:/STM32CubeIDE/STM32CubeIDE_1.16.0/STM32CubeIDE/plugins/com.st.stm32cube.ide.mcu.externaltools.gnu-tools-for-stm32.12.3.rel1.win32_1.0.200.202406191623/tools/bin/../lib/gcc/arm-none-eabi/12.3.1/../../../../arm-none-eabi/lib/thumb/v7e-m+fp/hard\libm.a
END GROUP
START GROUP
LOAD D:/STM32CubeIDE/STM32CubeIDE_1.16.0/STM32CubeIDE/plugins/com.st.stm32cube.ide.mcu.externaltools.gnu-tools-for-stm32.12.3.rel1.win32_1.0.200.202406191623/tools/bin/../lib/gcc/arm-none-eabi/12.3.1/thumb/v7e-m+fp/hard\libgcc.a
LOAD D:/STM32CubeIDE/STM32CubeIDE_1.16.0/STM32CubeIDE/plugins/com.st.stm32cube.ide.mcu.externaltools.gnu-tools-for-stm32.12.3.rel1.win32_1.0.200.202406191623/tools/bin/../lib/gcc/arm-none-eabi/12.3.1/../../../../arm-none-eabi/lib/thumb/v7e-m+fp/hard\libc_nano.a
END GROUP
START GROUP
LOAD D:/STM32CubeIDE/STM32CubeIDE_1.16.0/STM32CubeIDE/plugins/com.st.stm32cube.ide.mcu.externaltools.gnu-tools-for-stm32.12.3.rel1.win32_1.0.200.202406191623/tools/bin/../lib/gcc/arm-none-eabi/12.3.1/thumb/v7e-m+fp/hard\libgcc.a
LOAD D:/STM32CubeIDE/STM32CubeIDE_1.16.0/STM32CubeIDE/plugins/com.st.stm32cube.ide.mcu.externaltools.gnu-tools-for-stm32.12.3.rel1.win32_1.0.200.202406191623/tools/bin/../lib/gcc/arm-none-eabi/12.3.1/../../../../arm-none-eabi/lib/thumb/v7e-m+fp/hard\libc_nano.a
LOAD D:/STM32CubeIDE/STM32CubeIDE_1.16.0/STM32CubeIDE/plugins/com.st.stm32cube.ide.mcu.externaltools.gnu-tools-for-stm32.12.3.rel1.win32_1.0.200.202406191623/tools/bin/../lib/gcc/arm-none-eabi/12.3.1/../../../../arm-none-eabi/lib/thumb/v7e-m+fp/hard\libnosys.a
END GROUP
START GROUP
LOAD D:/STM32CubeIDE/STM32CubeIDE_1.16.0/STM32CubeIDE/plugins/com.st.stm32cube.ide.mcu.externaltools.gnu-tools-for-stm32.12.3.rel1.win32_1.0.200.202406191623/tools/bin/../lib/gcc/arm-none-eabi/12.3.1/thumb/v7e-m+fp/hard\libgcc.a
LOAD D:/STM32CubeIDE/STM32CubeIDE_1.16.0/STM32CubeIDE/plugins/com.st.stm32cube.ide.mcu.externaltools.gnu-tools-for-stm32.12.3.rel1.win32_1.0.200.202406191623/tools/bin/../lib/gcc/arm-none-eabi/12.3.1/../../../../arm-none-eabi/lib/thumb/v7e-m+fp/hard\libc_nano.a
LOAD D:/STM32CubeIDE/STM32CubeIDE_1.16.0/STM32CubeIDE/plugins/com.st.stm32cube.ide.mcu.externaltools.gnu-tools-for-stm32.12.3.rel1.win32_1.0.200.202406191623/tools/bin/../lib/gcc/arm-none-eabi/12.3.1/../../../../arm-none-eabi/lib/thumb/v7e-m+fp/hard\libnosys.a
END GROUP
LOAD D:/STM32CubeIDE/STM32CubeIDE_1.16.0/STM32CubeIDE/plugins/com.st.stm32cube.ide.mcu.externaltools.gnu-tools-for-stm32.12.3.rel1.win32_1.0.200.202406191623/tools/bin/../lib/gcc/arm-none-eabi/12.3.1/thumb/v7e-m+fp/hard/crtend.o
LOAD D:/STM32CubeIDE/STM32CubeIDE_1.16.0/STM32CubeIDE/plugins/com.st.stm32cube.ide.mcu.externaltools.gnu-tools-for-stm32.12.3.rel1.win32_1.0.200.202406191623/tools/bin/../lib/gcc/arm-none-eabi/12.3.1/thumb/v7e-m+fp/hard/crtn.o
                0x10048000                        _estack = 0x10048000
                0x00000200                        _Min_Heap_Size = 0x200
                0x00000400                        _Min_Stack_Size = 0x400

.isr_vector     0x08100000      0x298
                0x08100000                        . = ALIGN (0x4)
 *(.isr_vector)
 .isr_vector    0x08100000      0x298 ./Example/User/Startup/startup_stm32h745zitx.o
                0x08100000                g_pfnVectors
                0x08100298                        . = ALIGN (0x4)

.text           0x08100298      0x984
                0x08100298                        . = ALIGN (0x4)
 *(.text)
 .text          0x08100298       0x40 D:/STM32CubeIDE/STM32CubeIDE_1.16.0/STM32CubeIDE/plugins/com.st.stm32cube.ide.mcu.externaltools.gnu-tools-for-stm32.12.3.rel1.win32_1.0.200.202406191623/tools/bin/../lib/gcc/arm-none-eabi/12.3.1/thumb/v7e-m+fp/hard/crtbegin.o
 *(.text*)
 .text.SystemInit
                0x081002d8       0x38 ./Drivers/CMSIS/system_stm32h7xx.o
                0x081002d8                SystemInit
 .text.HAL_Init
                0x08100310       0xbc ./Drivers/STM32H7xx_HAL_Driver/stm32h7xx_hal.o
                0x08100310                HAL_Init
 .text.HAL_InitTick
                0x081003cc       0x6c ./Drivers/STM32H7xx_HAL_Driver/stm32h7xx_hal.o
                0x081003cc                HAL_InitTick
 .text.HAL_IncTick
                0x08100438       0x28 ./Drivers/STM32H7xx_HAL_Driver/stm32h7xx_hal.o
                0x08100438                HAL_IncTick
 .text.__NVIC_SetPriorityGrouping
                0x08100460       0x48 ./Drivers/STM32H7xx_HAL_Driver/stm32h7xx_hal_cortex.o
 .text.__NVIC_GetPriorityGrouping
                0x081004a8       0x1c ./Drivers/STM32H7xx_HAL_Driver/stm32h7xx_hal_cortex.o
 .text.__NVIC_SetPriority
                0x081004c4       0x54 ./Drivers/STM32H7xx_HAL_Driver/stm32h7xx_hal_cortex.o
 .text.NVIC_EncodePriority
                0x08100518       0x66 ./Drivers/STM32H7xx_HAL_Driver/stm32h7xx_hal_cortex.o
 *fill*         0x0810057e        0x2 
 .text.SysTick_Config
                0x08100580       0x44 ./Drivers/STM32H7xx_HAL_Driver/stm32h7xx_hal_cortex.o
 .text.HAL_NVIC_SetPriorityGrouping
                0x081005c4       0x16 ./Drivers/STM32H7xx_HAL_Driver/stm32h7xx_hal_cortex.o
                0x081005c4                HAL_NVIC_SetPriorityGrouping
 .text.HAL_NVIC_SetPriority
                0x081005da       0x34 ./Drivers/STM32H7xx_HAL_Driver/stm32h7xx_hal_cortex.o
                0x081005da                HAL_NVIC_SetPriority
 .text.HAL_SYSTICK_Config
                0x0810060e       0x18 ./Drivers/STM32H7xx_HAL_Driver/stm32h7xx_hal_cortex.o
                0x0810060e                HAL_SYSTICK_Config
 *fill*         0x08100626        0x2 
 .text.HAL_GetCurrentCPUID
                0x08100628       0x28 ./Drivers/STM32H7xx_HAL_Driver/stm32h7xx_hal_cortex.o
                0x08100628                HAL_GetCurrentCPUID
 .text.HAL_HSEM_ActivateNotification
                0x08100650       0x24 ./Drivers/STM32H7xx_HAL_Driver/stm32h7xx_hal_hsem.o
                0x08100650                HAL_HSEM_ActivateNotification
 .text.HAL_PWREx_EnterSTOPMode
                0x08100674       0xf4 ./Drivers/STM32H7xx_HAL_Driver/stm32h7xx_hal_pwr_ex.o
                0x08100674                HAL_PWREx_EnterSTOPMode
 .text.HAL_PWREx_ClearPendingEvent
                0x08100768       0x1a ./Drivers/STM32H7xx_HAL_Driver/stm32h7xx_hal_pwr_ex.o
                0x08100768                HAL_PWREx_ClearPendingEvent
 *fill*         0x08100782        0x2 
 .text.HAL_RCC_GetSysClockFreq
                0x08100784      0x2f4 ./Drivers/STM32H7xx_HAL_Driver/stm32h7xx_hal_rcc.o
                0x08100784                HAL_RCC_GetSysClockFreq
 .text.main     0x08100a78       0x7c ./Example/User/CM4/main.o
                0x08100a78                main
 .text.HAL_MspInit
                0x08100af4        0xe ./Example/User/CM4/stm32h7xx_hal_msp.o
                0x08100af4                HAL_MspInit
 .text.NMI_Handler
                0x08100b02        0xe ./Example/User/CM4/stm32h7xx_it.o
                0x08100b02                NMI_Handler
 .text.HardFault_Handler
                0x08100b10        0x8 ./Example/User/CM4/stm32h7xx_it.o
                0x08100b10                HardFault_Handler
 .text.MemManage_Handler
                0x08100b18        0x8 ./Example/User/CM4/stm32h7xx_it.o
                0x08100b18                MemManage_Handler
 .text.BusFault_Handler
                0x08100b20        0x8 ./Example/User/CM4/stm32h7xx_it.o
                0x08100b20                BusFault_Handler
 .text.UsageFault_Handler
                0x08100b28        0x8 ./Example/User/CM4/stm32h7xx_it.o
                0x08100b28                UsageFault_Handler
 .text.SVC_Handler
                0x08100b30        0xe ./Example/User/CM4/stm32h7xx_it.o
                0x08100b30                SVC_Handler
 .text.DebugMon_Handler
                0x08100b3e        0xe ./Example/User/CM4/stm32h7xx_it.o
                0x08100b3e                DebugMon_Handler
 .text.PendSV_Handler
                0x08100b4c        0xe ./Example/User/CM4/stm32h7xx_it.o
                0x08100b4c                PendSV_Handler
 .text.SysTick_Handler
                0x08100b5a        0xc ./Example/User/CM4/stm32h7xx_it.o
                0x08100b5a                SysTick_Handler
 *fill*         0x08100b66        0x2 
 .text.Reset_Handler
                0x08100b68       0x50 ./Example/User/Startup/startup_stm32h745zitx.o
                0x08100b68                Reset_Handler
 .text.Default_Handler
                0x08100bb8        0x2 ./Example/User/Startup/startup_stm32h745zitx.o
                0x08100bb8                RTC_Alarm_IRQHandler
                0x08100bb8                EXTI2_IRQHandler
                0x08100bb8                TIM8_CC_IRQHandler
                0x08100bb8                HRTIM1_Master_IRQHandler
                0x08100bb8                UART8_IRQHandler
                0x08100bb8                SPI4_IRQHandler
                0x08100bb8                TIM1_CC_IRQHandler
                0x08100bb8                BDMA_Channel6_IRQHandler
                0x08100bb8                DMA2_Stream5_IRQHandler
                0x08100bb8                HRTIM1_FLT_IRQHandler
                0x08100bb8                JPEG_IRQHandler
                0x08100bb8                DMA1_Stream5_IRQHandler
                0x08100bb8                BDMA_Channel1_IRQHandler
                0x08100bb8                HRTIM1_TIMD_IRQHandler
                0x08100bb8                TAMP_STAMP_IRQHandler
                0x08100bb8                EXTI3_IRQHandler
                0x08100bb8                LPTIM4_IRQHandler
                0x08100bb8                TIM8_TRG_COM_TIM14_IRQHandler
                0x08100bb8                LPTIM2_IRQHandler
                0x08100bb8                DFSDM1_FLT1_IRQHandler
                0x08100bb8                DMAMUX2_OVR_IRQHandler
                0x08100bb8                TIM8_UP_TIM13_IRQHandler
                0x08100bb8                I2C3_ER_IRQHandler
                0x08100bb8                DFSDM1_FLT2_IRQHandler
                0x08100bb8                MDMA_IRQHandler
                0x08100bb8                LPTIM3_IRQHandler
                0x08100bb8                HSEM1_IRQHandler
                0x08100bb8                EXTI0_IRQHandler
                0x08100bb8                I2C2_EV_IRQHandler
                0x08100bb8                DMA1_Stream2_IRQHandler
                0x08100bb8                FPU_IRQHandler
                0x08100bb8                OTG_HS_WKUP_IRQHandler
                0x08100bb8                FDCAN1_IT1_IRQHandler
                0x08100bb8                LTDC_ER_IRQHandler
                0x08100bb8                DMA2_Stream2_IRQHandler
                0x08100bb8                HRTIM1_TIME_IRQHandler
                0x08100bb8                SPI1_IRQHandler
                0x08100bb8                TIM6_DAC_IRQHandler
                0x08100bb8                DCMI_IRQHandler
                0x08100bb8                HRTIM1_TIMC_IRQHandler
                0x08100bb8                DMA2_Stream3_IRQHandler
                0x08100bb8                SAI2_IRQHandler
                0x08100bb8                DFSDM1_FLT3_IRQHandler
                0x08100bb8                USART6_IRQHandler
                0x08100bb8                TIM17_IRQHandler
                0x08100bb8                USART3_IRQHandler
                0x08100bb8                BDMA_Channel7_IRQHandler
                0x08100bb8                LPTIM5_IRQHandler
                0x08100bb8                UART5_IRQHandler
                0x08100bb8                ADC3_IRQHandler
                0x08100bb8                DMA2_Stream0_IRQHandler
                0x08100bb8                TIM4_IRQHandler
                0x08100bb8                BDMA_Channel2_IRQHandler
                0x08100bb8                QUADSPI_IRQHandler
                0x08100bb8                I2C1_EV_IRQHandler
                0x08100bb8                DMA1_Stream6_IRQHandler
                0x08100bb8                DMAMUX1_OVR_IRQHandler
                0x08100bb8                DMA1_Stream1_IRQHandler
                0x08100bb8                TIM16_IRQHandler
                0x08100bb8                UART4_IRQHandler
                0x08100bb8                BDMA_Channel5_IRQHandler
                0x08100bb8                TIM3_IRQHandler
                0x08100bb8                RCC_IRQHandler
                0x08100bb8                TIM8_BRK_TIM12_IRQHandler
                0x08100bb8                TIM1_TRG_COM_IRQHandler
                0x08100bb8                Default_Handler
                0x08100bb8                ECC_IRQHandler
                0x08100bb8                CEC_IRQHandler
                0x08100bb8                EXTI15_10_IRQHandler
                0x08100bb8                BDMA_Channel0_IRQHandler
                0x08100bb8                ADC_IRQHandler
                0x08100bb8                DMA1_Stream7_IRQHandler
                0x08100bb8                HRTIM1_TIMA_IRQHandler
                0x08100bb8                SPI5_IRQHandler
                0x08100bb8                TIM7_IRQHandler
                0x08100bb8                SDMMC1_IRQHandler
                0x08100bb8                TIM5_IRQHandler
                0x08100bb8                DMA2_Stream7_IRQHandler
                0x08100bb8                TIM15_IRQHandler
                0x08100bb8                PVD_AVD_IRQHandler
                0x08100bb8                I2C3_EV_IRQHandler
                0x08100bb8                EXTI9_5_IRQHandler
                0x08100bb8                RTC_WKUP_IRQHandler
                0x08100bb8                LTDC_IRQHandler
                0x08100bb8                SAI3_IRQHandler
                0x08100bb8                ETH_WKUP_IRQHandler
                0x08100bb8                SPDIF_RX_IRQHandler
                0x08100bb8                SPI2_IRQHandler
                0x08100bb8                OTG_HS_EP1_IN_IRQHandler
                0x08100bb8                DMA1_Stream0_IRQHandler
                0x08100bb8                CRS_IRQHandler
                0x08100bb8                CM7_SEV_IRQHandler
                0x08100bb8                EXTI4_IRQHandler
                0x08100bb8                RNG_IRQHandler
                0x08100bb8                CM4_SEV_IRQHandler
                0x08100bb8                HRTIM1_TIMB_IRQHandler
                0x08100bb8                FDCAN2_IT1_IRQHandler
                0x08100bb8                ETH_IRQHandler
                0x08100bb8                TIM1_UP_IRQHandler
                0x08100bb8                WWDG_RST_IRQHandler
                0x08100bb8                BDMA_Channel4_IRQHandler
                0x08100bb8                OTG_HS_EP1_OUT_IRQHandler
                0x08100bb8                WWDG_IRQHandler
                0x08100bb8                SPI6_IRQHandler
                0x08100bb8                MDIOS_IRQHandler
                0x08100bb8                I2C4_EV_IRQHandler
                0x08100bb8                FDCAN2_IT0_IRQHandler
                0x08100bb8                LPUART1_IRQHandler
                0x08100bb8                FDCAN1_IT0_IRQHandler
                0x08100bb8                TIM2_IRQHandler
                0x08100bb8                OTG_FS_WKUP_IRQHandler
                0x08100bb8                OTG_HS_IRQHandler
                0x08100bb8                HSEM2_IRQHandler
                0x08100bb8                DMA2D_IRQHandler
                0x08100bb8                TIM1_BRK_IRQHandler
                0x08100bb8                EXTI1_IRQHandler
                0x08100bb8                SDMMC2_IRQHandler
                0x08100bb8                OTG_FS_EP1_OUT_IRQHandler
                0x08100bb8                BDMA_Channel3_IRQHandler
                0x08100bb8                HOLD_CORE_IRQHandler
                0x08100bb8                UART7_IRQHandler
                0x08100bb8                MDIOS_WKUP_IRQHandler
                0x08100bb8                USART2_IRQHandler
                0x08100bb8                DFSDM1_FLT0_IRQHandler
                0x08100bb8                SAI4_IRQHandler
                0x08100bb8                I2C2_ER_IRQHandler
                0x08100bb8                DMA2_Stream1_IRQHandler
                0x08100bb8                FLASH_IRQHandler
                0x08100bb8                DMA2_Stream4_IRQHandler
                0x08100bb8                USART1_IRQHandler
                0x08100bb8                OTG_FS_IRQHandler
                0x08100bb8                SPI3_IRQHandler
                0x08100bb8                WAKEUP_PIN_IRQHandler
                0x08100bb8                DMA1_Stream4_IRQHandler
                0x08100bb8                OTG_FS_EP1_IN_IRQHandler
                0x08100bb8                I2C1_ER_IRQHandler
                0x08100bb8                FMC_IRQHandler
                0x08100bb8                FDCAN_CAL_IRQHandler
                0x08100bb8                SWPMI1_IRQHandler
                0x08100bb8                COMP1_IRQHandler
                0x08100bb8                LPTIM1_IRQHandler
                0x08100bb8                I2C4_ER_IRQHandler
                0x08100bb8                DMA2_Stream6_IRQHandler
                0x08100bb8                SAI1_IRQHandler
                0x08100bb8                DMA1_Stream3_IRQHandler
 *fill*         0x08100bba        0x2 
 .text.__libc_init_array
                0x08100bbc       0x48 D:/STM32CubeIDE/STM32CubeIDE_1.16.0/STM32CubeIDE/plugins/com.st.stm32cube.ide.mcu.externaltools.gnu-tools-for-stm32.12.3.rel1.win32_1.0.200.202406191623/tools/bin/../lib/gcc/arm-none-eabi/12.3.1/../../../../arm-none-eabi/lib/thumb/v7e-m+fp/hard\libc_nano.a(libc_a-init.o)
                0x08100bbc                __libc_init_array
 *(.glue_7)
 .glue_7        0x08100c04        0x0 linker stubs
 *(.glue_7t)
 .glue_7t       0x08100c04        0x0 linker stubs
 *(.eh_frame)
 .eh_frame      0x08100c04        0x0 D:/STM32CubeIDE/STM32CubeIDE_1.16.0/STM32CubeIDE/plugins/com.st.stm32cube.ide.mcu.externaltools.gnu-tools-for-stm32.12.3.rel1.win32_1.0.200.202406191623/tools/bin/../lib/gcc/arm-none-eabi/12.3.1/thumb/v7e-m+fp/hard/crtbegin.o
 *(.init)
 .init          0x08100c04        0x4 D:/STM32CubeIDE/STM32CubeIDE_1.16.0/STM32CubeIDE/plugins/com.st.stm32cube.ide.mcu.externaltools.gnu-tools-for-stm32.12.3.rel1.win32_1.0.200.202406191623/tools/bin/../lib/gcc/arm-none-eabi/12.3.1/thumb/v7e-m+fp/hard/crti.o
                0x08100c04                _init
 .init          0x08100c08        0x8 D:/STM32CubeIDE/STM32CubeIDE_1.16.0/STM32CubeIDE/plugins/com.st.stm32cube.ide.mcu.externaltools.gnu-tools-for-stm32.12.3.rel1.win32_1.0.200.202406191623/tools/bin/../lib/gcc/arm-none-eabi/12.3.1/thumb/v7e-m+fp/hard/crtn.o
 *(.fini)
 .fini          0x08100c10        0x4 D:/STM32CubeIDE/STM32CubeIDE_1.16.0/STM32CubeIDE/plugins/com.st.stm32cube.ide.mcu.externaltools.gnu-tools-for-stm32.12.3.rel1.win32_1.0.200.202406191623/tools/bin/../lib/gcc/arm-none-eabi/12.3.1/thumb/v7e-m+fp/hard/crti.o
                0x08100c10                _fini
 .fini          0x08100c14        0x8 D:/STM32CubeIDE/STM32CubeIDE_1.16.0/STM32CubeIDE/plugins/com.st.stm32cube.ide.mcu.externaltools.gnu-tools-for-stm32.12.3.rel1.win32_1.0.200.202406191623/tools/bin/../lib/gcc/arm-none-eabi/12.3.1/thumb/v7e-m+fp/hard/crtn.o
                0x08100c1c                        . = ALIGN (0x4)
                0x08100c1c                        _etext = .

.vfp11_veneer   0x08100c1c        0x0
 .vfp11_veneer  0x08100c1c        0x0 linker stubs

.v4_bx          0x08100c1c        0x0
 .v4_bx         0x08100c1c        0x0 linker stubs

.iplt           0x08100c1c        0x0
 .iplt          0x08100c1c        0x0 D:/STM32CubeIDE/STM32CubeIDE_1.16.0/STM32CubeIDE/plugins/com.st.stm32cube.ide.mcu.externaltools.gnu-tools-for-stm32.12.3.rel1.win32_1.0.200.202406191623/tools/bin/../lib/gcc/arm-none-eabi/12.3.1/thumb/v7e-m+fp/hard/crtbegin.o

.rodata         0x08100c1c       0x10
                0x08100c1c                        . = ALIGN (0x4)
 *(.rodata)
 *(.rodata*)
 .rodata.D1CorePrescTable
                0x08100c1c       0x10 ./Drivers/CMSIS/system_stm32h7xx.o
                0x08100c1c                D1CorePrescTable
                0x08100c2c                        . = ALIGN (0x4)

.rel.dyn        0x08100c2c        0x0
 .rel.iplt      0x08100c2c        0x0 D:/STM32CubeIDE/STM32CubeIDE_1.16.0/STM32CubeIDE/plugins/com.st.stm32cube.ide.mcu.externaltools.gnu-tools-for-stm32.12.3.rel1.win32_1.0.200.202406191623/tools/bin/../lib/gcc/arm-none-eabi/12.3.1/thumb/v7e-m+fp/hard/crtbegin.o

.ARM.extab
 *(.ARM.extab* .gnu.linkonce.armextab.*)

.ARM            0x08100c2c        0x0
                0x08100c2c                        __exidx_start = .
 *(.ARM.exidx*)
                0x08100c2c                        __exidx_end = .

.preinit_array  0x08100c2c        0x0
                0x08100c2c                        PROVIDE (__preinit_array_start = .)
 *(.preinit_array*)
                0x08100c2c                        PROVIDE (__preinit_array_end = .)

.init_array     0x08100c2c        0x4
                0x08100c2c                        PROVIDE (__init_array_start = .)
 *(SORT_BY_NAME(.init_array.*))
 *(.init_array*)
 .init_array    0x08100c2c        0x4 D:/STM32CubeIDE/STM32CubeIDE_1.16.0/STM32CubeIDE/plugins/com.st.stm32cube.ide.mcu.externaltools.gnu-tools-for-stm32.12.3.rel1.win32_1.0.200.202406191623/tools/bin/../lib/gcc/arm-none-eabi/12.3.1/thumb/v7e-m+fp/hard/crtbegin.o
                0x08100c30                        PROVIDE (__init_array_end = .)

.fini_array     0x08100c30        0x4
                [!provide]                        PROVIDE (__fini_array_start = .)
 *(SORT_BY_NAME(.fini_array.*))
 *(.fini_array*)
 .fini_array    0x08100c30        0x4 D:/STM32CubeIDE/STM32CubeIDE_1.16.0/STM32CubeIDE/plugins/com.st.stm32cube.ide.mcu.externaltools.gnu-tools-for-stm32.12.3.rel1.win32_1.0.200.202406191623/tools/bin/../lib/gcc/arm-none-eabi/12.3.1/thumb/v7e-m+fp/hard/crtbegin.o
                [!provide]                        PROVIDE (__fini_array_end = .)
                0x08100c34                        _sidata = LOADADDR (.data)

.data           0x10000000       0x10 load address 0x08100c34
                0x10000000                        . = ALIGN (0x4)
                0x10000000                        _sdata = .
 *(.data)
 *(.data*)
 .data.SystemCoreClock
                0x10000000        0x4 ./Drivers/CMSIS/system_stm32h7xx.o
                0x10000000                SystemCoreClock
 .data.SystemD2Clock
                0x10000004        0x4 ./Drivers/CMSIS/system_stm32h7xx.o
                0x10000004                SystemD2Clock
 .data.uwTickPrio
                0x10000008        0x4 ./Drivers/STM32H7xx_HAL_Driver/stm32h7xx_hal.o
                0x10000008                uwTickPrio
 .data.uwTickFreq
                0x1000000c        0x1 ./Drivers/STM32H7xx_HAL_Driver/stm32h7xx_hal.o
                0x1000000c                uwTickFreq
                0x10000010                        . = ALIGN (0x4)
 *fill*         0x1000000d        0x3 
                0x10000010                        _edata = .

.igot.plt       0x10000010        0x0 load address 0x08100c44
 .igot.plt      0x10000010        0x0 D:/STM32CubeIDE/STM32CubeIDE_1.16.0/STM32CubeIDE/plugins/com.st.stm32cube.ide.mcu.externaltools.gnu-tools-for-stm32.12.3.rel1.win32_1.0.200.202406191623/tools/bin/../lib/gcc/arm-none-eabi/12.3.1/thumb/v7e-m+fp/hard/crtbegin.o
                0x10000010                        . = ALIGN (0x4)

.bss            0x10000010       0x20 load address 0x08100c44
                0x10000010                        _sbss = .
                0x10000010                        __bss_start__ = _sbss
 *(.bss)
 .bss           0x10000010       0x1c D:/STM32CubeIDE/STM32CubeIDE_1.16.0/STM32CubeIDE/plugins/com.st.stm32cube.ide.mcu.externaltools.gnu-tools-for-stm32.12.3.rel1.win32_1.0.200.202406191623/tools/bin/../lib/gcc/arm-none-eabi/12.3.1/thumb/v7e-m+fp/hard/crtbegin.o
 *(.bss*)
 .bss.uwTick    0x1000002c        0x4 ./Drivers/STM32H7xx_HAL_Driver/stm32h7xx_hal.o
                0x1000002c                uwTick
 *(COMMON)
                0x10000030                        . = ALIGN (0x4)
                0x10000030                        _ebss = .
                0x10000030                        __bss_end__ = _ebss

._user_heap_stack
                0x10000030      0x600 load address 0x08100c44
                0x10000030                        . = ALIGN (0x8)
                [!provide]                        PROVIDE (end = .)
                0x10000030                        PROVIDE (_end = .)
                0x10000230                        . = (. + _Min_Heap_Size)
 *fill*         0x10000030      0x200 
                0x10000630                        . = (. + _Min_Stack_Size)
 *fill*         0x10000230      0x400 
                0x10000630                        . = ALIGN (0x8)

/DISCARD/
 libc.a(*)
 libm.a(*)
 libgcc.a(*)

.ARM.attributes
                0x00000000       0x30
 *(.ARM.attributes)
 .ARM.attributes
                0x00000000       0x22 D:/STM32CubeIDE/STM32CubeIDE_1.16.0/STM32CubeIDE/plugins/com.st.stm32cube.ide.mcu.externaltools.gnu-tools-for-stm32.12.3.rel1.win32_1.0.200.202406191623/tools/bin/../lib/gcc/arm-none-eabi/12.3.1/thumb/v7e-m+fp/hard/crti.o
 .ARM.attributes
                0x00000022       0x34 D:/STM32CubeIDE/STM32CubeIDE_1.16.0/STM32CubeIDE/plugins/com.st.stm32cube.ide.mcu.externaltools.gnu-tools-for-stm32.12.3.rel1.win32_1.0.200.202406191623/tools/bin/../lib/gcc/arm-none-eabi/12.3.1/thumb/v7e-m+fp/hard/crtbegin.o
 .ARM.attributes
                0x00000056       0x34 ./Drivers/CMSIS/system_stm32h7xx.o
 .ARM.attributes
                0x0000008a       0x34 ./Drivers/STM32H7xx_HAL_Driver/stm32h7xx_hal.o
 .ARM.attributes
                0x000000be       0x34 ./Drivers/STM32H7xx_HAL_Driver/stm32h7xx_hal_cortex.o
 .ARM.attributes
                0x000000f2       0x34 ./Drivers/STM32H7xx_HAL_Driver/stm32h7xx_hal_hsem.o
 .ARM.attributes
                0x00000126       0x34 ./Drivers/STM32H7xx_HAL_Driver/stm32h7xx_hal_pwr_ex.o
 .ARM.attributes
                0x0000015a       0x34 ./Drivers/STM32H7xx_HAL_Driver/stm32h7xx_hal_rcc.o
 .ARM.attributes
                0x0000018e       0x34 ./Example/User/CM4/main.o
 .ARM.attributes
                0x000001c2       0x34 ./Example/User/CM4/stm32h7xx_hal_msp.o
 .ARM.attributes
                0x000001f6       0x34 ./Example/User/CM4/stm32h7xx_it.o
 .ARM.attributes
                0x0000022a       0x21 ./Example/User/Startup/startup_stm32h745zitx.o
 .ARM.attributes
                0x0000024b       0x34 D:/STM32CubeIDE/STM32CubeIDE_1.16.0/STM32CubeIDE/plugins/com.st.stm32cube.ide.mcu.externaltools.gnu-tools-for-stm32.12.3.rel1.win32_1.0.200.202406191623/tools/bin/../lib/gcc/arm-none-eabi/12.3.1/../../../../arm-none-eabi/lib/thumb/v7e-m+fp/hard\libc_nano.a(libc_a-init.o)
 .ARM.attributes
                0x0000027f       0x22 D:/STM32CubeIDE/STM32CubeIDE_1.16.0/STM32CubeIDE/plugins/com.st.stm32cube.ide.mcu.externaltools.gnu-tools-for-stm32.12.3.rel1.win32_1.0.200.202406191623/tools/bin/../lib/gcc/arm-none-eabi/12.3.1/thumb/v7e-m+fp/hard/crtn.o
OUTPUT(SPI_FullDuplex_ComIT_CM4.elf elf32-littlearm)
LOAD linker stubs
LOAD D:/STM32CubeIDE/STM32CubeIDE_1.16.0/STM32CubeIDE/plugins/com.st.stm32cube.ide.mcu.externaltools.gnu-tools-for-stm32.12.3.rel1.win32_1.0.200.202406191623/tools/bin/../lib/gcc/arm-none-eabi/12.3.1/../../../../arm-none-eabi/lib/thumb/v7e-m+fp/hard\libc.a
LOAD D:/STM32CubeIDE/STM32CubeIDE_1.16.0/STM32CubeIDE/plugins/com.st.stm32cube.ide.mcu.externaltools.gnu-tools-for-stm32.12.3.rel1.win32_1.0.200.202406191623/tools/bin/../lib/gcc/arm-none-eabi/12.3.1/../../../../arm-none-eabi/lib/thumb/v7e-m+fp/hard\libm.a
LOAD D:/STM32CubeIDE/STM32CubeIDE_1.16.0/STM32CubeIDE/plugins/com.st.stm32cube.ide.mcu.externaltools.gnu-tools-for-stm32.12.3.rel1.win32_1.0.200.202406191623/tools/bin/../lib/gcc/arm-none-eabi/12.3.1/thumb/v7e-m+fp/hard\libgcc.a

.debug_info     0x00000000     0x5a50
 .debug_info    0x00000000      0x761 ./Drivers/CMSIS/system_stm32h7xx.o
 .debug_info    0x00000761     0x17b0 ./Drivers/STM32H7xx_HAL_Driver/stm32h7xx_hal.o
 .debug_info    0x00001f11      0xedb ./Drivers/STM32H7xx_HAL_Driver/stm32h7xx_hal_cortex.o
 .debug_info    0x00002dec      0x3d3 ./Drivers/STM32H7xx_HAL_Driver/stm32h7xx_hal_hsem.o
 .debug_info    0x000031bf     0x1026 ./Drivers/STM32H7xx_HAL_Driver/stm32h7xx_hal_pwr_ex.o
 .debug_info    0x000041e5      0xe58 ./Drivers/STM32H7xx_HAL_Driver/stm32h7xx_hal_rcc.o
 .debug_info    0x0000503d      0x80e ./Example/User/CM4/main.o
 .debug_info    0x0000584b       0xad ./Example/User/CM4/stm32h7xx_hal_msp.o
 .debug_info    0x000058f8      0x128 ./Example/User/CM4/stm32h7xx_it.o
 .debug_info    0x00005a20       0x30 ./Example/User/Startup/startup_stm32h745zitx.o

.debug_abbrev   0x00000000     0x1116
 .debug_abbrev  0x00000000      0x138 ./Drivers/CMSIS/system_stm32h7xx.o
 .debug_abbrev  0x00000138      0x29f ./Drivers/STM32H7xx_HAL_Driver/stm32h7xx_hal.o
 .debug_abbrev  0x000003d7      0x337 ./Drivers/STM32H7xx_HAL_Driver/stm32h7xx_hal_cortex.o
 .debug_abbrev  0x0000070e      0x1d3 ./Drivers/STM32H7xx_HAL_Driver/stm32h7xx_hal_hsem.o
 .debug_abbrev  0x000008e1      0x2d6 ./Drivers/STM32H7xx_HAL_Driver/stm32h7xx_hal_pwr_ex.o
 .debug_abbrev  0x00000bb7      0x2c8 ./Drivers/STM32H7xx_HAL_Driver/stm32h7xx_hal_rcc.o
 .debug_abbrev  0x00000e7f      0x1b9 ./Example/User/CM4/main.o
 .debug_abbrev  0x00001038       0x47 ./Example/User/CM4/stm32h7xx_hal_msp.o
 .debug_abbrev  0x0000107f       0x73 ./Example/User/CM4/stm32h7xx_it.o
 .debug_abbrev  0x000010f2       0x24 ./Example/User/Startup/startup_stm32h745zitx.o

.debug_aranges  0x00000000      0x688
 .debug_aranges
                0x00000000       0x28 ./Drivers/CMSIS/system_stm32h7xx.o
 .debug_aranges
                0x00000028      0x200 ./Drivers/STM32H7xx_HAL_Driver/stm32h7xx_hal.o
 .debug_aranges
                0x00000228      0x120 ./Drivers/STM32H7xx_HAL_Driver/stm32h7xx_hal_cortex.o
 .debug_aranges
                0x00000348       0x70 ./Drivers/STM32H7xx_HAL_Driver/stm32h7xx_hal_hsem.o
 .debug_aranges
                0x000003b8      0x170 ./Drivers/STM32H7xx_HAL_Driver/stm32h7xx_hal_pwr_ex.o
 .debug_aranges
                0x00000528       0x88 ./Drivers/STM32H7xx_HAL_Driver/stm32h7xx_hal_rcc.o
 .debug_aranges
                0x000005b0       0x28 ./Example/User/CM4/main.o
 .debug_aranges
                0x000005d8       0x28 ./Example/User/CM4/stm32h7xx_hal_msp.o
 .debug_aranges
                0x00000600       0x60 ./Example/User/CM4/stm32h7xx_it.o
 .debug_aranges
                0x00000660       0x28 ./Example/User/Startup/startup_stm32h745zitx.o

.debug_rnglists
                0x00000000      0x4cb
 .debug_rnglists
                0x00000000       0x1a ./Drivers/CMSIS/system_stm32h7xx.o
 .debug_rnglists
                0x0000001a      0x181 ./Drivers/STM32H7xx_HAL_Driver/stm32h7xx_hal.o
 .debug_rnglists
                0x0000019b       0xd4 ./Drivers/STM32H7xx_HAL_Driver/stm32h7xx_hal_cortex.o
 .debug_rnglists
                0x0000026f       0x4f ./Drivers/STM32H7xx_HAL_Driver/stm32h7xx_hal_hsem.o
 .debug_rnglists
                0x000002be      0x117 ./Drivers/STM32H7xx_HAL_Driver/stm32h7xx_hal_pwr_ex.o
 .debug_rnglists
                0x000003d5       0x68 ./Drivers/STM32H7xx_HAL_Driver/stm32h7xx_hal_rcc.o
 .debug_rnglists
                0x0000043d       0x19 ./Example/User/CM4/main.o
 .debug_rnglists
                0x00000456       0x19 ./Example/User/CM4/stm32h7xx_hal_msp.o
 .debug_rnglists
                0x0000046f       0x43 ./Example/User/CM4/stm32h7xx_it.o
 .debug_rnglists
                0x000004b2       0x19 ./Example/User/Startup/startup_stm32h745zitx.o

.debug_macro    0x00000000     0x1985
 .debug_macro   0x00000000      0x2b5 ./Drivers/CMSIS/system_stm32h7xx.o
 .debug_macro   0x000002b5      0x2d9 ./Drivers/STM32H7xx_HAL_Driver/stm32h7xx_hal.o
 .debug_macro   0x0000058e      0x2af ./Drivers/STM32H7xx_HAL_Driver/stm32h7xx_hal_cortex.o
 .debug_macro   0x0000083d      0x2c1 ./Drivers/STM32H7xx_HAL_Driver/stm32h7xx_hal_hsem.o
 .debug_macro   0x00000afe      0x2e8 ./Drivers/STM32H7xx_HAL_Driver/stm32h7xx_hal_pwr_ex.o
 .debug_macro   0x00000de6      0x2d3 ./Drivers/STM32H7xx_HAL_Driver/stm32h7xx_hal_rcc.o
 .debug_macro   0x000010b9      0x2e0 ./Example/User/CM4/main.o
 .debug_macro   0x00001399       0x2e ./Example/User/CM4/main.o
 .debug_macro   0x000013c7      0x2da ./Example/User/CM4/stm32h7xx_hal_msp.o
 .debug_macro   0x000016a1      0x2e4 ./Example/User/CM4/stm32h7xx_it.o

.debug_line     0x00000000     0x84e5
 .debug_line    0x00000000      0xbe1 ./Drivers/CMSIS/system_stm32h7xx.o
 .debug_line    0x00000be1     0x1184 ./Drivers/STM32H7xx_HAL_Driver/stm32h7xx_hal.o
 .debug_line    0x00001d65     0x1033 ./Drivers/STM32H7xx_HAL_Driver/stm32h7xx_hal_cortex.o
 .debug_line    0x00002d98      0xbea ./Drivers/STM32H7xx_HAL_Driver/stm32h7xx_hal_hsem.o
 .debug_line    0x00003982     0x124c ./Drivers/STM32H7xx_HAL_Driver/stm32h7xx_hal_pwr_ex.o
 .debug_line    0x00004bce     0x15f2 ./Drivers/STM32H7xx_HAL_Driver/stm32h7xx_hal_rcc.o
 .debug_line    0x000061c0      0xb62 ./Example/User/CM4/main.o
 .debug_line    0x00006d22      0xb4d ./Example/User/CM4/stm32h7xx_hal_msp.o
 .debug_line    0x0000786f      0xbfc ./Example/User/CM4/stm32h7xx_it.o
 .debug_line    0x0000846b       0x7a ./Example/User/Startup/startup_stm32h745zitx.o

.debug_str      0x00000000   0x18492f
 .debug_str     0x00000000   0x18179e ./Drivers/CMSIS/system_stm32h7xx.o
                             0x181df4 (size before relaxing)
 .debug_str     0x0018179e     0x1325 ./Drivers/STM32H7xx_HAL_Driver/stm32h7xx_hal.o
                             0x183119 (size before relaxing)
 .debug_str     0x00182ac3      0x3b7 ./Drivers/STM32H7xx_HAL_Driver/stm32h7xx_hal_cortex.o
                             0x182867 (size before relaxing)
 .debug_str     0x00182e7a      0x250 ./Drivers/STM32H7xx_HAL_Driver/stm32h7xx_hal_hsem.o
                             0x181c92 (size before relaxing)
 .debug_str     0x001830ca      0x71d ./Drivers/STM32H7xx_HAL_Driver/stm32h7xx_hal_pwr_ex.o
                             0x18245d (size before relaxing)
 .debug_str     0x001837e7      0x5c9 ./Drivers/STM32H7xx_HAL_Driver/stm32h7xx_hal_rcc.o
                             0x182388 (size before relaxing)
 .debug_str     0x00183db0      0x954 ./Example/User/CM4/main.o
                             0x1826f1 (size before relaxing)
 .debug_str     0x00184704       0xa1 ./Example/User/CM4/stm32h7xx_hal_msp.o
                             0x182349 (size before relaxing)
 .debug_str     0x001847a5      0x13e ./Example/User/CM4/stm32h7xx_it.o
                             0x1823d8 (size before relaxing)
 .debug_str     0x001848e3       0x4c ./Example/User/Startup/startup_stm32h745zitx.o
                                 0xe8 (size before relaxing)

.comment        0x00000000       0x43
 .comment       0x00000000       0x43 ./Drivers/CMSIS/system_stm32h7xx.o
                                 0x44 (size before relaxing)
 .comment       0x00000043       0x44 ./Drivers/STM32H7xx_HAL_Driver/stm32h7xx_hal.o
 .comment       0x00000043       0x44 ./Drivers/STM32H7xx_HAL_Driver/stm32h7xx_hal_cortex.o
 .comment       0x00000043       0x44 ./Drivers/STM32H7xx_HAL_Driver/stm32h7xx_hal_hsem.o
 .comment       0x00000043       0x44 ./Drivers/STM32H7xx_HAL_Driver/stm32h7xx_hal_pwr_ex.o
 .comment       0x00000043       0x44 ./Drivers/STM32H7xx_HAL_Driver/stm32h7xx_hal_rcc.o
 .comment       0x00000043       0x44 ./Example/User/CM4/main.o
 .comment       0x00000043       0x44 ./Example/User/CM4/stm32h7xx_hal_msp.o
 .comment       0x00000043       0x44 ./Example/User/CM4/stm32h7xx_it.o

.debug_frame    0x00000000     0x18d8
 .debug_frame   0x00000000       0x58 ./Drivers/CMSIS/system_stm32h7xx.o
 .debug_frame   0x00000058      0x848 ./Drivers/STM32H7xx_HAL_Driver/stm32h7xx_hal.o
 .debug_frame   0x000008a0      0x4b8 ./Drivers/STM32H7xx_HAL_Driver/stm32h7xx_hal_cortex.o
 .debug_frame   0x00000d58      0x1bc ./Drivers/STM32H7xx_HAL_Driver/stm32h7xx_hal_hsem.o
 .debug_frame   0x00000f14      0x5ec ./Drivers/STM32H7xx_HAL_Driver/stm32h7xx_hal_pwr_ex.o
 .debug_frame   0x00001500      0x1f8 ./Drivers/STM32H7xx_HAL_Driver/stm32h7xx_hal_rcc.o
 .debug_frame   0x000016f8       0x58 ./Example/User/CM4/main.o
 .debug_frame   0x00001750       0x50 ./Example/User/CM4/stm32h7xx_hal_msp.o
 .debug_frame   0x000017a0      0x10c ./Example/User/CM4/stm32h7xx_it.o
 .debug_frame   0x000018ac       0x2c D:/STM32CubeIDE/STM32CubeIDE_1.16.0/STM32CubeIDE/plugins/com.st.stm32cube.ide.mcu.externaltools.gnu-tools-for-stm32.12.3.rel1.win32_1.0.200.202406191623/tools/bin/../lib/gcc/arm-none-eabi/12.3.1/../../../../arm-none-eabi/lib/thumb/v7e-m+fp/hard\libc_nano.a(libc_a-init.o)

.debug_line_str
                0x00000000       0xcc
 .debug_line_str
                0x00000000       0xcc ./Example/User/Startup/startup_stm32h745zitx.o
