D:/STM32CubeIDE Workstation/SPI_FullDuplex_ComDMA/STM32Cube_FW_H7_V1.11.0/Projects/NUCLEO-H745ZI-Q/Examples/SPI/SPI_FullDuplex_ComIT/CM7/Src/main.c:76:5:main	32	static,ignoring_inline_asm
D:/STM32CubeIDE Workstation/SPI_FullDuplex_ComDMA/STM32Cube_FW_H7_V1.11.0/Projects/NUCLEO-H745ZI-Q/Examples/SPI/SPI_FullDuplex_ComIT/CM7/Src/main.c:220:13:SystemClock_Config	128	static
D:/STM32CubeIDE Workstation/SPI_FullDuplex_ComDMA/STM32Cube_FW_H7_V1.11.0/Projects/NUCLEO-H745ZI-Q/Examples/SPI/SPI_FullDuplex_ComIT/CM7/Src/main.c:283:6:HAL_SPI_TxRxCpltCallback	16	static
D:/STM32CubeIDE Workstation/SPI_FullDuplex_ComDMA/STM32Cube_FW_H7_V1.11.0/Projects/NUCLEO-H745ZI-Q/Examples/SPI/SPI_FullDuplex_ComIT/CM7/Src/main.c:300:6:HAL_SPI_ErrorCallback	16	static
D:/STM32CubeIDE Workstation/SPI_FullDuplex_ComDMA/STM32Cube_FW_H7_V1.11.0/Projects/NUCLEO-H745ZI-Q/Examples/SPI/SPI_FullDuplex_ComIT/CM7/Src/main.c:310:13:Error_Handler	8	static
D:/STM32CubeIDE Workstation/SPI_FullDuplex_ComDMA/STM32Cube_FW_H7_V1.11.0/Projects/NUCLEO-H745ZI-Q/Examples/SPI/SPI_FullDuplex_ComIT/CM7/Src/main.c:327:17:Buffercmp	24	static
D:/STM32CubeIDE Workstation/SPI_FullDuplex_ComDMA/STM32Cube_FW_H7_V1.11.0/Projects/NUCLEO-H745ZI-Q/Examples/SPI/SPI_FullDuplex_ComIT/CM7/Src/main.c:348:13:MPU_Config	24	static
D:/STM32CubeIDE Workstation/SPI_FullDuplex_ComDMA/STM32Cube_FW_H7_V1.11.0/Projects/NUCLEO-H745ZI-Q/Examples/SPI/SPI_FullDuplex_ComIT/CM7/Src/main.c:399:13:CPU_CACHE_Enable	24	static,ignoring_inline_asm
