D:/STM32CubeIDE Workstation/SPI_FullDuplex_ComDMA/STM32Cube_FW_H7_V1.11.0/Projects/NUCLEO-H745ZI-Q/Examples/SPI/SPI_FullDuplex_ComIT/CM7/Src/stm32h7xx_it.c:49:6:NMI_Handler	4	static
D:/STM32CubeIDE Workstation/SPI_FullDuplex_ComDMA/STM32Cube_FW_H7_V1.11.0/Projects/NUCLEO-H745ZI-Q/Examples/SPI/SPI_FullDuplex_ComIT/CM7/Src/stm32h7xx_it.c:58:6:HardFault_Handler	4	static
D:/STM32CubeIDE Workstation/SPI_FullDuplex_ComDMA/STM32Cube_FW_H7_V1.11.0/Projects/NUCLEO-H745ZI-Q/Examples/SPI/SPI_FullDuplex_ComIT/CM7/Src/stm32h7xx_it.c:71:6:MemManage_Handler	4	static
D:/STM32CubeIDE Workstation/SPI_FullDuplex_ComDMA/STM32Cube_FW_H7_V1.11.0/Projects/NUCLEO-H745ZI-Q/Examples/SPI/SPI_FullDuplex_ComIT/CM7/Src/stm32h7xx_it.c:84:6:BusFault_Handler	4	static
D:/STM32CubeIDE Workstation/SPI_FullDuplex_ComDMA/STM32Cube_FW_H7_V1.11.0/Projects/NUCLEO-H745ZI-Q/Examples/SPI/SPI_FullDuplex_ComIT/CM7/Src/stm32h7xx_it.c:97:6:UsageFault_Handler	4	static
D:/STM32CubeIDE Workstation/SPI_FullDuplex_ComDMA/STM32Cube_FW_H7_V1.11.0/Projects/NUCLEO-H745ZI-Q/Examples/SPI/SPI_FullDuplex_ComIT/CM7/Src/stm32h7xx_it.c:110:6:SVC_Handler	4	static
D:/STM32CubeIDE Workstation/SPI_FullDuplex_ComDMA/STM32Cube_FW_H7_V1.11.0/Projects/NUCLEO-H745ZI-Q/Examples/SPI/SPI_FullDuplex_ComIT/CM7/Src/stm32h7xx_it.c:119:6:DebugMon_Handler	4	static
D:/STM32CubeIDE Workstation/SPI_FullDuplex_ComDMA/STM32Cube_FW_H7_V1.11.0/Projects/NUCLEO-H745ZI-Q/Examples/SPI/SPI_FullDuplex_ComIT/CM7/Src/stm32h7xx_it.c:128:6:PendSV_Handler	4	static
D:/STM32CubeIDE Workstation/SPI_FullDuplex_ComDMA/STM32Cube_FW_H7_V1.11.0/Projects/NUCLEO-H745ZI-Q/Examples/SPI/SPI_FullDuplex_ComIT/CM7/Src/stm32h7xx_it.c:137:6:SysTick_Handler	8	static
D:/STM32CubeIDE Workstation/SPI_FullDuplex_ComDMA/STM32Cube_FW_H7_V1.11.0/Projects/NUCLEO-H745ZI-Q/Examples/SPI/SPI_FullDuplex_ComIT/CM7/Src/stm32h7xx_it.c:154:6:SPI1_IRQHandler	8	static
