Archive member included to satisfy reference by file (symbol)

C:/ST/STM32CubeIDE_1.16.0/STM32CubeIDE/plugins/com.st.stm32cube.ide.mcu.externaltools.gnu-tools-for-stm32.12.3.rel1.win32_1.0.200.202406191623/tools/bin/../lib/gcc/arm-none-eabi/12.3.1/../../../../arm-none-eabi/lib/thumb/v7e-m+dp/hard\libc_nano.a(libc_a-exit.o)
                              C:/ST/STM32CubeIDE_1.16.0/STM32CubeIDE/plugins/com.st.stm32cube.ide.mcu.externaltools.gnu-tools-for-stm32.12.3.rel1.win32_1.0.200.202406191623/tools/bin/../lib/gcc/arm-none-eabi/12.3.1/../../../../arm-none-eabi/lib/thumb/v7e-m+dp/hard/crt0.o (exit)
C:/ST/STM32CubeIDE_1.16.0/STM32CubeIDE/plugins/com.st.stm32cube.ide.mcu.externaltools.gnu-tools-for-stm32.12.3.rel1.win32_1.0.200.202406191623/tools/bin/../lib/gcc/arm-none-eabi/12.3.1/../../../../arm-none-eabi/lib/thumb/v7e-m+dp/hard\libc_nano.a(libc_a-findfp.o)
                              C:/ST/STM32CubeIDE_1.16.0/STM32CubeIDE/plugins/com.st.stm32cube.ide.mcu.externaltools.gnu-tools-for-stm32.12.3.rel1.win32_1.0.200.202406191623/tools/bin/../lib/gcc/arm-none-eabi/12.3.1/../../../../arm-none-eabi/lib/thumb/v7e-m+dp/hard\libc_nano.a(libc_a-exit.o) (__stdio_exit_handler)
C:/ST/STM32CubeIDE_1.16.0/STM32CubeIDE/plugins/com.st.stm32cube.ide.mcu.externaltools.gnu-tools-for-stm32.12.3.rel1.win32_1.0.200.202406191623/tools/bin/../lib/gcc/arm-none-eabi/12.3.1/../../../../arm-none-eabi/lib/thumb/v7e-m+dp/hard\libc_nano.a(libc_a-fwalk.o)
                              C:/ST/STM32CubeIDE_1.16.0/STM32CubeIDE/plugins/com.st.stm32cube.ide.mcu.externaltools.gnu-tools-for-stm32.12.3.rel1.win32_1.0.200.202406191623/tools/bin/../lib/gcc/arm-none-eabi/12.3.1/../../../../arm-none-eabi/lib/thumb/v7e-m+dp/hard\libc_nano.a(libc_a-findfp.o) (_fwalk_sglue)
C:/ST/STM32CubeIDE_1.16.0/STM32CubeIDE/plugins/com.st.stm32cube.ide.mcu.externaltools.gnu-tools-for-stm32.12.3.rel1.win32_1.0.200.202406191623/tools/bin/../lib/gcc/arm-none-eabi/12.3.1/../../../../arm-none-eabi/lib/thumb/v7e-m+dp/hard\libc_nano.a(libc_a-stdio.o)
                              C:/ST/STM32CubeIDE_1.16.0/STM32CubeIDE/plugins/com.st.stm32cube.ide.mcu.externaltools.gnu-tools-for-stm32.12.3.rel1.win32_1.0.200.202406191623/tools/bin/../lib/gcc/arm-none-eabi/12.3.1/../../../../arm-none-eabi/lib/thumb/v7e-m+dp/hard\libc_nano.a(libc_a-findfp.o) (__sread)
C:/ST/STM32CubeIDE_1.16.0/STM32CubeIDE/plugins/com.st.stm32cube.ide.mcu.externaltools.gnu-tools-for-stm32.12.3.rel1.win32_1.0.200.202406191623/tools/bin/../lib/gcc/arm-none-eabi/12.3.1/../../../../arm-none-eabi/lib/thumb/v7e-m+dp/hard\libc_nano.a(libc_a-memset.o)
                              C:/ST/STM32CubeIDE_1.16.0/STM32CubeIDE/plugins/com.st.stm32cube.ide.mcu.externaltools.gnu-tools-for-stm32.12.3.rel1.win32_1.0.200.202406191623/tools/bin/../lib/gcc/arm-none-eabi/12.3.1/../../../../arm-none-eabi/lib/thumb/v7e-m+dp/hard/crt0.o (memset)
C:/ST/STM32CubeIDE_1.16.0/STM32CubeIDE/plugins/com.st.stm32cube.ide.mcu.externaltools.gnu-tools-for-stm32.12.3.rel1.win32_1.0.200.202406191623/tools/bin/../lib/gcc/arm-none-eabi/12.3.1/../../../../arm-none-eabi/lib/thumb/v7e-m+dp/hard\libc_nano.a(libc_a-closer.o)
                              C:/ST/STM32CubeIDE_1.16.0/STM32CubeIDE/plugins/com.st.stm32cube.ide.mcu.externaltools.gnu-tools-for-stm32.12.3.rel1.win32_1.0.200.202406191623/tools/bin/../lib/gcc/arm-none-eabi/12.3.1/../../../../arm-none-eabi/lib/thumb/v7e-m+dp/hard\libc_nano.a(libc_a-stdio.o) (_close_r)
C:/ST/STM32CubeIDE_1.16.0/STM32CubeIDE/plugins/com.st.stm32cube.ide.mcu.externaltools.gnu-tools-for-stm32.12.3.rel1.win32_1.0.200.202406191623/tools/bin/../lib/gcc/arm-none-eabi/12.3.1/../../../../arm-none-eabi/lib/thumb/v7e-m+dp/hard\libc_nano.a(libc_a-reent.o)
                              C:/ST/STM32CubeIDE_1.16.0/STM32CubeIDE/plugins/com.st.stm32cube.ide.mcu.externaltools.gnu-tools-for-stm32.12.3.rel1.win32_1.0.200.202406191623/tools/bin/../lib/gcc/arm-none-eabi/12.3.1/../../../../arm-none-eabi/lib/thumb/v7e-m+dp/hard\libc_nano.a(libc_a-closer.o) (errno)
C:/ST/STM32CubeIDE_1.16.0/STM32CubeIDE/plugins/com.st.stm32cube.ide.mcu.externaltools.gnu-tools-for-stm32.12.3.rel1.win32_1.0.200.202406191623/tools/bin/../lib/gcc/arm-none-eabi/12.3.1/../../../../arm-none-eabi/lib/thumb/v7e-m+dp/hard\libc_nano.a(libc_a-impure.o)
                              C:/ST/STM32CubeIDE_1.16.0/STM32CubeIDE/plugins/com.st.stm32cube.ide.mcu.externaltools.gnu-tools-for-stm32.12.3.rel1.win32_1.0.200.202406191623/tools/bin/../lib/gcc/arm-none-eabi/12.3.1/../../../../arm-none-eabi/lib/thumb/v7e-m+dp/hard\libc_nano.a(libc_a-reent.o) (_impure_ptr)
C:/ST/STM32CubeIDE_1.16.0/STM32CubeIDE/plugins/com.st.stm32cube.ide.mcu.externaltools.gnu-tools-for-stm32.12.3.rel1.win32_1.0.200.202406191623/tools/bin/../lib/gcc/arm-none-eabi/12.3.1/../../../../arm-none-eabi/lib/thumb/v7e-m+dp/hard\libc_nano.a(libc_a-lseekr.o)
[...]
Memory Configuration

Name             Origin             Length             Attributes
FLASH            0x08000000         0x00100000         xr
RAM              0x24000000         0x00020000         xrw
ITCMRAM          0x00000000         0x00010000         xrw
*default*        0x00000000         0xffffffff

Linker script and memory map

LOAD C:/ST/STM32CubeIDE_1.16.0/STM32CubeIDE/plugins/com.st.stm32cube.ide.mcu.externaltools.gnu-tools-for-stm32.12.3.rel1.win32_1.0.200.202406191623/tools/bin/../lib/gcc/arm-none-eabi/12.3.1/thumb/v7e-m+dp/hard/crti.o
LOAD C:/ST/STM32CubeIDE_1.16.0/STM32CubeIDE/plugins/com.st.stm32cube.ide.mcu.externaltools.gnu-tools-for-stm32.12.3.rel1.win32_1.0.200.202406191623/tools/bin/../lib/gcc/arm-none-eabi/12.3.1/thumb/v7e-m+dp/hard/crtbegin.o
LOAD C:/ST/STM32CubeIDE_1.16.0/STM32CubeIDE/plugins/com.st.stm32cube.ide.mcu.externaltools.gnu-tools-for-stm32.12.3.rel1.win32_1.0.200.202406191623/tools/bin/../lib/gcc/arm-none-eabi/12.3.1/../../../../arm-none-eabi/lib/thumb/v7e-m+dp/hard/crt0.o
LOAD ./Drivers/BSP/STM32H745I_Nucleo/stm32h7xx_nucleo.o
LOAD ./Drivers/CMSIS/system_stm32h7xx.o
LOAD ./Drivers/STM32H7xx_HAL_Driver/stm32h7xx_hal.o
LOAD ./Drivers/STM32H7xx_HAL_Driver/stm32h7xx_hal_adc.o
LOAD ./Drivers/STM32H7xx_HAL_Driver/stm32h7xx_hal_adc_ex.o
LOAD ./Drivers/STM32H7xx_HAL_Driver/stm32h7xx_hal_cortex.o
LOAD ./Drivers/STM32H7xx_HAL_Driver/stm32h7xx_hal_cryp.o
LOAD ./Drivers/STM32H7xx_HAL_Driver/stm32h7xx_hal_cryp_ex.o
LOAD ./Drivers/STM32H7xx_HAL_Driver/stm32h7xx_hal_dma.o
LOAD ./Drivers/STM32H7xx_HAL_Driver/stm32h7xx_hal_dma2d.o
LOAD ./Drivers/STM32H7xx_HAL_Driver/stm32h7xx_hal_dma_ex.o
LOAD ./Drivers/STM32H7xx_HAL_Driver/stm32h7xx_hal_exti.o
LOAD ./Drivers/STM32H7xx_HAL_Driver/stm32h7xx_hal_fdcan.o
LOAD ./Drivers/STM32H7xx_HAL_Driver/stm32h7xx_hal_flash.o
LOAD ./Drivers/STM32H7xx_HAL_Driver/stm32h7xx_hal_flash_ex.o
LOAD ./Drivers/STM32H7xx_HAL_Driver/stm32h7xx_hal_gpio.o
LOAD ./Drivers/STM32H7xx_HAL_Driver/stm32h7xx_hal_hsem.o
LOAD ./Drivers/STM32H7xx_HAL_Driver/stm32h7xx_hal_lptim.o
LOAD ./Drivers/STM32H7xx_HAL_Driver/stm32h7xx_hal_pwr.o
LOAD ./Drivers/STM32H7xx_HAL_Driver/stm32h7xx_hal_pwr_ex.o
LOAD ./Drivers/STM32H7xx_HAL_Driver/stm32h7xx_hal_rcc.o
LOAD ./Drivers/STM32H7xx_HAL_Driver/stm32h7xx_hal_rcc_ex.o
LOAD ./Drivers/STM32H7xx_HAL_Driver/stm32h7xx_hal_spi.o
LOAD ./Drivers/STM32H7xx_HAL_Driver/stm32h7xx_hal_spi_ex.o
LOAD ./Drivers/STM32H7xx_HAL_Driver/stm32h7xx_hal_tim.o
LOAD ./Drivers/STM32H7xx_HAL_Driver/stm32h7xx_hal_tim_ex.o
LOAD ./Drivers/STM32H7xx_HAL_Driver/stm32h7xx_hal_uart.o
LOAD ./Example/User/CM7/main.o
LOAD ./Example/User/CM7/stm32h7xx_hal_msp.o
LOAD ./Example/User/CM7/stm32h7xx_it.o
LOAD ./Example/User/CM7/syscalls.o
LOAD ./Example/User/CM7/sysmem.o
LOAD ./Example/User/Startup/startup_stm32h745zitx.o
START GROUP
LOAD C:/ST/STM32CubeIDE_1.16.0/STM32CubeIDE/plugins/com.st.stm32cube.ide.mcu.externaltools.gnu-tools-for-stm32.12.3.rel1.win32_1.0.200.202406191623/tools/bin/../lib/gcc/arm-none-eabi/12.3.1/../../../../arm-none-eabi/lib/thumb/v7e-m+dp/hard\libc_nano.a
LOAD C:/ST/STM32CubeIDE_1.16.0/STM32CubeIDE/plugins/com.st.stm32cube.ide.mcu.externaltools.gnu-tools-for-stm32.12.3.rel1.win32_1.0.200.202406191623/tools/bin/../lib/gcc/arm-none-eabi/12.3.1/../../../../arm-none-eabi/lib/thumb/v7e-m+dp/hard\libm.a
END GROUP
START GROUP
LOAD C:/ST/STM32CubeIDE_1.16.0/STM32CubeIDE/plugins/com.st.stm32cube.ide.mcu.externaltools.gnu-tools-for-stm32.12.3.rel1.win32_1.0.200.202406191623/tools/bin/../lib/gcc/arm-none-eabi/12.3.1/thumb/v7e-m+dp/hard\libgcc.a
LOAD C:/ST/STM32CubeIDE_1.16.0/STM32CubeIDE/plugins/com.st.stm32cube.ide.mcu.externaltools.gnu-tools-for-stm32.12.3.rel1.win32_1.0.200.202406191623/tools/bin/../lib/gcc/arm-none-eabi/12.3.1/../../../../arm-none-eabi/lib/thumb/v7e-m+dp/hard\libc_nano.a
END GROUP
START GROUP
LOAD C:/ST/STM32CubeIDE_1.16.0/STM32CubeIDE/plugins/com.st.stm32cube.ide.mcu.externaltools.gnu-tools-for-stm32.12.3.rel1.win32_1.0.200.202406191623/tools/bin/../lib/gcc/arm-none-eabi/12.3.1/thumb/v7e-m+dp/hard\libgcc.a
LOAD C:/ST/STM32CubeIDE_1.16.0/STM32CubeIDE/plugins/com.st.stm32cube.ide.mcu.externaltools.gnu-tools-for-stm32.12.3.rel1.win32_1.0.200.202406191623/tools/bin/../lib/gcc/arm-none-eabi/12.3.1/../../../../arm-none-eabi/lib/thumb/v7e-m+dp/hard\libc_nano.a
LOAD C:/ST/STM32CubeIDE_1.16.0/STM32CubeIDE/plugins/com.st.stm32cube.ide.mcu.externaltools.gnu-tools-for-stm32.12.3.rel1.win32_1.0.200.202406191623/tools/bin/../lib/gcc/arm-none-eabi/12.3.1/../../../../arm-none-eabi/lib/thumb/v7e-m+dp/hard\libnosys.a
END GROUP
START GROUP
LOAD C:/ST/STM32CubeIDE_1.16.0/STM32CubeIDE/plugins/com.st.stm32cube.ide.mcu.externaltools.gnu-tools-for-stm32.12.3.rel1.win32_1.0.200.202406191623/tools/bin/../lib/gcc/arm-none-eabi/12.3.1/thumb/v7e-m+dp/hard\libgcc.a
LOAD C:/ST/STM32CubeIDE_1.16.0/STM32CubeIDE/plugins/com.st.stm32cube.ide.mcu.externaltools.gnu-tools-for-stm32.12.3.rel1.win32_1.0.200.202406191623/tools/bin/../lib/gcc/arm-none-eabi/12.3.1/../../../../arm-none-eabi/lib/thumb/v7e-m+dp/hard\libc_nano.a
LOAD C:/ST/STM32CubeIDE_1.16.0/STM32CubeIDE/plugins/com.st.stm32cube.ide.mcu.externaltools.gnu-tools-for-stm32.12.3.rel1.win32_1.0.200.202406191623/tools/bin/../lib/gcc/arm-none-eabi/12.3.1/../../../../arm-none-eabi/lib/thumb/v7e-m+dp/hard\libnosys.a
END GROUP
LOAD C:/ST/STM32CubeIDE_1.16.0/STM32CubeIDE/plugins/com.st.stm32cube.ide.mcu.externaltools.gnu-tools-for-stm32.12.3.rel1.win32_1.0.200.202406191623/tools/bin/../lib/gcc/arm-none-eabi/12.3.1/thumb/v7e-m+dp/hard/crtend.o
LOAD C:/ST/STM32CubeIDE_1.16.0/STM32CubeIDE/plugins/com.st.stm32cube.ide.mcu.externaltools.gnu-tools-for-stm32.12.3.rel1.win32_1.0.200.202406191623/tools/bin/../lib/gcc/arm-none-eabi/12.3.1/thumb/v7e-m+dp/hard/crtn.o
                0x24020000                        _estack = 0x24020000
                0x00000200                        _Min_Heap_Size = 0x200
                0x00000400                        _Min_Stack_Size = 0x400

.isr_vector     0x08000000      0x298
                0x08000000                        . = ALIGN (0x4)
 *(.isr_vector)
 .isr_vector    0x08000000      0x298 ./Example/User/Startup/startup_stm32h745zitx.o
                0x08000000                g_pfnVectors
                0x08000298                        . = ALIGN (0x4)

.text           0x08000298     0x47f8
                0x08000298                        . = ALIGN (0x4)
 *(.text)
 .text          0x08000298       0x40 C:/ST/STM32CubeIDE_1.16.0/STM32CubeIDE/plugins/com.st.stm32cube.ide.mcu.externaltools.gnu-tools-for-stm32.12.3.rel1.win32_1.0.200.202406191623/tools/bin/../lib/gcc/arm-none-eabi/12.3.1/thumb/v7e-m+dp/hard/crtbegin.o
 *(.text*)
 .text.BSP_LED_Init
                0x080002d8       0xec ./Drivers/BSP/STM32H745I_Nucleo/stm32h7xx_nucleo.o
                0x080002d8                BSP_LED_Init
 .text.BSP_LED_On
                0x080003c4       0x54 ./Drivers/BSP/STM32H745I_Nucleo/stm32h7xx_nucleo.o
                0x080003c4                BSP_LED_On
 .text.BSP_LED_Off
                0x08000418       0x54 ./Drivers/BSP/STM32H745I_Nucleo/stm32h7xx_nucleo.o
                0x08000418                BSP_LED_Off
 .text.BSP_LED_Toggle
                0x0800046c       0x54 ./Drivers/BSP/STM32H745I_Nucleo/stm32h7xx_nucleo.o
                0x0800046c                BSP_LED_Toggle
 .text.SystemInit
                0x080004c0       0xec ./Drivers/CMSIS/system_stm32h7xx.o
                0x080004c0                SystemInit
 .text.HAL_Init
                0x080005ac       0x78 ./Drivers/STM32H7xx_HAL_Driver/stm32h7xx_hal.o
                0x080005ac                HAL_Init
 .text.HAL_MspInit
                0x08000624        0xe ./Drivers/STM32H7xx_HAL_Driver/stm32h7xx_hal.o
                0x08000624                HAL_MspInit
 *fill*         0x08000632        0x2 
 .text.HAL_InitTick
                0x08000634       0x6c ./Drivers/STM32H7xx_HAL_Driver/stm32h7xx_hal.o
                0x08000634                HAL_InitTick
 .text.HAL_IncTick
                0x080006a0       0x28 ./Drivers/STM32H7xx_HAL_Driver/stm32h7xx_hal.o
                0x080006a0                HAL_IncTick
 .text.HAL_GetTick
                0x080006c8       0x18 ./Drivers/STM32H7xx_HAL_Driver/stm32h7xx_hal.o
                0x080006c8                HAL_GetTick
 .text.HAL_Delay
                0x080006e0       0x48 ./Drivers/STM32H7xx_HAL_Driver/stm32h7xx_hal.o
                0x080006e0                HAL_Delay
 .text.HAL_GetREVID
                0x08000728       0x18 ./Drivers/STM32H7xx_HAL_Driver/stm32h7xx_hal.o
                0x08000728                HAL_GetREVID
 .text.HAL_EnableCompensationCell
                0x08000740       0x20 ./Drivers/STM32H7xx_HAL_Driver/stm32h7xx_hal.o
                0x08000740                HAL_EnableCompensationCell
 .text.__NVIC_SetPriorityGrouping
                0x08000760       0x48 ./Drivers/STM32H7xx_HAL_Driver/stm32h7xx_hal_cortex.o
 .text.__NVIC_GetPriorityGrouping
                0x080007a8       0x1c ./Drivers/STM32H7xx_HAL_Driver/stm32h7xx_hal_cortex.o
 .text.__NVIC_EnableIRQ
                0x080007c4       0x3c ./Drivers/STM32H7xx_HAL_Driver/stm32h7xx_hal_cortex.o
 .text.__NVIC_SetPriority
                0x08000800       0x54 ./Drivers/STM32H7xx_HAL_Driver/stm32h7xx_hal_cortex.o
 .text.NVIC_EncodePriority
                0x08000854       0x66 ./Drivers/STM32H7xx_HAL_Driver/stm32h7xx_hal_cortex.o
 *fill*         0x080008ba        0x2 
 .text.SysTick_Config
                0x080008bc       0x44 ./Drivers/STM32H7xx_HAL_Driver/stm32h7xx_hal_cortex.o
 .text.HAL_NVIC_SetPriorityGrouping
                0x08000900       0x16 ./Drivers/STM32H7xx_HAL_Driver/stm32h7xx_hal_cortex.o
                0x08000900                HAL_NVIC_SetPriorityGrouping
 .text.HAL_NVIC_SetPriority
                0x08000916       0x34 ./Drivers/STM32H7xx_HAL_Driver/stm32h7xx_hal_cortex.o
                0x08000916                HAL_NVIC_SetPriority
 .text.HAL_NVIC_EnableIRQ
                0x0800094a       0x1c ./Drivers/STM32H7xx_HAL_Driver/stm32h7xx_hal_cortex.o
                0x0800094a                HAL_NVIC_EnableIRQ
 .text.HAL_SYSTICK_Config
                0x08000966       0x18 ./Drivers/STM32H7xx_HAL_Driver/stm32h7xx_hal_cortex.o
                0x08000966                HAL_SYSTICK_Config
 *fill*         0x0800097e        0x2 
 .text.HAL_MPU_Disable
                0x08000980       0x30 ./Drivers/STM32H7xx_HAL_Driver/stm32h7xx_hal_cortex.o
                0x08000980                HAL_MPU_Disable
 .text.HAL_MPU_Enable
                0x080009b0       0x40 ./Drivers/STM32H7xx_HAL_Driver/stm32h7xx_hal_cortex.o
                0x080009b0                HAL_MPU_Enable
 .text.HAL_MPU_ConfigRegion
                0x080009f0       0x88 ./Drivers/STM32H7xx_HAL_Driver/stm32h7xx_hal_cortex.o
                0x080009f0                HAL_MPU_ConfigRegion
 .text.HAL_DMA_Abort_IT
                0x08000a78      0x48c ./Drivers/STM32H7xx_HAL_Driver/stm32h7xx_hal_dma.o
                0x08000a78                HAL_DMA_Abort_IT
 .text.HAL_DMA_IRQHandler
                0x08000f04      0xe54 ./Drivers/STM32H7xx_HAL_Driver/stm32h7xx_hal_dma.o
                0x08000f04                HAL_DMA_IRQHandler
 .text.HAL_GPIO_Init
                0x08001d58      0x360 ./Drivers/STM32H7xx_HAL_Driver/stm32h7xx_hal_gpio.o
                0x08001d58                HAL_GPIO_Init
 .text.HAL_GPIO_WritePin
                0x080020b8       0x32 ./Drivers/STM32H7xx_HAL_Driver/stm32h7xx_hal_gpio.o
                0x080020b8                HAL_GPIO_WritePin
 .text.HAL_GPIO_TogglePin
                0x080020ea       0x34 ./Drivers/STM32H7xx_HAL_Driver/stm32h7xx_hal_gpio.o
                0x080020ea                HAL_GPIO_TogglePin
 *fill*         0x0800211e        0x2 
 .text.HAL_HSEM_FastTake
                0x08002120       0x34 ./Drivers/STM32H7xx_HAL_Driver/stm32h7xx_hal_hsem.o
                0x08002120                HAL_HSEM_FastTake
 .text.HAL_HSEM_Release
                0x08002154       0x28 ./Drivers/STM32H7xx_HAL_Driver/stm32h7xx_hal_hsem.o
                0x08002154                HAL_HSEM_Release
 .text.HAL_PWREx_ConfigSupply
                0x0800217c       0xb4 ./Drivers/STM32H7xx_HAL_Driver/stm32h7xx_hal_pwr_ex.o
                0x0800217c                HAL_PWREx_ConfigSupply
 .text.HAL_RCC_OscConfig
                0x08002230      0x8b4 ./Drivers/STM32H7xx_HAL_Driver/stm32h7xx_hal_rcc.o
                0x08002230                HAL_RCC_OscConfig
 .text.HAL_RCC_ClockConfig
                0x08002ae4      0x36c ./Drivers/STM32H7xx_HAL_Driver/stm32h7xx_hal_rcc.o
                0x08002ae4                HAL_RCC_ClockConfig
 .text.HAL_RCC_GetSysClockFreq
                0x08002e50      0x2f4 ./Drivers/STM32H7xx_HAL_Driver/stm32h7xx_hal_rcc.o
                0x08002e50                HAL_RCC_GetSysClockFreq
 .text.HAL_SPI_Init
                0x08003144      0x388 ./Drivers/STM32H7xx_HAL_Driver/stm32h7xx_hal_spi.o
                0x08003144                HAL_SPI_Init
 .text.HAL_SPI_TransmitReceive_IT
                0x080034cc      0x240 ./Drivers/STM32H7xx_HAL_Driver/stm32h7xx_hal_spi.o
                0x080034cc                HAL_SPI_TransmitReceive_IT
 .text.HAL_SPI_IRQHandler
                0x0800370c      0x39c ./Drivers/STM32H7xx_HAL_Driver/stm32h7xx_hal_spi.o
                0x0800370c                HAL_SPI_IRQHandler
 .text.HAL_SPI_TxCpltCallback
                0x08003aa8       0x14 ./Drivers/STM32H7xx_HAL_Driver/stm32h7xx_hal_spi.o
                0x08003aa8                HAL_SPI_TxCpltCallback
 .text.HAL_SPI_RxCpltCallback
                0x08003abc       0x14 ./Drivers/STM32H7xx_HAL_Driver/stm32h7xx_hal_spi.o
                0x08003abc                HAL_SPI_RxCpltCallback
 .text.HAL_SPI_SuspendCallback
                0x08003ad0       0x14 ./Drivers/STM32H7xx_HAL_Driver/stm32h7xx_hal_spi.o
                0x08003ad0                HAL_SPI_SuspendCallback
 .text.SPI_DMAAbortOnError
                0x08003ae4       0x34 ./Drivers/STM32H7xx_HAL_Driver/stm32h7xx_hal_spi.o
 .text.SPI_RxISR_8BIT
                0x08003b18       0x5e ./Drivers/STM32H7xx_HAL_Driver/stm32h7xx_hal_spi.o
 .text.SPI_RxISR_16BIT
                0x08003b76       0x60 ./Drivers/STM32H7xx_HAL_Driver/stm32h7xx_hal_spi.o
 .text.SPI_RxISR_32BIT
                0x08003bd6       0x58 ./Drivers/STM32H7xx_HAL_Driver/stm32h7xx_hal_spi.o
 .text.SPI_TxISR_8BIT
                0x08003c2e       0x5a ./Drivers/STM32H7xx_HAL_Driver/stm32h7xx_hal_spi.o
 .text.SPI_TxISR_16BIT
                0x08003c88       0x5e ./Drivers/STM32H7xx_HAL_Driver/stm32h7xx_hal_spi.o
 .text.SPI_TxISR_32BIT
                0x08003ce6       0x58 ./Drivers/STM32H7xx_HAL_Driver/stm32h7xx_hal_spi.o
 *fill*         0x08003d3e        0x2 
 .text.SPI_CloseTransfer
                0x08003d40      0x174 ./Drivers/STM32H7xx_HAL_Driver/stm32h7xx_hal_spi.o
 .text.SPI_GetPacketSize
                0x08003eb4       0x36 ./Drivers/STM32H7xx_HAL_Driver/stm32h7xx_hal_spi.o
 *fill*         0x08003eea        0x2 
 .text.main     0x08003eec      0x180 ./Example/User/CM7/main.o
                0x08003eec                main
 .text.configureSPI
                0x0800406c       0xe8 ./Example/User/CM7/main.o
 .text.SystemClock_Config
                0x08004154      0x134 ./Example/User/CM7/main.o
 .text.HAL_SPI_TxRxCpltCallback
                0x08004288       0x78 ./Example/User/CM7/main.o
                0x08004288                HAL_SPI_TxRxCpltCallback
 .text.handleSPIComplete
                0x08004300       0x78 ./Example/User/CM7/main.o
 .text.HAL_SPI_ErrorCallback
                0x08004378       0x48 ./Example/User/CM7/main.o
                0x08004378                HAL_SPI_ErrorCallback
 .text.Error_Handler
                0x080043c0       0x40 ./Example/User/CM7/main.o
 .text.MPU_Config
                0x08004400       0x4c ./Example/User/CM7/main.o
 .text.prepareNextChunk
                0x0800444c      0x1c8 ./Example/User/CM7/main.o
                0x0800444c                prepareNextChunk
 .text.checkSharedMemoryFlag
                0x08004614       0xbc ./Example/User/CM7/main.o
                0x08004614                checkSharedMemoryFlag
 .text.HAL_SPI_MspInit
                0x080046d0      0x224 ./Example/User/CM7/stm32h7xx_hal_msp.o
                0x080046d0                HAL_SPI_MspInit
 .text.NMI_Handler
                0x080048f4        0xe ./Example/User/CM7/stm32h7xx_it.o
                0x080048f4                NMI_Handler
 .text.HardFault_Handler
                0x08004902        0x8 ./Example/User/CM7/stm32h7xx_it.o
                0x08004902                HardFault_Handler
 .text.MemManage_Handler
                0x0800490a        0x8 ./Example/User/CM7/stm32h7xx_it.o
                0x0800490a                MemManage_Handler
 .text.BusFault_Handler
                0x08004912        0x8 ./Example/User/CM7/stm32h7xx_it.o
                0x08004912                BusFault_Handler
 .text.UsageFault_Handler
                0x0800491a        0x8 ./Example/User/CM7/stm32h7xx_it.o
                0x0800491a                UsageFault_Handler
 .text.SVC_Handler
                0x08004922        0xe ./Example/User/CM7/stm32h7xx_it.o
                0x08004922                SVC_Handler
 .text.DebugMon_Handler
                0x08004930        0xe ./Example/User/CM7/stm32h7xx_it.o
                0x08004930                DebugMon_Handler
 .text.PendSV_Handler
                0x0800493e        0xe ./Example/User/CM7/stm32h7xx_it.o
                0x0800493e                PendSV_Handler
 .text.SysTick_Handler
                0x0800494c        0xc ./Example/User/CM7/stm32h7xx_it.o
                0x0800494c                SysTick_Handler
 .text.SPI1_IRQHandler
                0x08004958       0x14 ./Example/User/CM7/stm32h7xx_it.o
                0x08004958                SPI1_IRQHandler
 .text.SPI2_IRQHandler
                0x0800496c       0x14 ./Example/User/CM7/stm32h7xx_it.o
                0x0800496c                SPI2_IRQHandler
 .text.DMA1_Stream2_IRQHandler
                0x08004980       0x18 ./Example/User/CM7/stm32h7xx_it.o
                0x08004980                DMA1_Stream2_IRQHandler
 .text.DMA1_Stream3_IRQHandler
                0x08004998       0x18 ./Example/User/CM7/stm32h7xx_it.o
                0x08004998                DMA1_Stream3_IRQHandler
 .text.Reset_Handler
                0x080049b0       0x50 ./Example/User/Startup/startup_stm32h745zitx.o
                0x080049b0                Reset_Handler
 .text.Default_Handler
                0x08004a00        0x2 ./Example/User/Startup/startup_stm32h745zitx.o
                0x08004a00                RTC_Alarm_IRQHandler
                0x08004a00                EXTI2_IRQHandler
                0x08004a00                TIM8_CC_IRQHandler
                0x08004a00                HRTIM1_Master_IRQHandler
                0x08004a00                UART8_IRQHandler
                0x08004a00                SPI4_IRQHandler
                0x08004a00                TIM1_CC_IRQHandler
                0x08004a00                BDMA_Channel6_IRQHandler
                0x08004a00                DMA2_Stream5_IRQHandler
                0x08004a00                HRTIM1_FLT_IRQHandler
                0x08004a00                JPEG_IRQHandler
                0x08004a00                DMA1_Stream5_IRQHandler
                0x08004a00                BDMA_Channel1_IRQHandler
                0x08004a00                HRTIM1_TIMD_IRQHandler
                0x08004a00                TAMP_STAMP_IRQHandler
                0x08004a00                EXTI3_IRQHandler
                0x08004a00                LPTIM4_IRQHandler
                0x08004a00                TIM8_TRG_COM_TIM14_IRQHandler
                0x08004a00                LPTIM2_IRQHandler
                0x08004a00                DFSDM1_FLT1_IRQHandler
                0x08004a00                DMAMUX2_OVR_IRQHandler
                0x08004a00                TIM8_UP_TIM13_IRQHandler
                0x08004a00                I2C3_ER_IRQHandler
                0x08004a00                DFSDM1_FLT2_IRQHandler
                0x08004a00                MDMA_IRQHandler
                0x08004a00                LPTIM3_IRQHandler
                0x08004a00                HSEM1_IRQHandler
                0x08004a00                EXTI0_IRQHandler
                0x08004a00                I2C2_EV_IRQHandler
                0x08004a00                FPU_IRQHandler
                0x08004a00                OTG_HS_WKUP_IRQHandler
                0x08004a00                FDCAN1_IT1_IRQHandler
                0x08004a00                LTDC_ER_IRQHandler
                0x08004a00                DMA2_Stream2_IRQHandler
                0x08004a00                HRTIM1_TIME_IRQHandler
                0x08004a00                TIM6_DAC_IRQHandler
                0x08004a00                DCMI_IRQHandler
                0x08004a00                HRTIM1_TIMC_IRQHandler
                0x08004a00                DMA2_Stream3_IRQHandler
                0x08004a00                SAI2_IRQHandler
                0x08004a00                DFSDM1_FLT3_IRQHandler
                0x08004a00                USART6_IRQHandler
                0x08004a00                TIM17_IRQHandler
                0x08004a00                USART3_IRQHandler
                0x08004a00                BDMA_Channel7_IRQHandler
                0x08004a00                LPTIM5_IRQHandler
                0x08004a00                UART5_IRQHandler
                0x08004a00                ADC3_IRQHandler
                0x08004a00                DMA2_Stream0_IRQHandler
                0x08004a00                TIM4_IRQHandler
                0x08004a00                BDMA_Channel2_IRQHandler
                0x08004a00                QUADSPI_IRQHandler
                0x08004a00                I2C1_EV_IRQHandler
                0x08004a00                DMA1_Stream6_IRQHandler
                0x08004a00                DMAMUX1_OVR_IRQHandler
                0x08004a00                DMA1_Stream1_IRQHandler
                0x08004a00                TIM16_IRQHandler
                0x08004a00                UART4_IRQHandler
                0x08004a00                BDMA_Channel5_IRQHandler
                0x08004a00                TIM3_IRQHandler
                0x08004a00                RCC_IRQHandler
                0x08004a00                TIM8_BRK_TIM12_IRQHandler
                0x08004a00                TIM1_TRG_COM_IRQHandler
                0x08004a00                Default_Handler
                0x08004a00                ECC_IRQHandler
                0x08004a00                CEC_IRQHandler
                0x08004a00                EXTI15_10_IRQHandler
                0x08004a00                BDMA_Channel0_IRQHandler
                0x08004a00                ADC_IRQHandler
                0x08004a00                DMA1_Stream7_IRQHandler
                0x08004a00                HRTIM1_TIMA_IRQHandler
                0x08004a00                SPI5_IRQHandler
                0x08004a00                TIM7_IRQHandler
                0x08004a00                SDMMC1_IRQHandler
                0x08004a00                TIM5_IRQHandler
                0x08004a00                DMA2_Stream7_IRQHandler
                0x08004a00                TIM15_IRQHandler
                0x08004a00                PVD_AVD_IRQHandler
                0x08004a00                I2C3_EV_IRQHandler
                0x08004a00                EXTI9_5_IRQHandler
                0x08004a00                RTC_WKUP_IRQHandler
                0x08004a00                LTDC_IRQHandler
                0x08004a00                SAI3_IRQHandler
                0x08004a00                ETH_WKUP_IRQHandler
                0x08004a00                SPDIF_RX_IRQHandler
                0x08004a00                OTG_HS_EP1_IN_IRQHandler
                0x08004a00                DMA1_Stream0_IRQHandler
                0x08004a00                CRS_IRQHandler
                0x08004a00                CM7_SEV_IRQHandler
                0x08004a00                EXTI4_IRQHandler
                0x08004a00                RNG_IRQHandler
                0x08004a00                CM4_SEV_IRQHandler
                0x08004a00                HRTIM1_TIMB_IRQHandler
                0x08004a00                FDCAN2_IT1_IRQHandler
                0x08004a00                ETH_IRQHandler
                0x08004a00                TIM1_UP_IRQHandler
                0x08004a00                WWDG_RST_IRQHandler
                0x08004a00                BDMA_Channel4_IRQHandler
                0x08004a00                OTG_HS_EP1_OUT_IRQHandler
                0x08004a00                WWDG_IRQHandler
                0x08004a00                SPI6_IRQHandler
                0x08004a00                MDIOS_IRQHandler
                0x08004a00                I2C4_EV_IRQHandler
                0x08004a00                FDCAN2_IT0_IRQHandler
                0x08004a00                LPUART1_IRQHandler
                0x08004a00                FDCAN1_IT0_IRQHandler
                0x08004a00                TIM2_IRQHandler
                0x08004a00                OTG_FS_WKUP_IRQHandler
                0x08004a00                OTG_HS_IRQHandler
                0x08004a00                HSEM2_IRQHandler
                0x08004a00                DMA2D_IRQHandler
                0x08004a00                TIM1_BRK_IRQHandler
                0x08004a00                EXTI1_IRQHandler
                0x08004a00                SDMMC2_IRQHandler
                0x08004a00                OTG_FS_EP1_OUT_IRQHandler
                0x08004a00                BDMA_Channel3_IRQHandler
                0x08004a00                HOLD_CORE_IRQHandler
                0x08004a00                UART7_IRQHandler
                0x08004a00                MDIOS_WKUP_IRQHandler
                0x08004a00                USART2_IRQHandler
                0x08004a00                DFSDM1_FLT0_IRQHandler
                0x08004a00                SAI4_IRQHandler
                0x08004a00                I2C2_ER_IRQHandler
                0x08004a00                DMA2_Stream1_IRQHandler
                0x08004a00                FLASH_IRQHandler
                0x08004a00                DMA2_Stream4_IRQHandler
                0x08004a00                USART1_IRQHandler
                0x08004a00                OTG_FS_IRQHandler
                0x08004a00                SPI3_IRQHandler
                0x08004a00                WAKEUP_PIN_IRQHandler
                0x08004a00                DMA1_Stream4_IRQHandler
                0x08004a00                OTG_FS_EP1_IN_IRQHandler
                0x08004a00                I2C1_ER_IRQHandler
                0x08004a00                FMC_IRQHandler
                0x08004a00                FDCAN_CAL_IRQHandler
                0x08004a00                SWPMI1_IRQHandler
                0x08004a00                COMP1_IRQHandler
                0x08004a00                LPTIM1_IRQHandler
                0x08004a00                I2C4_ER_IRQHandler
                0x08004a00                DMA2_Stream6_IRQHandler
                0x08004a00                SAI1_IRQHandler
 .text.memset   0x08004a02       0x10 C:/ST/STM32CubeIDE_1.16.0/STM32CubeIDE/plugins/com.st.stm32cube.ide.mcu.externaltools.gnu-tools-for-stm32.12.3.rel1.win32_1.0.200.202406191623/tools/bin/../lib/gcc/arm-none-eabi/12.3.1/../../../../arm-none-eabi/lib/thumb/v7e-m+dp/hard\libc_nano.a(libc_a-memset.o)
                0x08004a02                memset
 *fill*         0x08004a12        0x2 
 .text.__libc_init_array
                0x08004a14       0x48 C:/ST/STM32CubeIDE_1.16.0/STM32CubeIDE/plugins/com.st.stm32cube.ide.mcu.externaltools.gnu-tools-for-stm32.12.3.rel1.win32_1.0.200.202406191623/tools/bin/../lib/gcc/arm-none-eabi/12.3.1/../../../../arm-none-eabi/lib/thumb/v7e-m+dp/hard\libc_nano.a(libc_a-init.o)
                0x08004a14                __libc_init_array
 .text.memcpy   0x08004a5c       0x1c C:/ST/STM32CubeIDE_1.16.0/STM32CubeIDE/plugins/com.st.stm32cube.ide.mcu.externaltools.gnu-tools-for-stm32.12.3.rel1.win32_1.0.200.202406191623/tools/bin/../lib/gcc/arm-none-eabi/12.3.1/../../../../arm-none-eabi/lib/thumb/v7e-m+dp/hard\libc_nano.a(libc_a-memcpy-stub.o)
                0x08004a5c                memcpy
 *(.glue_7)
 .glue_7        0x08004a78        0x0 linker stubs
 *(.glue_7t)
 .glue_7t       0x08004a78        0x0 linker stubs
 *(.eh_frame)
 .eh_frame      0x08004a78        0x0 C:/ST/STM32CubeIDE_1.16.0/STM32CubeIDE/plugins/com.st.stm32cube.ide.mcu.externaltools.gnu-tools-for-stm32.12.3.rel1.win32_1.0.200.202406191623/tools/bin/../lib/gcc/arm-none-eabi/12.3.1/thumb/v7e-m+dp/hard/crtbegin.o
 *(.init)
 .init          0x08004a78        0x4 C:/ST/STM32CubeIDE_1.16.0/STM32CubeIDE/plugins/com.st.stm32cube.ide.mcu.externaltools.gnu-tools-for-stm32.12.3.rel1.win32_1.0.200.202406191623/tools/bin/../lib/gcc/arm-none-eabi/12.3.1/thumb/v7e-m+dp/hard/crti.o
                0x08004a78                _init
 .init          0x08004a7c        0x8 C:/ST/STM32CubeIDE_1.16.0/STM32CubeIDE/plugins/com.st.stm32cube.ide.mcu.externaltools.gnu-tools-for-stm32.12.3.rel1.win32_1.0.200.202406191623/tools/bin/../lib/gcc/arm-none-eabi/12.3.1/thumb/v7e-m+dp/hard/crtn.o
 *(.fini)
 .fini          0x08004a84        0x4 C:/ST/STM32CubeIDE_1.16.0/STM32CubeIDE/plugins/com.st.stm32cube.ide.mcu.externaltools.gnu-tools-for-stm32.12.3.rel1.win32_1.0.200.202406191623/tools/bin/../lib/gcc/arm-none-eabi/12.3.1/thumb/v7e-m+dp/hard/crti.o
                0x08004a84                _fini
 .fini          0x08004a88        0x8 C:/ST/STM32CubeIDE_1.16.0/STM32CubeIDE/plugins/com.st.stm32cube.ide.mcu.externaltools.gnu-tools-for-stm32.12.3.rel1.win32_1.0.200.202406191623/tools/bin/../lib/gcc/arm-none-eabi/12.3.1/thumb/v7e-m+dp/hard/crtn.o
                0x08004a90                        . = ALIGN (0x4)
                0x08004a90                        _etext = .

.vfp11_veneer   0x08004a90        0x0
 .vfp11_veneer  0x08004a90        0x0 linker stubs

.v4_bx          0x08004a90        0x0
 .v4_bx         0x08004a90        0x0 linker stubs

.iplt           0x08004a90        0x0
 .iplt          0x08004a90        0x0 C:/ST/STM32CubeIDE_1.16.0/STM32CubeIDE/plugins/com.st.stm32cube.ide.mcu.externaltools.gnu-tools-for-stm32.12.3.rel1.win32_1.0.200.202406191623/tools/bin/../lib/gcc/arm-none-eabi/12.3.1/thumb/v7e-m+dp/hard/crtbegin.o

.rodata         0x08004a90       0x18
                0x08004a90                        . = ALIGN (0x4)
 *(.rodata)
 *(.rodata*)
 .rodata.LED_PIN
                0x08004a90        0x6 ./Drivers/BSP/STM32H745I_Nucleo/stm32h7xx_nucleo.o
 *fill*         0x08004a96        0x2 
 .rodata.D1CorePrescTable
                0x08004a98       0x10 ./Drivers/CMSIS/system_stm32h7xx.o
                0x08004a98                D1CorePrescTable
                0x08004aa8                        . = ALIGN (0x4)

.rel.dyn        0x08004aa8        0x0
 .rel.iplt      0x08004aa8        0x0 C:/ST/STM32CubeIDE_1.16.0/STM32CubeIDE/plugins/com.st.stm32cube.ide.mcu.externaltools.gnu-tools-for-stm32.12.3.rel1.win32_1.0.200.202406191623/tools/bin/../lib/gcc/arm-none-eabi/12.3.1/thumb/v7e-m+dp/hard/crtbegin.o

.ARM.extab
 *(.ARM.extab* .gnu.linkonce.armextab.*)

.ARM            0x08004aa8        0x0
                0x08004aa8                        __exidx_start = .
 *(.ARM.exidx*)
                0x08004aa8                        __exidx_end = .

.preinit_array  0x08004aa8        0x0
                0x08004aa8                        PROVIDE (__preinit_array_start = .)
 *(.preinit_array*)
                0x08004aa8                        PROVIDE (__preinit_array_end = .)

.init_array     0x08004aa8        0x4
                0x08004aa8                        PROVIDE (__init_array_start = .)
 *(SORT_BY_NAME(.init_array.*))
 *(.init_array*)
 .init_array    0x08004aa8        0x4 C:/ST/STM32CubeIDE_1.16.0/STM32CubeIDE/plugins/com.st.stm32cube.ide.mcu.externaltools.gnu-tools-for-stm32.12.3.rel1.win32_1.0.200.202406191623/tools/bin/../lib/gcc/arm-none-eabi/12.3.1/thumb/v7e-m+dp/hard/crtbegin.o
                0x08004aac                        PROVIDE (__init_array_end = .)

.fini_array     0x08004aac        0x4
                [!provide]                        PROVIDE (__fini_array_start = .)
 *(SORT_BY_NAME(.fini_array.*))
 *(.fini_array*)
 .fini_array    0x08004aac        0x4 C:/ST/STM32CubeIDE_1.16.0/STM32CubeIDE/plugins/com.st.stm32cube.ide.mcu.externaltools.gnu-tools-for-stm32.12.3.rel1.win32_1.0.200.202406191623/tools/bin/../lib/gcc/arm-none-eabi/12.3.1/thumb/v7e-m+dp/hard/crtbegin.o
                [!provide]                        PROVIDE (__fini_array_end = .)
                0x08004ab0                        _sidata = LOADADDR (.data)

.data           0x24000000       0x1c load address 0x08004ab0
                0x24000000                        . = ALIGN (0x4)
                0x24000000                        _sdata = .
 *(.data)
 *(.data*)
 .data.LED_PORT
                0x24000000        0xc ./Drivers/BSP/STM32H745I_Nucleo/stm32h7xx_nucleo.o
 .data.SystemCoreClock
                0x2400000c        0x4 ./Drivers/CMSIS/system_stm32h7xx.o
                0x2400000c                SystemCoreClock
 .data.SystemD2Clock
                0x24000010        0x4 ./Drivers/CMSIS/system_stm32h7xx.o
                0x24000010                SystemD2Clock
 .data.uwTickPrio
                0x24000014        0x4 ./Drivers/STM32H7xx_HAL_Driver/stm32h7xx_hal.o
                0x24000014                uwTickPrio
 .data.uwTickFreq
                0x24000018        0x1 ./Drivers/STM32H7xx_HAL_Driver/stm32h7xx_hal.o
                0x24000018                uwTickFreq
                0x2400001c                        . = ALIGN (0x4)
 *fill*         0x24000019        0x3 
                0x2400001c                        _edata = .

.igot.plt       0x2400001c        0x0 load address 0x08004acc
 .igot.plt      0x2400001c        0x0 C:/ST/STM32CubeIDE_1.16.0/STM32CubeIDE/plugins/com.st.stm32cube.ide.mcu.externaltools.gnu-tools-for-stm32.12.3.rel1.win32_1.0.200.202406191623/tools/bin/../lib/gcc/arm-none-eabi/12.3.1/thumb/v7e-m+dp/hard/crtbegin.o
                0x2400001c                        . = ALIGN (0x4)

.bss            0x24000020      0x200 load address 0x08004acc
                0x24000020                        _sbss = .
                0x24000020                        __bss_start__ = _sbss
 *(.bss)
 .bss           0x24000020       0x1c C:/ST/STM32CubeIDE_1.16.0/STM32CubeIDE/plugins/com.st.stm32cube.ide.mcu.externaltools.gnu-tools-for-stm32.12.3.rel1.win32_1.0.200.202406191623/tools/bin/../lib/gcc/arm-none-eabi/12.3.1/thumb/v7e-m+dp/hard/crtbegin.o
 *(.bss*)
 .bss.uwTick    0x2400003c        0x4 ./Drivers/STM32H7xx_HAL_Driver/stm32h7xx_hal.o
                0x2400003c                uwTick
 .bss.SpiHandle1
                0x24000040       0x88 ./Example/User/CM7/main.o
                0x24000040                SpiHandle1
 .bss.SpiHandle2
                0x240000c8       0x88 ./Example/User/CM7/main.o
                0x240000c8                SpiHandle2
 .bss.actualNumSequences1
                0x24000150        0x4 ./Example/User/CM7/main.o
 .bss.actualNumSequences2
                0x24000154        0x4 ./Example/User/CM7/main.o
 .bss.wTransferState1
                0x24000158        0x4 ./Example/User/CM7/main.o
                0x24000158                wTransferState1
 .bss.wTransferState2
                0x2400015c        0x4 ./Example/User/CM7/main.o
                0x2400015c                wTransferState2
 .bss.doubleBuffer1
                0x24000160       0x20 ./Example/User/CM7/main.o
                0x24000160                doubleBuffer1
 .bss.aRxBuffer1
                0x24000180       0x20 ./Example/User/CM7/main.o
                0x24000180                aRxBuffer1
 .bss.doubleBuffer2
                0x240001a0       0x38 ./Example/User/CM7/main.o
                0x240001a0                doubleBuffer2
 *fill*         0x240001d8        0x8 
 .bss.aRxBuffer2
                0x240001e0       0x20 ./Example/User/CM7/main.o
                0x240001e0                aRxBuffer2
 .bss.activeBufferHalf1
                0x24000200        0x4 ./Example/User/CM7/main.o
                0x24000200                activeBufferHalf1
 .bss.currentSequence1
                0x24000204        0x4 ./Example/User/CM7/main.o
                0x24000204                currentSequence1
 .bss.currentRepeatCount1
                0x24000208        0x4 ./Example/User/CM7/main.o
                0x24000208                currentRepeatCount1
 .bss.txIndex1  0x2400020c        0x4 ./Example/User/CM7/main.o
                0x2400020c                txIndex1
 .bss.activeBufferHalf2
                0x24000210        0x4 ./Example/User/CM7/main.o
                0x24000210                activeBufferHalf2
 .bss.currentSequence2
                0x24000214        0x4 ./Example/User/CM7/main.o
                0x24000214                currentSequence2
 .bss.currentRepeatCount2
                0x24000218        0x4 ./Example/User/CM7/main.o
                0x24000218                currentRepeatCount2
 .bss.txIndex2  0x2400021c        0x4 ./Example/User/CM7/main.o
                0x2400021c                txIndex2
 *(COMMON)
                0x24000220                        . = ALIGN (0x4)
                0x24000220                        _ebss = .
                0x24000220                        __bss_end__ = _ebss

._user_heap_stack
                0x24000220      0x600 load address 0x08004acc
                0x24000220                        . = ALIGN (0x8)
                [!provide]                        PROVIDE (end = .)
                0x24000220                        PROVIDE (_end = .)
                0x24000420                        . = (. + _Min_Heap_Size)
 *fill*         0x24000220      0x200 
                0x24000820                        . = (. + _Min_Stack_Size)
 *fill*         0x24000420      0x400 
                0x24000820                        . = ALIGN (0x8)

/DISCARD/
 libc.a(*)
 libm.a(*)
 libgcc.a(*)

.ARM.attributes
                0x00000000       0x2e
 *(.ARM.attributes)
 .ARM.attributes
                0x00000000       0x20 C:/ST/STM32CubeIDE_1.16.0/STM32CubeIDE/plugins/com.st.stm32cube.ide.mcu.externaltools.gnu-tools-for-stm32.12.3.rel1.win32_1.0.200.202406191623/tools/bin/../lib/gcc/arm-none-eabi/12.3.1/thumb/v7e-m+dp/hard/crti.o
 .ARM.attributes
                0x00000020       0x32 C:/ST/STM32CubeIDE_1.16.0/STM32CubeIDE/plugins/com.st.stm32cube.ide.mcu.externaltools.gnu-tools-for-stm32.12.3.rel1.win32_1.0.200.202406191623/tools/bin/../lib/gcc/arm-none-eabi/12.3.1/thumb/v7e-m+dp/hard/crtbegin.o
 .ARM.attributes
                0x00000052       0x32 ./Drivers/BSP/STM32H745I_Nucleo/stm32h7xx_nucleo.o
 .ARM.attributes
                0x00000084       0x32 ./Drivers/CMSIS/system_stm32h7xx.o
 .ARM.attributes
                0x000000b6       0x32 ./Drivers/STM32H7xx_HAL_Driver/stm32h7xx_hal.o
 .ARM.attributes
                0x000000e8       0x32 ./Drivers/STM32H7xx_HAL_Driver/stm32h7xx_hal_cortex.o
 .ARM.attributes
                0x0000011a       0x32 ./Drivers/STM32H7xx_HAL_Driver/stm32h7xx_hal_dma.o
 .ARM.attributes
                0x0000014c       0x32 ./Drivers/STM32H7xx_HAL_Driver/stm32h7xx_hal_gpio.o
 .ARM.attributes
                0x0000017e       0x32 ./Drivers/STM32H7xx_HAL_Driver/stm32h7xx_hal_hsem.o
 .ARM.attributes
                0x000001b0       0x32 ./Drivers/STM32H7xx_HAL_Driver/stm32h7xx_hal_pwr_ex.o
 .ARM.attributes
                0x000001e2       0x32 ./Drivers/STM32H7xx_HAL_Driver/stm32h7xx_hal_rcc.o
 .ARM.attributes
                0x00000214       0x32 ./Drivers/STM32H7xx_HAL_Driver/stm32h7xx_hal_spi.o
 .ARM.attributes
                0x00000246       0x32 ./Example/User/CM7/main.o
 .ARM.attributes
                0x00000278       0x32 ./Example/User/CM7/stm32h7xx_hal_msp.o
 .ARM.attributes
                0x000002aa       0x32 ./Example/User/CM7/stm32h7xx_it.o
 .ARM.attributes
                0x000002dc       0x21 ./Example/User/Startup/startup_stm32h745zitx.o
 .ARM.attributes
                0x000002fd       0x32 C:/ST/STM32CubeIDE_1.16.0/STM32CubeIDE/plugins/com.st.stm32cube.ide.mcu.externaltools.gnu-tools-for-stm32.12.3.rel1.win32_1.0.200.202406191623/tools/bin/../lib/gcc/arm-none-eabi/12.3.1/../../../../arm-none-eabi/lib/thumb/v7e-m+dp/hard\libc_nano.a(libc_a-memset.o)
 .ARM.attributes
                0x0000032f       0x32 C:/ST/STM32CubeIDE_1.16.0/STM32CubeIDE/plugins/com.st.stm32cube.ide.mcu.externaltools.gnu-tools-for-stm32.12.3.rel1.win32_1.0.200.202406191623/tools/bin/../lib/gcc/arm-none-eabi/12.3.1/../../../../arm-none-eabi/lib/thumb/v7e-m+dp/hard\libc_nano.a(libc_a-init.o)
 .ARM.attributes
                0x00000361       0x32 C:/ST/STM32CubeIDE_1.16.0/STM32CubeIDE/plugins/com.st.stm32cube.ide.mcu.externaltools.gnu-tools-for-stm32.12.3.rel1.win32_1.0.200.202406191623/tools/bin/../lib/gcc/arm-none-eabi/12.3.1/../../../../arm-none-eabi/lib/thumb/v7e-m+dp/hard\libc_nano.a(libc_a-memcpy-stub.o)
 .ARM.attributes
                0x00000393       0x20 C:/ST/STM32CubeIDE_1.16.0/STM32CubeIDE/plugins/com.st.stm32cube.ide.mcu.externaltools.gnu-tools-for-stm32.12.3.rel1.win32_1.0.200.202406191623/tools/bin/../lib/gcc/arm-none-eabi/12.3.1/thumb/v7e-m+dp/hard/crtn.o
OUTPUT(SPI_FullDuplex_ComDMA_CM7.elf elf32-littlearm)
LOAD linker stubs
LOAD C:/ST/STM32CubeIDE_1.16.0/STM32CubeIDE/plugins/com.st.stm32cube.ide.mcu.externaltools.gnu-tools-for-stm32.12.3.rel1.win32_1.0.200.202406191623/tools/bin/../lib/gcc/arm-none-eabi/12.3.1/../../../../arm-none-eabi/lib/thumb/v7e-m+dp/hard\libc.a
LOAD C:/ST/STM32CubeIDE_1.16.0/STM32CubeIDE/plugins/com.st.stm32cube.ide.mcu.externaltools.gnu-tools-for-stm32.12.3.rel1.win32_1.0.200.202406191623/tools/bin/../lib/gcc/arm-none-eabi/12.3.1/../../../../arm-none-eabi/lib/thumb/v7e-m+dp/hard\libm.a
LOAD C:/ST/STM32CubeIDE_1.16.0/STM32CubeIDE/plugins/com.st.stm32cube.ide.mcu.externaltools.gnu-tools-for-stm32.12.3.rel1.win32_1.0.200.202406191623/tools/bin/../lib/gcc/arm-none-eabi/12.3.1/thumb/v7e-m+dp/hard\libgcc.a

.debug_info     0x00000000     0xd9ff
 .debug_info    0x00000000     0x19f6 ./Drivers/BSP/STM32H745I_Nucleo/stm32h7xx_nucleo.o
 .debug_info    0x000019f6      0xb12 ./Drivers/CMSIS/system_stm32h7xx.o
 .debug_info    0x00002508     0x1774 ./Drivers/STM32H7xx_HAL_Driver/stm32h7xx_hal.o
 .debug_info    0x00003c7c     0x107e ./Drivers/STM32H7xx_HAL_Driver/stm32h7xx_hal_cortex.o
 .debug_info    0x00004cfa      0xc39 ./Drivers/STM32H7xx_HAL_Driver/stm32h7xx_hal_dma.o
 .debug_info    0x00005933      0xcf7 ./Drivers/STM32H7xx_HAL_Driver/stm32h7xx_hal_gpio.o
 .debug_info    0x0000662a      0x3d3 ./Drivers/STM32H7xx_HAL_Driver/stm32h7xx_hal_hsem.o
 .debug_info    0x000069fd     0x121b ./Drivers/STM32H7xx_HAL_Driver/stm32h7xx_hal_pwr_ex.o
 .debug_info    0x00007c18      0xe58 ./Drivers/STM32H7xx_HAL_Driver/stm32h7xx_hal_rcc.o
 .debug_info    0x00008a70     0x147c ./Drivers/STM32H7xx_HAL_Driver/stm32h7xx_hal_spi.o
 .debug_info    0x00009eec     0x20e0 ./Example/User/CM7/main.o
 .debug_info    0x0000bfcc     0x117a ./Example/User/CM7/stm32h7xx_hal_msp.o
 .debug_info    0x0000d146      0x889 ./Example/User/CM7/stm32h7xx_it.o
 .debug_info    0x0000d9cf       0x30 ./Example/User/Startup/startup_stm32h745zitx.o

.debug_abbrev   0x00000000     0x2063
 .debug_abbrev  0x00000000      0x323 ./Drivers/BSP/STM32H745I_Nucleo/stm32h7xx_nucleo.o
 .debug_abbrev  0x00000323      0x139 ./Drivers/CMSIS/system_stm32h7xx.o
 .debug_abbrev  0x0000045c      0x295 ./Drivers/STM32H7xx_HAL_Driver/stm32h7xx_hal.o
 .debug_abbrev  0x000006f1      0x339 ./Drivers/STM32H7xx_HAL_Driver/stm32h7xx_hal_cortex.o
 .debug_abbrev  0x00000a2a      0x248 ./Drivers/STM32H7xx_HAL_Driver/stm32h7xx_hal_dma.o
 .debug_abbrev  0x00000c72      0x1fe ./Drivers/STM32H7xx_HAL_Driver/stm32h7xx_hal_gpio.o
 .debug_abbrev  0x00000e70      0x1d3 ./Drivers/STM32H7xx_HAL_Driver/stm32h7xx_hal_hsem.o
 .debug_abbrev  0x00001043      0x2d7 ./Drivers/STM32H7xx_HAL_Driver/stm32h7xx_hal_pwr_ex.o
 .debug_abbrev  0x0000131a      0x2c8 ./Drivers/STM32H7xx_HAL_Driver/stm32h7xx_hal_rcc.o
 .debug_abbrev  0x000015e2      0x2b1 ./Drivers/STM32H7xx_HAL_Driver/stm32h7xx_hal_spi.o
 .debug_abbrev  0x00001893      0x432 ./Example/User/CM7/main.o
 .debug_abbrev  0x00001cc5      0x1e3 ./Example/User/CM7/stm32h7xx_hal_msp.o
 .debug_abbrev  0x00001ea8      0x197 ./Example/User/CM7/stm32h7xx_it.o
 .debug_abbrev  0x0000203f       0x24 ./Example/User/Startup/startup_stm32h745zitx.o

.debug_aranges  0x00000000      0xa38
 .debug_aranges
                0x00000000       0xa8 ./Drivers/BSP/STM32H745I_Nucleo/stm32h7xx_nucleo.o
 .debug_aranges
                0x000000a8       0x28 ./Drivers/CMSIS/system_stm32h7xx.o
 .debug_aranges
                0x000000d0      0x200 ./Drivers/STM32H7xx_HAL_Driver/stm32h7xx_hal.o
 .debug_aranges
                0x000002d0      0x120 ./Drivers/STM32H7xx_HAL_Driver/stm32h7xx_hal_cortex.o
 .debug_aranges
                0x000003f0       0xa0 ./Drivers/STM32H7xx_HAL_Driver/stm32h7xx_hal_dma.o
 .debug_aranges
                0x00000490       0x58 ./Drivers/STM32H7xx_HAL_Driver/stm32h7xx_hal_gpio.o
 .debug_aranges
                0x000004e8       0x70 ./Drivers/STM32H7xx_HAL_Driver/stm32h7xx_hal_hsem.o
 .debug_aranges
                0x00000558      0x170 ./Drivers/STM32H7xx_HAL_Driver/stm32h7xx_hal_pwr_ex.o
 .debug_aranges
                0x000006c8       0x88 ./Drivers/STM32H7xx_HAL_Driver/stm32h7xx_hal_rcc.o
 .debug_aranges
                0x00000750      0x1a8 ./Drivers/STM32H7xx_HAL_Driver/stm32h7xx_hal_spi.o
 .debug_aranges
                0x000008f8       0x70 ./Example/User/CM7/main.o
 .debug_aranges
                0x00000968       0x28 ./Example/User/CM7/stm32h7xx_hal_msp.o
 .debug_aranges
                0x00000990       0x80 ./Example/User/CM7/stm32h7xx_it.o
 .debug_aranges
                0x00000a10       0x28 ./Example/User/Startup/startup_stm32h745zitx.o

.debug_rnglists
                0x00000000      0x7a6
 .debug_rnglists
                0x00000000       0x7c ./Drivers/BSP/STM32H745I_Nucleo/stm32h7xx_nucleo.o
 .debug_rnglists
                0x0000007c       0x1b ./Drivers/CMSIS/system_stm32h7xx.o
 .debug_rnglists
                0x00000097      0x180 ./Drivers/STM32H7xx_HAL_Driver/stm32h7xx_hal.o
 .debug_rnglists
                0x00000217       0xd4 ./Drivers/STM32H7xx_HAL_Driver/stm32h7xx_hal_cortex.o
 .debug_rnglists
                0x000002eb       0x82 ./Drivers/STM32H7xx_HAL_Driver/stm32h7xx_hal_dma.o
 .debug_rnglists
                0x0000036d       0x3f ./Drivers/STM32H7xx_HAL_Driver/stm32h7xx_hal_gpio.o
 .debug_rnglists
                0x000003ac       0x4f ./Drivers/STM32H7xx_HAL_Driver/stm32h7xx_hal_hsem.o
 .debug_rnglists
                0x000003fb      0x117 ./Drivers/STM32H7xx_HAL_Driver/stm32h7xx_hal_pwr_ex.o
 .debug_rnglists
                0x00000512       0x68 ./Drivers/STM32H7xx_HAL_Driver/stm32h7xx_hal_rcc.o
 .debug_rnglists
                0x0000057a      0x148 ./Drivers/STM32H7xx_HAL_Driver/stm32h7xx_hal_spi.o
 .debug_rnglists
                0x000006c2       0x55 ./Example/User/CM7/main.o
 .debug_rnglists
                0x00000717       0x1b ./Example/User/CM7/stm32h7xx_hal_msp.o
 .debug_rnglists
                0x00000732       0x5b ./Example/User/CM7/stm32h7xx_it.o
 .debug_rnglists
                0x0000078d       0x19 ./Example/User/Startup/startup_stm32h745zitx.o

.debug_macro    0x00000000    0x3dca6
 .debug_macro   0x00000000      0x369 ./Drivers/BSP/STM32H745I_Nucleo/stm32h7xx_nucleo.o
 .debug_macro   0x00000369      0xad8 ./Drivers/BSP/STM32H745I_Nucleo/stm32h7xx_nucleo.o
 .debug_macro   0x00000e41      0x109 ./Drivers/BSP/STM32H745I_Nucleo/stm32h7xx_nucleo.o
 .debug_macro   0x00000f4a       0x2e ./Drivers/BSP/STM32H745I_Nucleo/stm32h7xx_nucleo.o
 .debug_macro   0x00000f78       0x49 ./Drivers/BSP/STM32H745I_Nucleo/stm32h7xx_nucleo.o
 .debug_macro   0x00000fc1       0x22 ./Drivers/BSP/STM32H745I_Nucleo/stm32h7xx_nucleo.o
 .debug_macro   0x00000fe3       0x8e ./Drivers/BSP/STM32H745I_Nucleo/stm32h7xx_nucleo.o
 .debug_macro   0x00001071       0x51 ./Drivers/BSP/STM32H745I_Nucleo/stm32h7xx_nucleo.o
 .debug_macro   0x000010c2      0x103 ./Drivers/BSP/STM32H745I_Nucleo/stm32h7xx_nucleo.o
 .debug_macro   0x000011c5       0x6a ./Drivers/BSP/STM32H745I_Nucleo/stm32h7xx_nucleo.o
 .debug_macro   0x0000122f      0x1df ./Drivers/BSP/STM32H745I_Nucleo/stm32h7xx_nucleo.o
 .debug_macro   0x0000140e       0x1c ./Drivers/BSP/STM32H745I_Nucleo/stm32h7xx_nucleo.o
 .debug_macro   0x0000142a       0x22 ./Drivers/BSP/STM32H745I_Nucleo/stm32h7xx_nucleo.o
 .debug_macro   0x0000144c       0xfb ./Drivers/BSP/STM32H745I_Nucleo/stm32h7xx_nucleo.o
 .debug_macro   0x00001547     0x1305 ./Drivers/BSP/STM32H745I_Nucleo/stm32h7xx_nucleo.o
 .debug_macro   0x0000284c      0x11f ./Drivers/BSP/STM32H745I_Nucleo/stm32h7xx_nucleo.o
 .debug_macro   0x0000296b       0x27 ./Drivers/BSP/STM32H745I_Nucleo/stm32h7xx_nucleo.o
 .debug_macro   0x00002992    0x26d4a ./Drivers/BSP/STM32H745I_Nucleo/stm32h7xx_nucleo.o
 .debug_macro   0x000296dc       0x6d ./Drivers/BSP/STM32H745I_Nucleo/stm32h7xx_nucleo.o
 .debug_macro   0x00029749     0x3d5d ./Drivers/BSP/STM32H745I_Nucleo/stm32h7xx_nucleo.o
 .debug_macro   0x0002d4a6      0x189 ./Drivers/BSP/STM32H745I_Nucleo/stm32h7xx_nucleo.o
 .debug_macro   0x0002d62f       0x61 ./Drivers/BSP/STM32H745I_Nucleo/stm32h7xx_nucleo.o
 .debug_macro   0x0002d690       0x29 ./Drivers/BSP/STM32H745I_Nucleo/stm32h7xx_nucleo.o
 .debug_macro   0x0002d6b9       0x43 ./Drivers/BSP/STM32H745I_Nucleo/stm32h7xx_nucleo.o
 .debug_macro   0x0002d6fc       0x34 ./Drivers/BSP/STM32H745I_Nucleo/stm32h7xx_nucleo.o
 .debug_macro   0x0002d730       0x16 ./Drivers/BSP/STM32H745I_Nucleo/stm32h7xx_nucleo.o
 .debug_macro   0x0002d746       0x43 ./Drivers/BSP/STM32H745I_Nucleo/stm32h7xx_nucleo.o
 .debug_macro   0x0002d789       0x34 ./Drivers/BSP/STM32H745I_Nucleo/stm32h7xx_nucleo.o
 .debug_macro   0x0002d7bd       0x10 ./Drivers/BSP/STM32H745I_Nucleo/stm32h7xx_nucleo.o
 .debug_macro   0x0002d7cd       0x58 ./Drivers/BSP/STM32H745I_Nucleo/stm32h7xx_nucleo.o
 .debug_macro   0x0002d825       0x8e ./Drivers/BSP/STM32H745I_Nucleo/stm32h7xx_nucleo.o
 .debug_macro   0x0002d8b3       0x1c ./Drivers/BSP/STM32H745I_Nucleo/stm32h7xx_nucleo.o
 .debug_macro   0x0002d8cf      0x177 ./Drivers/BSP/STM32H745I_Nucleo/stm32h7xx_nucleo.o
 .debug_macro   0x0002da46      0x369 ./Drivers/BSP/STM32H745I_Nucleo/stm32h7xx_nucleo.o
 .debug_macro   0x0002ddaf      0x19b ./Drivers/BSP/STM32H745I_Nucleo/stm32h7xx_nucleo.o
 .debug_macro   0x0002df4a       0x5d ./Drivers/BSP/STM32H745I_Nucleo/stm32h7xx_nucleo.o
 .debug_macro   0x0002dfa7     0x3a9d ./Drivers/BSP/STM32H745I_Nucleo/stm32h7xx_nucleo.o
 .debug_macro   0x00031a44     0x1072 ./Drivers/BSP/STM32H745I_Nucleo/stm32h7xx_nucleo.o
 .debug_macro   0x00032ab6      0x154 ./Drivers/BSP/STM32H745I_Nucleo/stm32h7xx_nucleo.o
 .debug_macro   0x00032c0a      0x130 ./Drivers/BSP/STM32H745I_Nucleo/stm32h7xx_nucleo.o
 .debug_macro   0x00032d3a      0x3be ./Drivers/BSP/STM32H745I_Nucleo/stm32h7xx_nucleo.o
 .debug_macro   0x000330f8       0xac ./Drivers/BSP/STM32H745I_Nucleo/stm32h7xx_nucleo.o
 .debug_macro   0x000331a4      0x72d ./Drivers/BSP/STM32H745I_Nucleo/stm32h7xx_nucleo.o
 .debug_macro   0x000338d1      0x228 ./Drivers/BSP/STM32H745I_Nucleo/stm32h7xx_nucleo.o
 .debug_macro   0x00033af9       0x66 ./Drivers/BSP/STM32H745I_Nucleo/stm32h7xx_nucleo.o
 .debug_macro   0x00033b5f      0x3bb ./Drivers/BSP/STM32H745I_Nucleo/stm32h7xx_nucleo.o
 .debug_macro   0x00033f1a      0x28d ./Drivers/BSP/STM32H745I_Nucleo/stm32h7xx_nucleo.o
 .debug_macro   0x000341a7      0x407 ./Drivers/BSP/STM32H745I_Nucleo/stm32h7xx_nucleo.o
 .debug_macro   0x000345ae      0x27c ./Drivers/BSP/STM32H745I_Nucleo/stm32h7xx_nucleo.o
 .debug_macro   0x0003482a     0x1044 ./Drivers/BSP/STM32H745I_Nucleo/stm32h7xx_nucleo.o
 .debug_macro   0x0003586e      0x6cc ./Drivers/BSP/STM32H745I_Nucleo/stm32h7xx_nucleo.o
 .debug_macro   0x00035f3a      0x36e ./Drivers/BSP/STM32H745I_Nucleo/stm32h7xx_nucleo.o
 .debug_macro   0x000362a8      0xe42 ./Drivers/BSP/STM32H745I_Nucleo/stm32h7xx_nucleo.o
 .debug_macro   0x000370ea      0x3ca ./Drivers/BSP/STM32H745I_Nucleo/stm32h7xx_nucleo.o
 .debug_macro   0x000374b4      0x4a2 ./Drivers/BSP/STM32H745I_Nucleo/stm32h7xx_nucleo.o
 .debug_macro   0x00037956       0x51 ./Drivers/BSP/STM32H745I_Nucleo/stm32h7xx_nucleo.o
 .debug_macro   0x000379a7       0x4a ./Drivers/BSP/STM32H745I_Nucleo/stm32h7xx_nucleo.o
 .debug_macro   0x000379f1      0x22c ./Drivers/BSP/STM32H745I_Nucleo/stm32h7xx_nucleo.o
 .debug_macro   0x00037c1d       0x67 ./Drivers/BSP/STM32H745I_Nucleo/stm32h7xx_nucleo.o
 .debug_macro   0x00037c84       0xa5 ./Drivers/BSP/STM32H745I_Nucleo/stm32h7xx_nucleo.o
 .debug_macro   0x00037d29      0x198 ./Drivers/BSP/STM32H745I_Nucleo/stm32h7xx_nucleo.o
 .debug_macro   0x00037ec1       0xd6 ./Drivers/BSP/STM32H745I_Nucleo/stm32h7xx_nucleo.o
 .debug_macro   0x00037f97      0x218 ./Drivers/BSP/STM32H745I_Nucleo/stm32h7xx_nucleo.o
 .debug_macro   0x000381af      0x2ea ./Drivers/BSP/STM32H745I_Nucleo/stm32h7xx_nucleo.o
 .debug_macro   0x00038499       0x35 ./Drivers/BSP/STM32H745I_Nucleo/stm32h7xx_nucleo.o
 .debug_macro   0x000384ce      0x512 ./Drivers/BSP/STM32H745I_Nucleo/stm32h7xx_nucleo.o
 .debug_macro   0x000389e0      0x5e4 ./Drivers/BSP/STM32H745I_Nucleo/stm32h7xx_nucleo.o
 .debug_macro   0x00038fc4       0xba ./Drivers/BSP/STM32H745I_Nucleo/stm32h7xx_nucleo.o
 .debug_macro   0x0003907e      0xaf3 ./Drivers/BSP/STM32H745I_Nucleo/stm32h7xx_nucleo.o
 .debug_macro   0x00039b71      0x29f ./Drivers/BSP/STM32H745I_Nucleo/stm32h7xx_nucleo.o
 .debug_macro   0x00039e10      0x693 ./Drivers/BSP/STM32H745I_Nucleo/stm32h7xx_nucleo.o
 .debug_macro   0x0003a4a3       0xa6 ./Drivers/BSP/STM32H745I_Nucleo/stm32h7xx_nucleo.o
 .debug_macro   0x0003a549      0x359 ./Drivers/BSP/STM32H745I_Nucleo/stm32h7xx_nucleo.o
 .debug_macro   0x0003a8a2       0xb9 ./Drivers/BSP/STM32H745I_Nucleo/stm32h7xx_nucleo.o
 .debug_macro   0x0003a95b      0x798 ./Drivers/BSP/STM32H745I_Nucleo/stm32h7xx_nucleo.o
 .debug_macro   0x0003b0f3       0x2e ./Drivers/BSP/STM32H745I_Nucleo/stm32h7xx_nucleo.o
 .debug_macro   0x0003b121       0x52 ./Drivers/BSP/STM32H745I_Nucleo/stm32h7xx_nucleo.o
 .debug_macro   0x0003b173      0x137 ./Drivers/BSP/STM32H745I_Nucleo/stm32h7xx_nucleo.o
 .debug_macro   0x0003b2aa      0x348 ./Drivers/CMSIS/system_stm32h7xx.o
 .debug_macro   0x0003b5f2      0x36c ./Drivers/STM32H7xx_HAL_Driver/stm32h7xx_hal.o
 .debug_macro   0x0003b95e      0x342 ./Drivers/STM32H7xx_HAL_Driver/stm32h7xx_hal_cortex.o
 .debug_macro   0x0003bca0      0x396 ./Drivers/STM32H7xx_HAL_Driver/stm32h7xx_hal_dma.o
 .debug_macro   0x0003c036      0x356 ./Drivers/STM32H7xx_HAL_Driver/stm32h7xx_hal_gpio.o
 .debug_macro   0x0003c38c      0x354 ./Drivers/STM32H7xx_HAL_Driver/stm32h7xx_hal_hsem.o
 .debug_macro   0x0003c6e0      0x37b ./Drivers/STM32H7xx_HAL_Driver/stm32h7xx_hal_pwr_ex.o
 .debug_macro   0x0003ca5b      0x366 ./Drivers/STM32H7xx_HAL_Driver/stm32h7xx_hal_rcc.o
 .debug_macro   0x0003cdc1      0x351 ./Drivers/STM32H7xx_HAL_Driver/stm32h7xx_hal_spi.o
 .debug_macro   0x0003d112      0x3c6 ./Example/User/CM7/main.o
 .debug_macro   0x0003d4d8       0x34 ./Example/User/CM7/main.o
 .debug_macro   0x0003d50c       0xac ./Example/User/CM7/main.o
 .debug_macro   0x0003d5b8      0x372 ./Example/User/CM7/stm32h7xx_hal_msp.o
 .debug_macro   0x0003d92a      0x37c ./Example/User/CM7/stm32h7xx_it.o

.debug_line     0x00000000     0xf8ad
 .debug_line    0x00000000      0xe8c ./Drivers/BSP/STM32H745I_Nucleo/stm32h7xx_nucleo.o
 .debug_line    0x00000e8c      0xcaa ./Drivers/CMSIS/system_stm32h7xx.o
 .debug_line    0x00001b36     0x11d3 ./Drivers/STM32H7xx_HAL_Driver/stm32h7xx_hal.o
 .debug_line    0x00002d09     0x1085 ./Drivers/STM32H7xx_HAL_Driver/stm32h7xx_hal_cortex.o
 .debug_line    0x00003d8e     0x29d7 ./Drivers/STM32H7xx_HAL_Driver/stm32h7xx_hal_dma.o
 .debug_line    0x00006765      0xf4c ./Drivers/STM32H7xx_HAL_Driver/stm32h7xx_hal_gpio.o
 .debug_line    0x000076b1      0xc3c ./Drivers/STM32H7xx_HAL_Driver/stm32h7xx_hal_hsem.o
 .debug_line    0x000082ed     0x129e ./Drivers/STM32H7xx_HAL_Driver/stm32h7xx_hal_pwr_ex.o
 .debug_line    0x0000958b     0x1644 ./Drivers/STM32H7xx_HAL_Driver/stm32h7xx_hal_rcc.o
 .debug_line    0x0000abcf     0x229c ./Drivers/STM32H7xx_HAL_Driver/stm32h7xx_hal_spi.o
 .debug_line    0x0000ce6b     0x10dc ./Example/User/CM7/main.o
 .debug_line    0x0000df47      0xc3c ./Example/User/CM7/stm32h7xx_hal_msp.o
 .debug_line    0x0000eb83      0xcb0 ./Example/User/CM7/stm32h7xx_it.o
 .debug_line    0x0000f833       0x7a ./Example/User/Startup/startup_stm32h745zitx.o

.debug_str      0x00000000   0x1aa601
 .debug_str     0x00000000   0x1a68af ./Drivers/BSP/STM32H745I_Nucleo/stm32h7xx_nucleo.o
                             0x1a7076 (size before relaxing)
 .debug_str     0x001a68af      0x2f8 ./Drivers/CMSIS/system_stm32h7xx.o
                             0x1a56b4 (size before relaxing)
 .debug_str     0x001a6ba7      0xa37 ./Drivers/STM32H7xx_HAL_Driver/stm32h7xx_hal.o
                             0x1a6855 (size before relaxing)
 .debug_str     0x001a75de      0x367 ./Drivers/STM32H7xx_HAL_Driver/stm32h7xx_hal_cortex.o
                             0x1a6084 (size before relaxing)
 .debug_str     0x001a7945      0x8e6 ./Drivers/STM32H7xx_HAL_Driver/stm32h7xx_hal_dma.o
                             0x1a5e65 (size before relaxing)
 .debug_str     0x001a822b      0x142 ./Drivers/STM32H7xx_HAL_Driver/stm32h7xx_hal_gpio.o
                             0x1a5756 (size before relaxing)
 .debug_str     0x001a836d      0x24e ./Drivers/STM32H7xx_HAL_Driver/stm32h7xx_hal_hsem.o
                             0x1a53e1 (size before relaxing)
 .debug_str     0x001a85bb      0x71b ./Drivers/STM32H7xx_HAL_Driver/stm32h7xx_hal_pwr_ex.o
                             0x1a5c61 (size before relaxing)
 .debug_str     0x001a8cd6      0x55b ./Drivers/STM32H7xx_HAL_Driver/stm32h7xx_hal_rcc.o
                             0x1a5ad7 (size before relaxing)
 .debug_str     0x001a9231      0x7ed ./Drivers/STM32H7xx_HAL_Driver/stm32h7xx_hal_spi.o
                             0x1a5dcf (size before relaxing)
 .debug_str     0x001a9a1e      0x99a ./Example/User/CM7/main.o
                             0x1a7a0e (size before relaxing)
 .debug_str     0x001aa3b8       0xb0 ./Example/User/CM7/stm32h7xx_hal_msp.o
                             0x1a7037 (size before relaxing)
 .debug_str     0x001aa468      0x14d ./Example/User/CM7/stm32h7xx_it.o
                             0x1a6609 (size before relaxing)
 .debug_str     0x001aa5b5       0x4c ./Example/User/Startup/startup_stm32h745zitx.o
                                 0xe7 (size before relaxing)

.comment        0x00000000       0x43
 .comment       0x00000000       0x43 ./Drivers/BSP/STM32H745I_Nucleo/stm32h7xx_nucleo.o
                                 0x44 (size before relaxing)
 .comment       0x00000043       0x44 ./Drivers/CMSIS/system_stm32h7xx.o
 .comment       0x00000043       0x44 ./Drivers/STM32H7xx_HAL_Driver/stm32h7xx_hal.o
 .comment       0x00000043       0x44 ./Drivers/STM32H7xx_HAL_Driver/stm32h7xx_hal_cortex.o
 .comment       0x00000043       0x44 ./Drivers/STM32H7xx_HAL_Driver/stm32h7xx_hal_dma.o
 .comment       0x00000043       0x44 ./Drivers/STM32H7xx_HAL_Driver/stm32h7xx_hal_gpio.o
 .comment       0x00000043       0x44 ./Drivers/STM32H7xx_HAL_Driver/stm32h7xx_hal_hsem.o
 .comment       0x00000043       0x44 ./Drivers/STM32H7xx_HAL_Driver/stm32h7xx_hal_pwr_ex.o
 .comment       0x00000043       0x44 ./Drivers/STM32H7xx_HAL_Driver/stm32h7xx_hal_rcc.o
 .comment       0x00000043       0x44 ./Drivers/STM32H7xx_HAL_Driver/stm32h7xx_hal_spi.o
 .comment       0x00000043       0x44 ./Example/User/CM7/main.o
 .comment       0x00000043       0x44 ./Example/User/CM7/stm32h7xx_hal_msp.o
 .comment       0x00000043       0x44 ./Example/User/CM7/stm32h7xx_it.o

.debug_frame    0x00000000     0x2914
 .debug_frame   0x00000000      0x290 ./Drivers/BSP/STM32H745I_Nucleo/stm32h7xx_nucleo.o
 .debug_frame   0x00000290       0x58 ./Drivers/CMSIS/system_stm32h7xx.o
 .debug_frame   0x000002e8      0x848 ./Drivers/STM32H7xx_HAL_Driver/stm32h7xx_hal.o
 .debug_frame   0x00000b30      0x4b8 ./Drivers/STM32H7xx_HAL_Driver/stm32h7xx_hal_cortex.o
 .debug_frame   0x00000fe8      0x2b4 ./Drivers/STM32H7xx_HAL_Driver/stm32h7xx_hal_dma.o
 .debug_frame   0x0000129c      0x14c ./Drivers/STM32H7xx_HAL_Driver/stm32h7xx_hal_gpio.o
 .debug_frame   0x000013e8      0x1bc ./Drivers/STM32H7xx_HAL_Driver/stm32h7xx_hal_hsem.o
 .debug_frame   0x000015a4      0x5ec ./Drivers/STM32H7xx_HAL_Driver/stm32h7xx_hal_pwr_ex.o
 .debug_frame   0x00001b90      0x1f8 ./Drivers/STM32H7xx_HAL_Driver/stm32h7xx_hal_rcc.o
 .debug_frame   0x00001d88      0x7a8 ./Drivers/STM32H7xx_HAL_Driver/stm32h7xx_hal_spi.o
 .debug_frame   0x00002530      0x198 ./Example/User/CM7/main.o
 .debug_frame   0x000026c8       0x5c ./Example/User/CM7/stm32h7xx_hal_msp.o
 .debug_frame   0x00002724      0x17c ./Example/User/CM7/stm32h7xx_it.o
 .debug_frame   0x000028a0       0x20 C:/ST/STM32CubeIDE_1.16.0/STM32CubeIDE/plugins/com.st.stm32cube.ide.mcu.externaltools.gnu-tools-for-stm32.12.3.rel1.win32_1.0.200.202406191623/tools/bin/../lib/gcc/arm-none-eabi/12.3.1/../../../../arm-none-eabi/lib/thumb/v7e-m+dp/hard\libc_nano.a(libc_a-memset.o)
 .debug_frame   0x000028c0       0x2c C:/ST/STM32CubeIDE_1.16.0/STM32CubeIDE/plugins/com.st.stm32cube.ide.mcu.externaltools.gnu-tools-for-stm32.12.3.rel1.win32_1.0.200.202406191623/tools/bin/../lib/gcc/arm-none-eabi/12.3.1/../../../../arm-none-eabi/lib/thumb/v7e-m+dp/hard\libc_nano.a(libc_a-init.o)
 .debug_frame   0x000028ec       0x28 C:/ST/STM32CubeIDE_1.16.0/STM32CubeIDE/plugins/com.st.stm32cube.ide.mcu.externaltools.gnu-tools-for-stm32.12.3.rel1.win32_1.0.200.202406191623/tools/bin/../lib/gcc/arm-none-eabi/12.3.1/../../../../arm-none-eabi/lib/thumb/v7e-m+dp/hard\libc_nano.a(libc_a-memcpy-stub.o)

.debug_line_str
                0x00000000       0xcb
 .debug_line_str
                0x00000000       0xcb ./Example/User/Startup/startup_stm32h745zitx.o
