D:/STM32CubeIDE Workstation/SPI_FullDuplex_ComDMA/STM32Cube_FW_H7_V1.11.0/Projects/NUCLEO-H745ZI-Q/Examples/SPI/SPI_FullDuplex_ComDMA/CM4/Src/main.c:179:5:main	24	static
D:/STM32CubeIDE Workstation/SPI_FullDuplex_ComDMA/STM32Cube_FW_H7_V1.11.0/Projects/NUCLEO-H745ZI-Q/Examples/SPI/SPI_FullDuplex_ComDMA/CM4/Src/main.c:241:13:Error_Handler	8	static
D:/STM32CubeIDE Workstation/SPI_FullDuplex_ComDMA/STM32Cube_FW_H7_V1.11.0/Projects/NUCLEO-H745ZI-Q/Examples/SPI/SPI_FullDuplex_ComDMA/CM4/Src/main.c:264:6:HAL_HSEM_FreeCallback	16	static
D:/STM32CubeIDE Workstation/SPI_FullDuplex_ComDMA/STM32Cube_FW_H7_V1.11.0/Projects/NUCLEO-H745ZI-Q/Examples/SPI/SPI_FullDuplex_ComDMA/CM4/Src/main.c:269:13:FDCAN_Config	40	static
D:/STM32CubeIDE Workstation/SPI_FullDuplex_ComDMA/STM32Cube_FW_H7_V1.11.0/Projects/NUCLEO-H745ZI-Q/Examples/SPI/SPI_FullDuplex_ComDMA/CM4/Src/main.c:334:13:ProcessMainData	32	static
D:/STM32CubeIDE Workstation/SPI_FullDuplex_ComDMA/STM32Cube_FW_H7_V1.11.0/Projects/NUCLEO-H745ZI-Q/Examples/SPI/SPI_FullDuplex_ComDMA/CM4/Src/main.c:412:13:ProcessLastTwoRows	32	static
D:/STM32CubeIDE Workstation/SPI_FullDuplex_ComDMA/STM32Cube_FW_H7_V1.11.0/Projects/NUCLEO-H745ZI-Q/Examples/SPI/SPI_FullDuplex_ComDMA/CM4/Src/main.c:454:13:CheckAndResetModifications	24	static
D:/STM32CubeIDE Workstation/SPI_FullDuplex_ComDMA/STM32Cube_FW_H7_V1.11.0/Projects/NUCLEO-H745ZI-Q/Examples/SPI/SPI_FullDuplex_ComDMA/CM4/Src/main.c:473:13:PollCANMessages	64	static
D:/STM32CubeIDE Workstation/SPI_FullDuplex_ComDMA/STM32Cube_FW_H7_V1.11.0/Projects/NUCLEO-H745ZI-Q/Examples/SPI/SPI_FullDuplex_ComDMA/CM4/Src/main.c:534:26:SendCANAcknowledgment	64	static
D:/STM32CubeIDE Workstation/SPI_FullDuplex_ComDMA/STM32Cube_FW_H7_V1.11.0/Projects/NUCLEO-H745ZI-Q/Examples/SPI/SPI_FullDuplex_ComDMA/CM4/Src/main.c:554:17:BufferCmp8b	24	static
D:/STM32CubeIDE Workstation/SPI_FullDuplex_ComDMA/STM32Cube_FW_H7_V1.11.0/Projects/NUCLEO-H745ZI-Q/Examples/SPI/SPI_FullDuplex_ComDMA/CM4/Src/main.c:569:17:PerformCANTransmission	56	static
D:/STM32CubeIDE Workstation/SPI_FullDuplex_ComDMA/STM32Cube_FW_H7_V1.11.0/Projects/NUCLEO-H745ZI-Q/Examples/SPI/SPI_FullDuplex_ComDMA/CM4/Src/main.c:601:26:SaveModifiedDataToFlash	56	static
D:/STM32CubeIDE Workstation/SPI_FullDuplex_ComDMA/STM32Cube_FW_H7_V1.11.0/Projects/NUCLEO-H745ZI-Q/Examples/SPI/SPI_FullDuplex_ComDMA/CM4/Src/main.c:675:13:LoadDataFromFlash	16	static
